Initialized native services in: /opt/gradle/.gradle/native
Initialized jansi services in: /opt/gradle/.gradle/native
Found daemon DaemonInfo{pid=354, address=[0e6855f1-7c55-4755-8aba-113f554b3a53 port:61269, addresses:[/127.0.0.1]], state=Idle, lastBusy=1780638594964, context=DefaultDaemonContext[uid=73cca856-b98c-444c-a11a-abdf3f60394f,javaHome=/usr/lib/jvm/temurin-21-jdk-amd64,javaVersion=21,javaVendor=Eclipse Adoptium,daemonRegistryDir=/opt/gradle/.gradle/daemon,pid=354,idleTimeout=10800000,priority=NORMAL,applyInstrumentationAgent=true,nativeServicesMode=ENABLED,daemonOpts=-XX:MaxMetaspaceSize=384m,-XX:+HeapDumpOnOutOfMemoryError,-Xms256m,-Xmx512m,-Dfile.encoding=UTF-8,-Duser.country=US,-Duser.language=en,-Duser.variant]} however its context does not match the desired criteria.
At least one daemon option is different.
Wanted: DaemonRequestContext{jvmCriteria=/usr/lib/jvm/temurin-21-jdk-amd64 (no Daemon JVM specified, using current Java home), daemonOpts=[-XX:MaxMetaspaceSize=512m, -Xmx3072m, -Dfile.encoding=UTF-8, -Duser.country=US, -Duser.language=en, -Duser.variant], applyInstrumentationAgent=true, nativeServicesMode=ENABLED, priority=NORMAL}
Actual: DefaultDaemonContext[uid=73cca856-b98c-444c-a11a-abdf3f60394f,javaHome=/usr/lib/jvm/temurin-21-jdk-amd64,javaVersion=21,javaVendor=Eclipse Adoptium,daemonRegistryDir=/opt/gradle/.gradle/daemon,pid=354,idleTimeout=10800000,priority=NORMAL,applyInstrumentationAgent=true,nativeServicesMode=ENABLED,daemonOpts=-XX:MaxMetaspaceSize=384m,-XX:+HeapDumpOnOutOfMemoryError,-Xms256m,-Xmx512m,-Dfile.encoding=UTF-8,-Duser.country=US,-Duser.language=en,-Duser.variant]

  Looking for a different daemon...
The client will now receive all logging from the daemon (pid: 597). The daemon log file: /opt/gradle/.gradle/daemon/9.3.1/daemon-597.out.log
Starting 7th build in daemon [uptime: 43 mins 52.757 secs, performance: 100%, GC rate: 0.00/s, heap usage: 0% of 3 GiB, non-heap usage: 29% of 512 MiB]
Using 4 worker leases.
Operational build model parameters: {requiresToolingModels=false, parallelProjectExecution=false, configureOnDemand=false, configurationCache=false, configurationCacheParallelStore=false, configurationCacheParallelLoad=true, isolatedProjects=false, parallelProjectConfiguration=false, intermediateModelCache=false, parallelToolingApiActions=false, invalidateCoupledProjects=false, modelAsProjectDependency=false, resilientModelBuilding=false}
Watching the file system is configured to be enabled if available
Unable to list file systems to check whether they can be watched. Disabling watching. Reason: Could not query file systems: could not open mount file (errno 2: No such file or directory)
File system watching is inactive
Starting Build
Settings evaluated using settings file '/app/applet/settings.gradle.kts'.
Projects loaded. Root project using build file '/app/applet/build.gradle.kts'.
Included projects: [root project 'NHAI Auth', project ':app']

> Configure project :
Evaluating root project 'NHAI Auth' using build file '/app/applet/build.gradle.kts'.
Resolved plugin [id: 'com.android.application', version: '8.8.0', apply: false]
Resolved plugin [id: 'org.jetbrains.kotlin.android', version: '2.1.0', apply: false]
Resolved plugin [id: 'org.jetbrains.kotlin.plugin.compose', version: '2.1.0', apply: false]
Resolved plugin [id: 'com.google.devtools.ksp', version: '2.1.0-1.0.29', apply: false]
Resolved plugin [id: 'org.jetbrains.kotlin.plugin.serialization', version: '2.1.0', apply: false]

> Configure project :app
Evaluating project ':app' using build file '/app/applet/app/build.gradle.kts'.
Resolved plugin [id: 'com.android.application', version: '8.8.0']
Resolved plugin [id: 'org.jetbrains.kotlin.android', version: '2.1.0']
Resolved plugin [id: 'org.jetbrains.kotlin.plugin.compose', version: '2.1.0']
Resolved plugin [id: 'com.google.devtools.ksp', version: '2.1.0-1.0.29']
Resolved plugin [id: 'org.jetbrains.kotlin.plugin.serialization', version: '2.1.0']
Using default execution profile
Using Kotlin Gradle Plugin gradle85 variant
Detected Android Gradle Plugin compose compiler configuration
Detected Android Gradle Plugin compose compiler configuration
Detected Android Gradle Plugin compose compiler configuration
Detected Android Gradle Plugin compose compiler configuration
Detected Android Gradle Plugin compose compiler configuration
All projects evaluated.
Task path ':app:testDebugUnitTest' matched project ':app'
Task name matched 'testDebugUnitTest'
Selected primary task 'testDebugUnitTest' from project :app
Tasks to be executed: [task ':app:checkKotlinGradlePluginConfigurationErrors', task ':app:preBuild', task ':app:preDebugBuild', task ':app:checkDebugAarMetadata', task ':app:generateDebugResValues', task ':app:mapDebugSourceSetPaths', task ':app:generateDebugResources', task ':app:mergeDebugResources', task ':app:packageDebugResources', task ':app:parseDebugLocalResources', task ':app:createDebugCompatibleScreenManifests', task ':app:extractDeepLinksDebug', task ':app:processDebugMainManifest', task ':app:processDebugManifest', task ':app:processDebugManifestForPackage', task ':app:processDebugResources', task ':app:kspDebugKotlin', task ':app:compileDebugKotlin', task ':app:javaPreCompileDebug', task ':app:compileDebugJavaWithJavac', task ':app:bundleDebugClassesToRuntimeJar', task ':app:bundleDebugClassesToCompileJar', task ':app:kspDebugUnitTestKotlin', task ':app:compileDebugUnitTestKotlin', task ':app:preDebugUnitTestBuild', task ':app:javaPreCompileDebugUnitTest', task ':app:compileDebugUnitTestJavaWithJavac', task ':app:processDebugJavaRes', task ':app:processDebugUnitTestJavaRes', task ':app:testDebugUnitTest']
Tasks that were excluded: []
Resolve mutations for :app:checkKotlinGradlePluginConfigurationErrors (Thread[#428,Execution worker,5,main]) started.
:app:checkKotlinGradlePluginConfigurationErrors (Thread[#429,Execution worker Thread 2,5,main]) started.

> Task :app:checkKotlinGradlePluginConfigurationErrors SKIPPED
Skipping task ':app:checkKotlinGradlePluginConfigurationErrors' as task onlyIf 'errorDiagnostics are present' is false.
Resolve mutations for :app:preBuild (Thread[#429,Execution worker Thread 2,5,main]) started.
:app:preBuild (Thread[#429,Execution worker Thread 2,5,main]) started.

> Task :app:preBuild UP-TO-DATE
Skipping task ':app:preBuild' as it has no actions.
Resolve mutations for :app:preDebugBuild (Thread[#429,Execution worker Thread 2,5,main]) started.
:app:preDebugBuild (Thread[#429,Execution worker Thread 2,5,main]) started.

> Task :app:preDebugBuild UP-TO-DATE
Skipping task ':app:preDebugBuild' as it has no actions.
Resolve mutations for :app:checkDebugAarMetadata (Thread[#429,Execution worker Thread 2,5,main]) started.
:app:checkDebugAarMetadata (Thread[#429,Execution worker Thread 2,5,main]) started.
Resolve mutations for :app:generateDebugResValues (Thread[#428,Execution worker,5,main]) started.
:app:generateDebugResValues (Thread[#428,Execution worker,5,main]) started.

> Task :app:generateDebugResValues
Caching disabled for task ':app:generateDebugResValues' because:
  Build cache is disabled
Task ':app:generateDebugResValues' is not up-to-date because:
  Executed with '--rerun-tasks'.
Resolve mutations for :app:mapDebugSourceSetPaths (Thread[#428,Execution worker,5,main]) started.
:app:mapDebugSourceSetPaths (Thread[#427,included builds,5,main]) started.

> Task :app:checkDebugAarMetadata
Caching disabled for task ':app:checkDebugAarMetadata' because:
  Build cache is disabled
  Caching has been disabled for the task
Task ':app:checkDebugAarMetadata' is not up-to-date because:
  Executed with '--rerun-tasks'.

> Task :app:mapDebugSourceSetPaths
Caching disabled for task ':app:mapDebugSourceSetPaths' because:
  Build cache is disabled
  Caching has been disabled for the task
Task ':app:mapDebugSourceSetPaths' is not up-to-date because:
  Executed with '--rerun-tasks'.
Resolve mutations for :app:generateDebugResources (Thread[#427,included builds,5,main]) started.
:app:generateDebugResources (Thread[#427,included builds,5,main]) started.

> Task :app:generateDebugResources
Caching disabled for task ':app:generateDebugResources' because:
  Build cache is disabled
Task ':app:generateDebugResources' is not up-to-date because:
  Executed with '--rerun-tasks'.
Resolve mutations for :app:mergeDebugResources (Thread[#427,included builds,5,main]) started.
:app:mergeDebugResources (Thread[#427,included builds,5,main]) started.
Resolve mutations for :app:packageDebugResources (Thread[#429,Execution worker Thread 2,5,main]) started.
:app:packageDebugResources (Thread[#429,Execution worker Thread 2,5,main]) started.

> Task :app:packageDebugResources
Caching disabled for task ':app:packageDebugResources' because:
  Build cache is disabled
Task ':app:packageDebugResources' is not up-to-date because:
  Executed with '--rerun-tasks'.
The input changes require a full rebuild for incremental task ':app:packageDebugResources'.
[MergeResources] Inputs are non-incremental full task action.
Resolve mutations for :app:parseDebugLocalResources (Thread[#429,Execution worker Thread 2,5,main]) started.
:app:parseDebugLocalResources (Thread[#429,Execution worker Thread 2,5,main]) started.
Resolve mutations for :app:createDebugCompatibleScreenManifests (Thread[#430,Execution worker Thread 3,5,main]) started.
:app:createDebugCompatibleScreenManifests (Thread[#430,Execution worker Thread 3,5,main]) started.

> Task :app:createDebugCompatibleScreenManifests
Caching disabled for task ':app:createDebugCompatibleScreenManifests' because:
  Build cache is disabled
  Caching has been disabled for the task
Task ':app:createDebugCompatibleScreenManifests' is not up-to-date because:
  Executed with '--rerun-tasks'.
Resolve mutations for :app:extractDeepLinksDebug (Thread[#430,Execution worker Thread 3,5,main]) started.
:app:extractDeepLinksDebug (Thread[#430,Execution worker Thread 3,5,main]) started.

> Task :app:extractDeepLinksDebug
Caching disabled for task ':app:extractDeepLinksDebug' because:
  Build cache is disabled
Task ':app:extractDeepLinksDebug' is not up-to-date because:
  Executed with '--rerun-tasks'.
Resolve mutations for :app:processDebugMainManifest (Thread[#430,Execution worker Thread 3,5,main]) started.
:app:processDebugMainManifest (Thread[#430,Execution worker Thread 3,5,main]) started.

> Task :app:parseDebugLocalResources
Caching disabled for task ':app:parseDebugLocalResources' because:
  Build cache is disabled
Task ':app:parseDebugLocalResources' is not up-to-date because:
  Executed with '--rerun-tasks'.
The input changes require a full rebuild for incremental task ':app:parseDebugLocalResources'.

> Task :app:processDebugMainManifest
Caching disabled for task ':app:processDebugMainManifest' because:
  Build cache is disabled
Task ':app:processDebugMainManifest' is not up-to-date because:
  Executed with '--rerun-tasks'.
Loading library manifest /opt/gradle/.gradle/caches/9.3.1/transforms/cfba001c1090bf3b0f1ff461e1ca9083/transformed/navigation-common-2.8.6/AndroidManifest.xml
Loading library manifest /opt/gradle/.gradle/caches/9.3.1/transforms/cb2eff5dd8d049b6e77aeb9e14e54b30/transformed/navigation-runtime-2.8.6/AndroidManifest.xml
Loading library manifest /opt/gradle/.gradle/caches/9.3.1/transforms/6ce6b69e1fcce1ec05b64c2457586e69/transformed/navigation-common-ktx-2.8.6/AndroidManifest.xml
Loading library manifest /opt/gradle/.gradle/caches/9.3.1/transforms/14067a9364d5c1db1ea5ce236788b5f9/transformed/navigation-runtime-ktx-2.8.6/AndroidManifest.xml
Loading library manifest /opt/gradle/.gradle/caches/9.3.1/transforms/8b332c21aa24fa93bbf4bf84ac123724/transformed/navigation-compose-2.8.6/AndroidManifest.xml
Loading library manifest /opt/gradle/.gradle/caches/9.3.1/transforms/c1413968d3e62df6bfa29a6f524cf2a9/transformed/material3-release/AndroidManifest.xml
Loading library manifest /opt/gradle/.gradle/caches/9.3.1/transforms/71a65d5946cda8d2581f0a6003aa3140/transformed/material-release/AndroidManifest.xml
Loading library manifest /opt/gradle/.gradle/caches/9.3.1/transforms/35304c52019252b8bfd4b2653e87c12e/transformed/material-ripple-release/AndroidManifest.xml
Loading library manifest /opt/gradle/.gradle/caches/9.3.1/transforms/d54635c460f2b00a5fa3d20976504a9f/transformed/foundation-release/AndroidManifest.xml
Loading library manifest /opt/gradle/.gradle/caches/9.3.1/transforms/4b32c536aebd6d65f922f749d2300197/transformed/foundation-layout-release/AndroidManifest.xml
Loading library manifest /opt/gradle/.gradle/caches/9.3.1/transforms/cbaa4f213e734accc6eb46c9b87b24d6/transformed/animation-core-release/AndroidManifest.xml
Loading library manifest /opt/gradle/.gradle/caches/9.3.1/transforms/2867fc708891f916cfb1ac5515a09a8c/transformed/animation-release/AndroidManifest.xml
Loading library manifest /opt/gradle/.gradle/caches/9.3.1/transforms/f435d091e3fea69711f05dafd155f12e/transformed/ui-tooling-data-release/AndroidManifest.xml
Loading library manifest /opt/gradle/.gradle/caches/9.3.1/transforms/dd300fe65be90819d9d4a703a4c89cfe/transformed/ui-unit-release/AndroidManifest.xml
Loading library manifest /opt/gradle/.gradle/caches/9.3.1/transforms/3e943f7bed414e28acdb809ffa5ec1fb/transformed/ui-geometry-release/AndroidManifest.xml
Loading library manifest /opt/gradle/.gradle/caches/9.3.1/transforms/76e233bfdee369a6e9522adf873f441a/transformed/ui-util-release/AndroidManifest.xml
Loading library manifest /opt/gradle/.gradle/caches/9.3.1/transforms/29cb02d30f1086b34aebd2823669fb1e/transformed/ui-text-release/AndroidManifest.xml
Loading library manifest /opt/gradle/.gradle/caches/9.3.1/transforms/cae744c59f9fd362d0dbdab4a77ae4e2/transformed/ui-tooling-preview-release/AndroidManifest.xml
Loading library manifest /opt/gradle/.gradle/caches/9.3.1/transforms/2656ec1173b9d586977acc27625fa4f6/transformed/ui-tooling-release/AndroidManifest.xml
Loading library manifest /opt/gradle/.gradle/caches/9.3.1/transforms/3ef2b3df1f8d4c53e62b448f70deb2ff/transformed/ui-graphics-release/AndroidManifest.xml
Loading library manifest /opt/gradle/.gradle/caches/9.3.1/transforms/0ac576fea87c944ea7c7da1266c3e7f2/transformed/camera-video-1.4.1/AndroidManifest.xml
Loading library manifest /opt/gradle/.gradle/caches/9.3.1/transforms/96bb6106006167bcd943ec6cd5f1ba12/transformed/camera-view-1.4.1/AndroidManifest.xml
Loading library manifest /opt/gradle/.gradle/caches/9.3.1/transforms/21e69343add6a8570b7e35a453f54be8/transformed/camera-lifecycle-1.4.1/AndroidManifest.xml
Loading library manifest /opt/gradle/.gradle/caches/9.3.1/transforms/f038e5d1e7c116fbcff7d9261720400b/transformed/camera-camera2-1.4.1/AndroidManifest.xml
Loading library manifest /opt/gradle/.gradle/caches/9.3.1/transforms/9f6e9e86f0d59aa27113229fd312f676/transformed/camera-core-1.4.1/AndroidManifest.xml
Loading library manifest /opt/gradle/.gradle/caches/9.3.1/transforms/334ef02e850ad4be241bff276a04d43b/transformed/work-runtime-ktx-2.10.0/AndroidManifest.xml
Loading library manifest /opt/gradle/.gradle/caches/9.3.1/transforms/d72c9be495438d892104a6baca8def2c/transformed/work-runtime-2.10.0/AndroidManifest.xml
Loading library manifest /opt/gradle/.gradle/caches/9.3.1/transforms/db9815c621bec979713b0f61ea753d6d/transformed/biometric-1.1.0/AndroidManifest.xml
Loading library manifest /opt/gradle/.gradle/caches/9.3.1/transforms/d129cccff7b8be298bbc089510e9f66e/transformed/face-detection-16.1.7/AndroidManifest.xml
Loading library manifest /opt/gradle/.gradle/caches/9.3.1/transforms/dffed1caa670307983ef5ae65467ece6/transformed/play-services-mlkit-face-detection-17.1.0/AndroidManifest.xml
Loading library manifest /opt/gradle/.gradle/caches/9.3.1/transforms/14edad1fdc5f968ec2eb2cb605627304/transformed/vision-common-17.2.0/AndroidManifest.xml
Loading library manifest /opt/gradle/.gradle/caches/9.3.1/transforms/e0e4120f8e98f38efe29dd398701e4a4/transformed/common-18.11.0/AndroidManifest.xml
Loading library manifest /opt/gradle/.gradle/caches/9.3.1/transforms/3a6c62cb2c20347628679dc261845e41/transformed/play-services-base-18.5.0/AndroidManifest.xml
Loading library manifest /opt/gradle/.gradle/caches/9.3.1/transforms/c98894093dc29395a8748dc38b2aba7b/transformed/vision-interfaces-16.1.0/AndroidManifest.xml
Loading library manifest /opt/gradle/.gradle/caches/9.3.1/transforms/d8c33c6f405f76ab2ca2d2055b3eb5de/transformed/play-services-tasks-18.2.0/AndroidManifest.xml
Loading library manifest /opt/gradle/.gradle/caches/9.3.1/transforms/652f5041af5e53833de1ed10c0a6ff41/transformed/play-services-basement-18.4.0/AndroidManifest.xml
Loading library manifest /opt/gradle/.gradle/caches/9.3.1/transforms/848a13635a25ad91cf302645e98cc17a/transformed/appcompat-resources-1.6.1/AndroidManifest.xml
Loading library manifest /opt/gradle/.gradle/caches/9.3.1/transforms/7335bfe1fc14572edd038a85443784af/transformed/appcompat-1.6.1/AndroidManifest.xml
Loading library manifest /opt/gradle/.gradle/caches/9.3.1/transforms/0e99e6ef21751ce50406b5caf638e2d5/transformed/autofill-1.0.0/AndroidManifest.xml
Loading library manifest /opt/gradle/.gradle/caches/9.3.1/transforms/0ccacb7b265049ade6f25be0e72dd085/transformed/graphics-path-1.0.1/AndroidManifest.xml
Loading library manifest /opt/gradle/.gradle/caches/9.3.1/transforms/fd282129700ba137ce58ce40ed68d011/transformed/fragment-1.3.6/AndroidManifest.xml
Loading library manifest /opt/gradle/.gradle/caches/9.3.1/transforms/4c0d772827d4ae5e90ff241b1851b229/transformed/drawerlayout-1.0.0/AndroidManifest.xml
Loading library manifest /opt/gradle/.gradle/caches/9.3.1/transforms/d13c750d163e12dc2332108dc4e31633/transformed/viewpager-1.0.0/AndroidManifest.xml
Loading library manifest /opt/gradle/.gradle/caches/9.3.1/transforms/63ebf3c38d535eca13380f1914c17e9a/transformed/loader-1.0.0/AndroidManifest.xml
Loading library manifest /opt/gradle/.gradle/caches/9.3.1/transforms/9c67e73acb7122b060226f1806e0bde2/transformed/vectordrawable-animated-1.1.0/AndroidManifest.xml
Loading library manifest /opt/gradle/.gradle/caches/9.3.1/transforms/fa74b67558102b5b5b6a2fedbdd59eac/transformed/vectordrawable-1.1.0/AndroidManifest.xml
Loading library manifest /opt/gradle/.gradle/caches/9.3.1/transforms/94acad258bf2f2fa2349acd2c67d5b7f/transformed/customview-1.0.0/AndroidManifest.xml
Loading library manifest /opt/gradle/.gradle/caches/9.3.1/transforms/bbd5a62d8ab1801572c3c20e1b650bf2/transformed/emoji2-views-helper-1.3.0/AndroidManifest.xml
Loading library manifest /opt/gradle/.gradle/caches/9.3.1/transforms/68a50fed734ede7b93d7686f5732d3eb/transformed/emoji2-1.3.0/AndroidManifest.xml
Loading library manifest /opt/gradle/.gradle/caches/9.3.1/transforms/dfd28ea1ba4f09a953f2145f760f8373/transformed/core-1.15.0/AndroidManifest.xml
Loading library manifest /opt/gradle/.gradle/caches/9.3.1/transforms/d7fdaa8053130226f990833e099f8545/transformed/savedstate-ktx-1.2.1/AndroidManifest.xml
Loading library manifest /opt/gradle/.gradle/caches/9.3.1/transforms/d639e5eec4e017d12266141a64b93f98/transformed/savedstate-1.2.1/AndroidManifest.xml
Loading library manifest /opt/gradle/.gradle/caches/9.3.1/transforms/b4bf82e62b29dcddde19fcb913dfcf00/transformed/lifecycle-runtime-compose-release/AndroidManifest.xml
Loading library manifest /opt/gradle/.gradle/caches/9.3.1/transforms/9c8f760344c9f126a35c1b26dd907714/transformed/lifecycle-process-2.8.7/AndroidManifest.xml
Loading library manifest /opt/gradle/.gradle/caches/9.3.1/transforms/bec7f0cce5a285c4cd65bd632647aa2b/transformed/lifecycle-viewmodel-2.8.7/AndroidManifest.xml
Loading library manifest /opt/gradle/.gradle/caches/9.3.1/transforms/8942efdab06e3a97cc115dd904118621/transformed/lifecycle-viewmodel-release/AndroidManifest.xml
Loading library manifest /opt/gradle/.gradle/caches/9.3.1/transforms/464a2092c1cbf2600ec88a91f6cfb3bc/transformed/lifecycle-livedata-core-ktx-2.8.7/AndroidManifest.xml
Loading library manifest /opt/gradle/.gradle/caches/9.3.1/transforms/aefcda6c8556cb834d5e6ab30dfa8f3b/transformed/lifecycle-runtime-release/AndroidManifest.xml
Loading library manifest /opt/gradle/.gradle/caches/9.3.1/transforms/d058df0cbc664e2472da35f571e2c4f2/transformed/lifecycle-service-2.8.7/AndroidManifest.xml
Loading library manifest /opt/gradle/.gradle/caches/9.3.1/transforms/d19f0fc89d8e7234b8a5feaef9ec2153/transformed/lifecycle-viewmodel-savedstate-2.8.7/AndroidManifest.xml
Loading library manifest /opt/gradle/.gradle/caches/9.3.1/transforms/287c289aad7447f18fcb67f5cc691e72/transformed/lifecycle-viewmodel-ktx-2.8.7/AndroidManifest.xml
Loading library manifest /opt/gradle/.gradle/caches/9.3.1/transforms/f55aead0b91686d62f82e552aecf372c/transformed/lifecycle-livedata-core-2.8.7/AndroidManifest.xml
Loading library manifest /opt/gradle/.gradle/caches/9.3.1/transforms/c3ed01a85576d78a5630e2a09262f24d/transformed/lifecycle-livedata-2.8.7/AndroidManifest.xml
Loading library manifest /opt/gradle/.gradle/caches/9.3.1/transforms/fe7064822851010a674edcf0b9506cf8/transformed/lifecycle-runtime-ktx-release/AndroidManifest.xml
Loading library manifest /opt/gradle/.gradle/caches/9.3.1/transforms/182942c855f725d1cfb2c9fda42815ad/transformed/lifecycle-viewmodel-compose-release/AndroidManifest.xml
Loading library manifest /opt/gradle/.gradle/caches/9.3.1/transforms/8c3b5e25397c360170936ec6dc6ca6b8/transformed/material-icons-core-release/AndroidManifest.xml
Loading library manifest /opt/gradle/.gradle/caches/9.3.1/transforms/a21498426ab6b262bc2e88ab3ce788cb/transformed/ui-release/AndroidManifest.xml
Loading library manifest /opt/gradle/.gradle/caches/9.3.1/transforms/065bc42160da05e3e553900dd9656ee8/transformed/ui-test-manifest-1.7.7/AndroidManifest.xml
Loading library manifest /opt/gradle/.gradle/caches/9.3.1/transforms/70616132c5410d2ab830e7e4af57606e/transformed/activity-1.10.0/AndroidManifest.xml
Loading library manifest /opt/gradle/.gradle/caches/9.3.1/transforms/5e010ed8ad68415635e351989b9ce5c8/transformed/activity-ktx-1.10.0/AndroidManifest.xml
Loading library manifest /opt/gradle/.gradle/caches/9.3.1/transforms/72adcbd069e7f8cbfe138f37aa141bcf/transformed/activity-compose-1.10.0/AndroidManifest.xml
Loading library manifest /opt/gradle/.gradle/caches/9.3.1/transforms/d3492d8ac35535ff632ae8141ff0ad69/transformed/customview-poolingcontainer-1.0.0/AndroidManifest.xml
Loading library manifest /opt/gradle/.gradle/caches/9.3.1/transforms/8b0a1e8bdddcfd4eaa414c63a5b2aa14/transformed/core-ktx-1.15.0/AndroidManifest.xml
Loading library manifest /opt/gradle/.gradle/caches/9.3.1/transforms/fa8feabc88e3ee1814fbc86da2037fc3/transformed/room-runtime-2.6.1/AndroidManifest.xml
Loading library manifest /opt/gradle/.gradle/caches/9.3.1/transforms/5b1bd4617ed888640525790f0b236ea4/transformed/room-ktx-2.6.1/AndroidManifest.xml
Loading library manifest /opt/gradle/.gradle/caches/9.3.1/transforms/e07db293197af857923e9fa0ed561bd8/transformed/android-database-sqlcipher-4.5.4/AndroidManifest.xml
Loading library manifest /opt/gradle/.gradle/caches/9.3.1/transforms/a82572026af915ffc3de9127ac656b58/transformed/sqlite-framework-2.4.0/AndroidManifest.xml
Loading library manifest /opt/gradle/.gradle/caches/9.3.1/transforms/f7bfaea0502db393a0d3d1b6ff7e8f2e/transformed/sqlite-2.4.0/AndroidManifest.xml
Loading library manifest /opt/gradle/.gradle/caches/9.3.1/transforms/68cefa3663e76bf409e204a13d7176af/transformed/sqlite-ktx-2.4.0/AndroidManifest.xml
Loading library manifest /opt/gradle/.gradle/caches/9.3.1/transforms/f80be17bf894007c8d5c1ab2e25ef9ea/transformed/runtime-saveable-release/AndroidManifest.xml
Loading library manifest /opt/gradle/.gradle/caches/9.3.1/transforms/734cad9dad7234adb7963c6339e50789/transformed/runtime-release/AndroidManifest.xml
Loading library manifest /opt/gradle/.gradle/caches/9.3.1/transforms/e0934ced7e0eba7eeae05cdcf7ad199c/transformed/annotation-experimental-1.4.1/AndroidManifest.xml
Loading library manifest /opt/gradle/.gradle/caches/9.3.1/transforms/0295322d57176204e24702999db54072/transformed/profileinstaller-1.4.0/AndroidManifest.xml
Loading library manifest /opt/gradle/.gradle/caches/9.3.1/transforms/686474768942b15060a167c711f322c4/transformed/startup-runtime-1.1.1/AndroidManifest.xml
Loading library manifest /opt/gradle/.gradle/caches/9.3.1/transforms/ee092f46adfa1e16fb1df0196d57c81e/transformed/tracing-1.2.0/AndroidManifest.xml
Loading library manifest /opt/gradle/.gradle/caches/9.3.1/transforms/cbc8b6d4762442a59cec40ea5a8c0dfd/transformed/tracing-ktx-1.2.0/AndroidManifest.xml
Loading library manifest /opt/gradle/.gradle/caches/9.3.1/transforms/0ae11b95d50070ab3e9d80bfed88d2be/transformed/security-crypto-1.1.0-alpha06/AndroidManifest.xml
Loading library manifest /opt/gradle/.gradle/caches/9.3.1/transforms/63e89092a08f937a4fba8f4a2d23e40d/transformed/core-runtime-2.2.0/AndroidManifest.xml
Loading library manifest /opt/gradle/.gradle/caches/9.3.1/transforms/e88df147d948cdc17576f9400d5c7c8f/transformed/exifinterface-1.3.2/AndroidManifest.xml
Loading library manifest /opt/gradle/.gradle/caches/9.3.1/transforms/e681e4b045b4293a375f1b7cacbf53dd/transformed/transport-backend-cct-2.3.3/AndroidManifest.xml
Loading library manifest /opt/gradle/.gradle/caches/9.3.1/transforms/011d15371430177958ad1e663dbe05a5/transformed/transport-runtime-2.2.6/AndroidManifest.xml
Loading library manifest /opt/gradle/.gradle/caches/9.3.1/transforms/13e11118d10f1e6bf51ea8068a1a842b/transformed/transport-api-2.2.1/AndroidManifest.xml
Loading library manifest /opt/gradle/.gradle/caches/9.3.1/transforms/f75d44d83b5554be235d327714d2dc10/transformed/firebase-components-16.1.0/AndroidManifest.xml
Loading library manifest /opt/gradle/.gradle/caches/9.3.1/transforms/d6d7ecb6e93eab0f79e5b24b006ff897/transformed/firebase-encoders-json-17.1.0/AndroidManifest.xml
Loading library manifest /opt/gradle/.gradle/caches/9.3.1/transforms/55fefdcf8a04699088d26bd960c84a2d/transformed/interpolator-1.0.0/AndroidManifest.xml
Loading library manifest /opt/gradle/.gradle/caches/9.3.1/transforms/a3ac6dc25c5a5cf869f07ccdea146095/transformed/versionedparcelable-1.1.1/AndroidManifest.xml
Loading library manifest /opt/gradle/.gradle/caches/9.3.1/transforms/ae5af4558dfa7d2a50ff601ff8d100af/transformed/cursoradapter-1.0.0/AndroidManifest.xml
Loading library manifest /opt/gradle/.gradle/caches/9.3.1/transforms/140fb80a8e5c5bf37349176a5f669951/transformed/tensorflow-lite-support-0.4.4/AndroidManifest.xml
Loading library manifest /opt/gradle/.gradle/caches/9.3.1/transforms/d815c646971396ef2dc34d47c13b2e27/transformed/tensorflow-lite-2.16.1/AndroidManifest.xml
Loading library manifest /opt/gradle/.gradle/caches/9.3.1/transforms/f9988d1f913d5a6646e00a79e1a44df1/transformed/tensorflow-lite-gpu-2.16.1/AndroidManifest.xml
Loading library manifest /opt/gradle/.gradle/caches/9.3.1/transforms/80a84396db5cda4347b804bd1d7f2f40/transformed/tensorflow-lite-gpu-api-2.16.1/AndroidManifest.xml
Loading library manifest /opt/gradle/.gradle/caches/9.3.1/transforms/11950b801fc2e05d1c6a78af1ab45f4d/transformed/tensorflow-lite-support-api-0.4.4/AndroidManifest.xml
Loading library manifest /opt/gradle/.gradle/caches/9.3.1/transforms/81d8589c16ec7f2dbb8249cd4c7714c7/transformed/tensorflow-lite-api-2.16.1/AndroidManifest.xml
Loading library manifest /opt/gradle/.gradle/caches/9.3.1/transforms/762045436f642dafcc6244b1ec40fc42/transformed/image-1.0.0-beta1/AndroidManifest.xml
Merging main manifest /app/applet/app/src/main/AndroidManifest.xml

Merging library manifest /opt/gradle/.gradle/caches/9.3.1/transforms/cfba001c1090bf3b0f1ff461e1ca9083/transformed/navigation-common-2.8.6/AndroidManifest.xml
Merging manifest with lower [androidx.navigation:navigation-common:2.8.6] AndroidManifest.xml:17:1-22:12
uses-sdk defined in both files...
Merging uses-sdk with lower [androidx.navigation:navigation-common:2.8.6] AndroidManifest.xml:20:5-44
Merging library manifest /opt/gradle/.gradle/caches/9.3.1/transforms/cb2eff5dd8d049b6e77aeb9e14e54b30/transformed/navigation-runtime-2.8.6/AndroidManifest.xml
Merging manifest with lower [androidx.navigation:navigation-runtime:2.8.6] AndroidManifest.xml:17:1-22:12
uses-sdk defined in both files...
Merging uses-sdk with lower [androidx.navigation:navigation-runtime:2.8.6] AndroidManifest.xml:20:5-44
Merging library manifest /opt/gradle/.gradle/caches/9.3.1/transforms/6ce6b69e1fcce1ec05b64c2457586e69/transformed/navigation-common-ktx-2.8.6/AndroidManifest.xml
Merging manifest with lower [androidx.navigation:navigation-common-ktx:2.8.6] AndroidManifest.xml:2:1-7:12
uses-sdk defined in both files...
Merging uses-sdk with lower [androidx.navigation:navigation-common-ktx:2.8.6] AndroidManifest.xml:5:5-44
Merging library manifest /opt/gradle/.gradle/caches/9.3.1/transforms/14067a9364d5c1db1ea5ce236788b5f9/transformed/navigation-runtime-ktx-2.8.6/AndroidManifest.xml
Merging manifest with lower [androidx.navigation:navigation-runtime-ktx:2.8.6] AndroidManifest.xml:2:1-7:12
uses-sdk defined in both files...
Merging uses-sdk with lower [androidx.navigation:navigation-runtime-ktx:2.8.6] AndroidManifest.xml:5:5-44
Merging library manifest /opt/gradle/.gradle/caches/9.3.1/transforms/8b332c21aa24fa93bbf4bf84ac123724/transformed/navigation-compose-2.8.6/AndroidManifest.xml
Merging manifest with lower [androidx.navigation:navigation-compose:2.8.6] AndroidManifest.xml:2:1-7:12
uses-sdk defined in both files...
Merging uses-sdk with lower [androidx.navigation:navigation-compose:2.8.6] AndroidManifest.xml:5:5-44
Merging library manifest /opt/gradle/.gradle/caches/9.3.1/transforms/c1413968d3e62df6bfa29a6f524cf2a9/transformed/material3-release/AndroidManifest.xml
Merging manifest with lower [androidx.compose.material3:material3-android:1.3.1] AndroidManifest.xml:17:1-22:12
uses-sdk defined in both files...
Merging uses-sdk with lower [androidx.compose.material3:material3-android:1.3.1] AndroidManifest.xml:20:5-44
Merging library manifest /opt/gradle/.gradle/caches/9.3.1/transforms/71a65d5946cda8d2581f0a6003aa3140/transformed/material-release/AndroidManifest.xml
Merging manifest with lower [androidx.compose.material:material-android:1.7.7] AndroidManifest.xml:2:1-7:12
uses-sdk defined in both files...
Merging uses-sdk with lower [androidx.compose.material:material-android:1.7.7] AndroidManifest.xml:5:5-44
Merging library manifest /opt/gradle/.gradle/caches/9.3.1/transforms/35304c52019252b8bfd4b2653e87c12e/transformed/material-ripple-release/AndroidManifest.xml
Merging manifest with lower [androidx.compose.material:material-ripple-android:1.7.7] AndroidManifest.xml:2:1-7:12
uses-sdk defined in both files...
Merging uses-sdk with lower [androidx.compose.material:material-ripple-android:1.7.7] AndroidManifest.xml:5:5-44
Merging library manifest /opt/gradle/.gradle/caches/9.3.1/transforms/d54635c460f2b00a5fa3d20976504a9f/transformed/foundation-release/AndroidManifest.xml
Merging manifest with lower [androidx.compose.foundation:foundation-android:1.7.7] AndroidManifest.xml:2:1-7:12
uses-sdk defined in both files...
Merging uses-sdk with lower [androidx.compose.foundation:foundation-android:1.7.7] AndroidManifest.xml:5:5-44
Merging library manifest /opt/gradle/.gradle/caches/9.3.1/transforms/4b32c536aebd6d65f922f749d2300197/transformed/foundation-layout-release/AndroidManifest.xml
Merging manifest with lower [androidx.compose.foundation:foundation-layout-android:1.7.7] AndroidManifest.xml:2:1-7:12
uses-sdk defined in both files...
Merging uses-sdk with lower [androidx.compose.foundation:foundation-layout-android:1.7.7] AndroidManifest.xml:5:5-44
Merging library manifest /opt/gradle/.gradle/caches/9.3.1/transforms/cbaa4f213e734accc6eb46c9b87b24d6/transformed/animation-core-release/AndroidManifest.xml
Merging manifest with lower [androidx.compose.animation:animation-core-android:1.7.7] AndroidManifest.xml:2:1-7:12
uses-sdk defined in both files...
Merging uses-sdk with lower [androidx.compose.animation:animation-core-android:1.7.7] AndroidManifest.xml:5:5-44
Merging library manifest /opt/gradle/.gradle/caches/9.3.1/transforms/2867fc708891f916cfb1ac5515a09a8c/transformed/animation-release/AndroidManifest.xml
Merging manifest with lower [androidx.compose.animation:animation-android:1.7.7] AndroidManifest.xml:2:1-7:12
uses-sdk defined in both files...
Merging uses-sdk with lower [androidx.compose.animation:animation-android:1.7.7] AndroidManifest.xml:5:5-44
Merging library manifest /opt/gradle/.gradle/caches/9.3.1/transforms/f435d091e3fea69711f05dafd155f12e/transformed/ui-tooling-data-release/AndroidManifest.xml
Merging manifest with lower [androidx.compose.ui:ui-tooling-data-android:1.7.7] AndroidManifest.xml:2:1-7:12
uses-sdk defined in both files...
Merging uses-sdk with lower [androidx.compose.ui:ui-tooling-data-android:1.7.7] AndroidManifest.xml:5:5-44
Merging library manifest /opt/gradle/.gradle/caches/9.3.1/transforms/dd300fe65be90819d9d4a703a4c89cfe/transformed/ui-unit-release/AndroidManifest.xml
Merging manifest with lower [androidx.compose.ui:ui-unit-android:1.7.7] AndroidManifest.xml:2:1-7:12
uses-sdk defined in both files...
Merging uses-sdk with lower [androidx.compose.ui:ui-unit-android:1.7.7] AndroidManifest.xml:5:5-44
Merging library manifest /opt/gradle/.gradle/caches/9.3.1/transforms/3e943f7bed414e28acdb809ffa5ec1fb/transformed/ui-geometry-release/AndroidManifest.xml
Merging manifest with lower [androidx.compose.ui:ui-geometry-android:1.7.7] AndroidManifest.xml:2:1-7:12
uses-sdk defined in both files...
Merging uses-sdk with lower [androidx.compose.ui:ui-geometry-android:1.7.7] AndroidManifest.xml:5:5-44
Merging library manifest /opt/gradle/.gradle/caches/9.3.1/transforms/76e233bfdee369a6e9522adf873f441a/transformed/ui-util-release/AndroidManifest.xml
Merging manifest with lower [androidx.compose.ui:ui-util-android:1.7.7] AndroidManifest.xml:2:1-7:12
uses-sdk defined in both files...
Merging uses-sdk with lower [androidx.compose.ui:ui-util-android:1.7.7] AndroidManifest.xml:5:5-44
Merging library manifest /opt/gradle/.gradle/caches/9.3.1/transforms/29cb02d30f1086b34aebd2823669fb1e/transformed/ui-text-release/AndroidManifest.xml
Merging manifest with lower [androidx.compose.ui:ui-text-android:1.7.7] AndroidManifest.xml:2:1-7:12
uses-sdk defined in both files...
Merging uses-sdk with lower [androidx.compose.ui:ui-text-android:1.7.7] AndroidManifest.xml:5:5-44
Merging library manifest /opt/gradle/.gradle/caches/9.3.1/transforms/cae744c59f9fd362d0dbdab4a77ae4e2/transformed/ui-tooling-preview-release/AndroidManifest.xml
Merging manifest with lower [androidx.compose.ui:ui-tooling-preview-android:1.7.7] AndroidManifest.xml:17:1-22:12
uses-sdk defined in both files...
Merging uses-sdk with lower [androidx.compose.ui:ui-tooling-preview-android:1.7.7] AndroidManifest.xml:20:5-44
Merging library manifest /opt/gradle/.gradle/caches/9.3.1/transforms/2656ec1173b9d586977acc27625fa4f6/transformed/ui-tooling-release/AndroidManifest.xml
Merging manifest with lower [androidx.compose.ui:ui-tooling-android:1.7.7] AndroidManifest.xml:17:1-28:12
uses-sdk defined in both files...
Merging uses-sdk with lower [androidx.compose.ui:ui-tooling-android:1.7.7] AndroidManifest.xml:20:5-44
application defined in both files...
Merging application with lower [androidx.compose.ui:ui-tooling-android:1.7.7] AndroidManifest.xml:22:5-26:19
Adopted [activity: null]
Merging library manifest /opt/gradle/.gradle/caches/9.3.1/transforms/3ef2b3df1f8d4c53e62b448f70deb2ff/transformed/ui-graphics-release/AndroidManifest.xml
Merging manifest with lower [androidx.compose.ui:ui-graphics-android:1.7.7] AndroidManifest.xml:2:1-7:12
uses-sdk defined in both files...
Merging uses-sdk with lower [androidx.compose.ui:ui-graphics-android:1.7.7] AndroidManifest.xml:5:5-44
Merging library manifest /opt/gradle/.gradle/caches/9.3.1/transforms/0ac576fea87c944ea7c7da1266c3e7f2/transformed/camera-video-1.4.1/AndroidManifest.xml
Merging manifest with lower [androidx.camera:camera-video:1.4.1] AndroidManifest.xml:2:1-7:12
uses-sdk defined in both files...
Merging uses-sdk with lower [androidx.camera:camera-video:1.4.1] AndroidManifest.xml:5:5-44
Merging library manifest /opt/gradle/.gradle/caches/9.3.1/transforms/96bb6106006167bcd943ec6cd5f1ba12/transformed/camera-view-1.4.1/AndroidManifest.xml
Merging manifest with lower [androidx.camera:camera-view:1.4.1] AndroidManifest.xml:2:1-7:12
uses-sdk defined in both files...
Merging uses-sdk with lower [androidx.camera:camera-view:1.4.1] AndroidManifest.xml:5:5-44
Merging library manifest /opt/gradle/.gradle/caches/9.3.1/transforms/21e69343add6a8570b7e35a453f54be8/transformed/camera-lifecycle-1.4.1/AndroidManifest.xml
Merging manifest with lower [androidx.camera:camera-lifecycle:1.4.1] AndroidManifest.xml:2:1-7:12
uses-sdk defined in both files...
Merging uses-sdk with lower [androidx.camera:camera-lifecycle:1.4.1] AndroidManifest.xml:5:5-44
Merging library manifest /opt/gradle/.gradle/caches/9.3.1/transforms/f038e5d1e7c116fbcff7d9261720400b/transformed/camera-camera2-1.4.1/AndroidManifest.xml
Merging manifest with lower [androidx.camera:camera-camera2:1.4.1] AndroidManifest.xml:17:1-36:12
uses-sdk defined in both files...
Merging uses-sdk with lower [androidx.camera:camera-camera2:1.4.1] AndroidManifest.xml:21:5-44
application defined in both files...
Merging application with lower [androidx.camera:camera-camera2:1.4.1] AndroidManifest.xml:23:5-34:19
Adopted [service: null]
Merging library manifest /opt/gradle/.gradle/caches/9.3.1/transforms/9f6e9e86f0d59aa27113229fd312f676/transformed/camera-core-1.4.1/AndroidManifest.xml
Merging manifest with lower [androidx.camera:camera-core:1.4.1] AndroidManifest.xml:17:1-36:12
uses-sdk defined in both files...
Merging uses-sdk with lower [androidx.camera:camera-core:1.4.1] AndroidManifest.xml:21:5-44
application defined in both files...
Merging application with lower [androidx.camera:camera-core:1.4.1] AndroidManifest.xml:23:5-34:19
service#androidx.camera.core.impl.MetadataHolderService defined in both files...
Merging service#androidx.camera.core.impl.MetadataHolderService with lower [androidx.camera:camera-core:1.4.1] AndroidManifest.xml:29:9-33:78
Merging library manifest /opt/gradle/.gradle/caches/9.3.1/transforms/334ef02e850ad4be241bff276a04d43b/transformed/work-runtime-ktx-2.10.0/AndroidManifest.xml
Merging manifest with lower [androidx.work:work-runtime-ktx:2.10.0] AndroidManifest.xml:17:1-22:12
uses-sdk defined in both files...
Merging uses-sdk with lower [androidx.work:work-runtime-ktx:2.10.0] AndroidManifest.xml:20:5-44
Merging library manifest /opt/gradle/.gradle/caches/9.3.1/transforms/d72c9be495438d892104a6baca8def2c/transformed/work-runtime-2.10.0/AndroidManifest.xml
Merging manifest with lower [androidx.work:work-runtime:2.10.0] AndroidManifest.xml:17:1-145:12
uses-sdk defined in both files...
Merging uses-sdk with lower [androidx.work:work-runtime:2.10.0] AndroidManifest.xml:21:5-44
Adopted [uses-permission: null]
Adopted [uses-permission: null]
Adopted [uses-permission: null]
Adopted [uses-permission: null]
application defined in both files...
Merging application with lower [androidx.work:work-runtime:2.10.0] AndroidManifest.xml:28:5-143:19
Adopted [provider: null]
Adopted [service: null]
Adopted [service: null]
Adopted [service: null]
Adopted [receiver: null]
Adopted [receiver: null]
Adopted [receiver: null]
Adopted [receiver: null]
Adopted [receiver: null]
Adopted [receiver: null]
Adopted [receiver: null]
Adopted [receiver: null]
Merging library manifest /opt/gradle/.gradle/caches/9.3.1/transforms/db9815c621bec979713b0f61ea753d6d/transformed/biometric-1.1.0/AndroidManifest.xml
Merging manifest with lower [androidx.biometric:biometric:1.1.0] AndroidManifest.xml:17:1-29:12
uses-sdk defined in both files...
Merging uses-sdk with lower [androidx.biometric:biometric:1.1.0] AndroidManifest.xml:20:5-22:41
Adopted [uses-permission: null]
Adopted [uses-permission: null]
Merging library manifest /opt/gradle/.gradle/caches/9.3.1/transforms/d129cccff7b8be298bbc089510e9f66e/transformed/face-detection-16.1.7/AndroidManifest.xml
Merging manifest with lower [com.google.mlkit:face-detection:16.1.7] AndroidManifest.xml:2:1-8:12
uses-sdk defined in both files...
Merging uses-sdk with lower [com.google.mlkit:face-detection:16.1.7] AndroidManifest.xml:6:5-44
Merging library manifest /opt/gradle/.gradle/caches/9.3.1/transforms/dffed1caa670307983ef5ae65467ece6/transformed/play-services-mlkit-face-detection-17.1.0/AndroidManifest.xml
Merging manifest with lower [com.google.android.gms:play-services-mlkit-face-detection:17.1.0] AndroidManifest.xml:2:1-18:12
uses-sdk defined in both files...
Merging uses-sdk with lower [com.google.android.gms:play-services-mlkit-face-detection:17.1.0] AndroidManifest.xml:6:5-44
application defined in both files...
Merging application with lower [com.google.android.gms:play-services-mlkit-face-detection:17.1.0] AndroidManifest.xml:8:5-16:19
Adopted [service: null]
Merging library manifest /opt/gradle/.gradle/caches/9.3.1/transforms/14edad1fdc5f968ec2eb2cb605627304/transformed/vision-common-17.2.0/AndroidManifest.xml
Merging manifest with lower [com.google.mlkit:vision-common:17.2.0] AndroidManifest.xml:2:1-18:12
uses-sdk defined in both files...
Merging uses-sdk with lower [com.google.mlkit:vision-common:17.2.0] AndroidManifest.xml:6:5-44
application defined in both files...
Merging application with lower [com.google.mlkit:vision-common:17.2.0] AndroidManifest.xml:8:5-16:19
service#com.google.mlkit.common.internal.MlKitComponentDiscoveryService defined in both files...
Merging service#com.google.mlkit.common.internal.MlKitComponentDiscoveryService with lower [com.google.mlkit:vision-common:17.2.0] AndroidManifest.xml:9:9-15:19
Adopted [meta-data: null]
Merging library manifest /opt/gradle/.gradle/caches/9.3.1/transforms/e0e4120f8e98f38efe29dd398701e4a4/transformed/common-18.11.0/AndroidManifest.xml
Merging manifest with lower [com.google.mlkit:common:18.11.0] AndroidManifest.xml:2:1-26:12
uses-sdk defined in both files...
Merging uses-sdk with lower [com.google.mlkit:common:18.11.0] AndroidManifest.xml:6:5-44
application defined in both files...
Merging application with lower [com.google.mlkit:common:18.11.0] AndroidManifest.xml:8:5-24:19
Adopted [provider: null]
service#com.google.mlkit.common.internal.MlKitComponentDiscoveryService defined in both files...
Merging service#com.google.mlkit.common.internal.MlKitComponentDiscoveryService with lower [com.google.mlkit:common:18.11.0] AndroidManifest.xml:15:9-23:19
Adopted [meta-data: null]
Merging library manifest /opt/gradle/.gradle/caches/9.3.1/transforms/3a6c62cb2c20347628679dc261845e41/transformed/play-services-base-18.5.0/AndroidManifest.xml
Merging manifest with lower [com.google.android.gms:play-services-base:18.5.0] AndroidManifest.xml:2:1-7:12
uses-sdk defined in both files...
Merging uses-sdk with lower [com.google.android.gms:play-services-base:18.5.0] AndroidManifest.xml:3:5-44
application defined in both files...
Merging application with lower [com.google.android.gms:play-services-base:18.5.0] AndroidManifest.xml:4:5-6:19
Adopted [activity: null]
Merging library manifest /opt/gradle/.gradle/caches/9.3.1/transforms/c98894093dc29395a8748dc38b2aba7b/transformed/vision-interfaces-16.1.0/AndroidManifest.xml
Merging manifest with lower [com.google.mlkit:vision-interfaces:16.1.0] AndroidManifest.xml:2:1-7:12
uses-sdk defined in both files...
Merging uses-sdk with lower [com.google.mlkit:vision-interfaces:16.1.0] AndroidManifest.xml:5:5-44
Merging library manifest /opt/gradle/.gradle/caches/9.3.1/transforms/d8c33c6f405f76ab2ca2d2055b3eb5de/transformed/play-services-tasks-18.2.0/AndroidManifest.xml
Merging manifest with lower [com.google.android.gms:play-services-tasks:18.2.0] AndroidManifest.xml:2:1-5:12
uses-sdk defined in both files...
Merging uses-sdk with lower [com.google.android.gms:play-services-tasks:18.2.0] AndroidManifest.xml:3:5-44
application defined in both files...
Merging application with lower [com.google.android.gms:play-services-tasks:18.2.0] AndroidManifest.xml:4:5-20
Merging library manifest /opt/gradle/.gradle/caches/9.3.1/transforms/652f5041af5e53833de1ed10c0a6ff41/transformed/play-services-basement-18.4.0/AndroidManifest.xml
Merging manifest with lower [com.google.android.gms:play-services-basement:18.4.0] AndroidManifest.xml:2:1-9:12
uses-sdk defined in both files...
Merging uses-sdk with lower [com.google.android.gms:play-services-basement:18.4.0] AndroidManifest.xml:3:5-44
application defined in both files...
Merging application with lower [com.google.android.gms:play-services-basement:18.4.0] AndroidManifest.xml:5:5-7:19
Adopted [meta-data: null]
Merging library manifest /opt/gradle/.gradle/caches/9.3.1/transforms/848a13635a25ad91cf302645e98cc17a/transformed/appcompat-resources-1.6.1/AndroidManifest.xml
Merging manifest with lower [androidx.appcompat:appcompat-resources:1.6.1] AndroidManifest.xml:17:1-22:12
uses-sdk defined in both files...
Merging uses-sdk with lower [androidx.appcompat:appcompat-resources:1.6.1] AndroidManifest.xml:20:5-44
Merging library manifest /opt/gradle/.gradle/caches/9.3.1/transforms/7335bfe1fc14572edd038a85443784af/transformed/appcompat-1.6.1/AndroidManifest.xml
Merging manifest with lower [androidx.appcompat:appcompat:1.6.1] AndroidManifest.xml:17:1-22:12
uses-sdk defined in both files...
Merging uses-sdk with lower [androidx.appcompat:appcompat:1.6.1] AndroidManifest.xml:20:5-44
Merging library manifest /opt/gradle/.gradle/caches/9.3.1/transforms/0e99e6ef21751ce50406b5caf638e2d5/transformed/autofill-1.0.0/AndroidManifest.xml
Merging manifest with lower [androidx.autofill:autofill:1.0.0] AndroidManifest.xml:17:1-24:12
uses-sdk defined in both files...
Merging uses-sdk with lower [androidx.autofill:autofill:1.0.0] AndroidManifest.xml:20:5-22:41
Merging library manifest /opt/gradle/.gradle/caches/9.3.1/transforms/0ccacb7b265049ade6f25be0e72dd085/transformed/graphics-path-1.0.1/AndroidManifest.xml
Merging manifest with lower [androidx.graphics:graphics-path:1.0.1] AndroidManifest.xml:2:1-7:12
uses-sdk defined in both files...
Merging uses-sdk with lower [androidx.graphics:graphics-path:1.0.1] AndroidManifest.xml:5:5-44
Merging library manifest /opt/gradle/.gradle/caches/9.3.1/transforms/fd282129700ba137ce58ce40ed68d011/transformed/fragment-1.3.6/AndroidManifest.xml
Merging manifest with lower [androidx.fragment:fragment:1.3.6] AndroidManifest.xml:17:1-24:12
uses-sdk defined in both files...
Merging uses-sdk with lower [androidx.fragment:fragment:1.3.6] AndroidManifest.xml:20:5-22:41
Merging library manifest /opt/gradle/.gradle/caches/9.3.1/transforms/4c0d772827d4ae5e90ff241b1851b229/transformed/drawerlayout-1.0.0/AndroidManifest.xml
Merging manifest with lower [androidx.drawerlayout:drawerlayout:1.0.0] AndroidManifest.xml:17:1-22:12
uses-sdk defined in both files...
Merging uses-sdk with lower [androidx.drawerlayout:drawerlayout:1.0.0] AndroidManifest.xml:20:5-44
Merging library manifest /opt/gradle/.gradle/caches/9.3.1/transforms/d13c750d163e12dc2332108dc4e31633/transformed/viewpager-1.0.0/AndroidManifest.xml
Merging manifest with lower [androidx.viewpager:viewpager:1.0.0] AndroidManifest.xml:17:1-22:12
uses-sdk defined in both files...
Merging uses-sdk with lower [androidx.viewpager:viewpager:1.0.0] AndroidManifest.xml:20:5-44
Merging library manifest /opt/gradle/.gradle/caches/9.3.1/transforms/63ebf3c38d535eca13380f1914c17e9a/transformed/loader-1.0.0/AndroidManifest.xml
Merging manifest with lower [androidx.loader:loader:1.0.0] AndroidManifest.xml:17:1-22:12
uses-sdk defined in both files...
Merging uses-sdk with lower [androidx.loader:loader:1.0.0] AndroidManifest.xml:20:5-44
Merging library manifest /opt/gradle/.gradle/caches/9.3.1/transforms/9c67e73acb7122b060226f1806e0bde2/transformed/vectordrawable-animated-1.1.0/AndroidManifest.xml
Merging manifest with lower [androidx.vectordrawable:vectordrawable-animated:1.1.0] AndroidManifest.xml:17:1-24:12
uses-sdk defined in both files...
Merging uses-sdk with lower [androidx.vectordrawable:vectordrawable-animated:1.1.0] AndroidManifest.xml:20:5-22:41
Merging library manifest /opt/gradle/.gradle/caches/9.3.1/transforms/fa74b67558102b5b5b6a2fedbdd59eac/transformed/vectordrawable-1.1.0/AndroidManifest.xml
Merging manifest with lower [androidx.vectordrawable:vectordrawable:1.1.0] AndroidManifest.xml:17:1-24:12
uses-sdk defined in both files...
Merging uses-sdk with lower [androidx.vectordrawable:vectordrawable:1.1.0] AndroidManifest.xml:20:5-22:41
Merging library manifest /opt/gradle/.gradle/caches/9.3.1/transforms/94acad258bf2f2fa2349acd2c67d5b7f/transformed/customview-1.0.0/AndroidManifest.xml
Merging manifest with lower [androidx.customview:customview:1.0.0] AndroidManifest.xml:17:1-22:12
uses-sdk defined in both files...
Merging uses-sdk with lower [androidx.customview:customview:1.0.0] AndroidManifest.xml:20:5-44
Merging library manifest /opt/gradle/.gradle/caches/9.3.1/transforms/bbd5a62d8ab1801572c3c20e1b650bf2/transformed/emoji2-views-helper-1.3.0/AndroidManifest.xml
Merging manifest with lower [androidx.emoji2:emoji2-views-helper:1.3.0] AndroidManifest.xml:2:1-7:12
uses-sdk defined in both files...
Merging uses-sdk with lower [androidx.emoji2:emoji2-views-helper:1.3.0] AndroidManifest.xml:5:5-44
Merging library manifest /opt/gradle/.gradle/caches/9.3.1/transforms/68a50fed734ede7b93d7686f5732d3eb/transformed/emoji2-1.3.0/AndroidManifest.xml
Merging manifest with lower [androidx.emoji2:emoji2:1.3.0] AndroidManifest.xml:17:1-35:12
uses-sdk defined in both files...
Merging uses-sdk with lower [androidx.emoji2:emoji2:1.3.0] AndroidManifest.xml:21:5-44
application defined in both files...
Merging application with lower [androidx.emoji2:emoji2:1.3.0] AndroidManifest.xml:23:5-33:19
provider#androidx.startup.InitializationProvider defined in both files...
Merging provider#androidx.startup.InitializationProvider with lower [androidx.emoji2:emoji2:1.3.0] AndroidManifest.xml:24:9-32:20
Adopted [meta-data: null]
Merging library manifest /opt/gradle/.gradle/caches/9.3.1/transforms/dfd28ea1ba4f09a953f2145f760f8373/transformed/core-1.15.0/AndroidManifest.xml
Merging manifest with lower [androidx.core:core:1.15.0] AndroidManifest.xml:17:1-30:12
uses-sdk defined in both files...
Merging uses-sdk with lower [androidx.core:core:1.15.0] AndroidManifest.xml:20:5-44
Adopted [permission: null]
Adopted [uses-permission: null]
application defined in both files...
Merging application with lower [androidx.core:core:1.15.0] AndroidManifest.xml:28:5-89
Merging library manifest /opt/gradle/.gradle/caches/9.3.1/transforms/d7fdaa8053130226f990833e099f8545/transformed/savedstate-ktx-1.2.1/AndroidManifest.xml
Merging manifest with lower [androidx.savedstate:savedstate-ktx:1.2.1] AndroidManifest.xml:17:1-22:12
uses-sdk defined in both files...
Merging uses-sdk with lower [androidx.savedstate:savedstate-ktx:1.2.1] AndroidManifest.xml:20:5-44
Merging library manifest /opt/gradle/.gradle/caches/9.3.1/transforms/d639e5eec4e017d12266141a64b93f98/transformed/savedstate-1.2.1/AndroidManifest.xml
Merging manifest with lower [androidx.savedstate:savedstate:1.2.1] AndroidManifest.xml:17:1-22:12
uses-sdk defined in both files...
Merging uses-sdk with lower [androidx.savedstate:savedstate:1.2.1] AndroidManifest.xml:20:5-44
Merging library manifest /opt/gradle/.gradle/caches/9.3.1/transforms/b4bf82e62b29dcddde19fcb913dfcf00/transformed/lifecycle-runtime-compose-release/AndroidManifest.xml
Merging manifest with lower [androidx.lifecycle:lifecycle-runtime-compose-android:2.8.7] AndroidManifest.xml:2:1-7:12
uses-sdk defined in both files...
Merging uses-sdk with lower [androidx.lifecycle:lifecycle-runtime-compose-android:2.8.7] AndroidManifest.xml:5:5-44
Merging library manifest /opt/gradle/.gradle/caches/9.3.1/transforms/9c8f760344c9f126a35c1b26dd907714/transformed/lifecycle-process-2.8.7/AndroidManifest.xml
Merging manifest with lower [androidx.lifecycle:lifecycle-process:2.8.7] AndroidManifest.xml:17:1-35:12
uses-sdk defined in both files...
Merging uses-sdk with lower [androidx.lifecycle:lifecycle-process:2.8.7] AndroidManifest.xml:21:5-44
application defined in both files...
Merging application with lower [androidx.lifecycle:lifecycle-process:2.8.7] AndroidManifest.xml:23:5-33:19
provider#androidx.startup.InitializationProvider defined in both files...
Merging provider#androidx.startup.InitializationProvider with lower [androidx.lifecycle:lifecycle-process:2.8.7] AndroidManifest.xml:24:9-32:20
Adopted [meta-data: null]
Merging library manifest /opt/gradle/.gradle/caches/9.3.1/transforms/bec7f0cce5a285c4cd65bd632647aa2b/transformed/lifecycle-viewmodel-2.8.7/AndroidManifest.xml
Merging manifest with lower [androidx.lifecycle:lifecycle-viewmodel:2.8.7] AndroidManifest.xml:2:1-5:12
uses-sdk defined in both files...
Merging uses-sdk with lower [androidx.lifecycle:lifecycle-viewmodel:2.8.7] AndroidManifest.xml:4:5-43
Merging library manifest /opt/gradle/.gradle/caches/9.3.1/transforms/8942efdab06e3a97cc115dd904118621/transformed/lifecycle-viewmodel-release/AndroidManifest.xml
Merging manifest with lower [androidx.lifecycle:lifecycle-viewmodel-android:2.8.7] AndroidManifest.xml:17:1-22:12
uses-sdk defined in both files...
Merging uses-sdk with lower [androidx.lifecycle:lifecycle-viewmodel-android:2.8.7] AndroidManifest.xml:20:5-44
Merging library manifest /opt/gradle/.gradle/caches/9.3.1/transforms/464a2092c1cbf2600ec88a91f6cfb3bc/transformed/lifecycle-livedata-core-ktx-2.8.7/AndroidManifest.xml
Merging manifest with lower [androidx.lifecycle:lifecycle-livedata-core-ktx:2.8.7] AndroidManifest.xml:2:1-7:12
uses-sdk defined in both files...
Merging uses-sdk with lower [androidx.lifecycle:lifecycle-livedata-core-ktx:2.8.7] AndroidManifest.xml:5:5-44
Merging library manifest /opt/gradle/.gradle/caches/9.3.1/transforms/aefcda6c8556cb834d5e6ab30dfa8f3b/transformed/lifecycle-runtime-release/AndroidManifest.xml
Merging manifest with lower [androidx.lifecycle:lifecycle-runtime-android:2.8.7] AndroidManifest.xml:17:1-22:12
uses-sdk defined in both files...
Merging uses-sdk with lower [androidx.lifecycle:lifecycle-runtime-android:2.8.7] AndroidManifest.xml:20:5-44
Merging library manifest /opt/gradle/.gradle/caches/9.3.1/transforms/d058df0cbc664e2472da35f571e2c4f2/transformed/lifecycle-service-2.8.7/AndroidManifest.xml
Merging manifest with lower [androidx.lifecycle:lifecycle-service:2.8.7] AndroidManifest.xml:2:1-7:12
uses-sdk defined in both files...
Merging uses-sdk with lower [androidx.lifecycle:lifecycle-service:2.8.7] AndroidManifest.xml:5:5-44
Merging library manifest /opt/gradle/.gradle/caches/9.3.1/transforms/d19f0fc89d8e7234b8a5feaef9ec2153/transformed/lifecycle-viewmodel-savedstate-2.8.7/AndroidManifest.xml
Merging manifest with lower [androidx.lifecycle:lifecycle-viewmodel-savedstate:2.8.7] AndroidManifest.xml:17:1-22:12
uses-sdk defined in both files...
Merging uses-sdk with lower [androidx.lifecycle:lifecycle-viewmodel-savedstate:2.8.7] AndroidManifest.xml:20:5-44
Merging library manifest /opt/gradle/.gradle/caches/9.3.1/transforms/287c289aad7447f18fcb67f5cc691e72/transformed/lifecycle-viewmodel-ktx-2.8.7/AndroidManifest.xml
Merging manifest with lower [androidx.lifecycle:lifecycle-viewmodel-ktx:2.8.7] AndroidManifest.xml:2:1-7:12
uses-sdk defined in both files...
Merging uses-sdk with lower [androidx.lifecycle:lifecycle-viewmodel-ktx:2.8.7] AndroidManifest.xml:5:5-44
Merging library manifest /opt/gradle/.gradle/caches/9.3.1/transforms/f55aead0b91686d62f82e552aecf372c/transformed/lifecycle-livedata-core-2.8.7/AndroidManifest.xml
Merging manifest with lower [androidx.lifecycle:lifecycle-livedata-core:2.8.7] AndroidManifest.xml:17:1-22:12
uses-sdk defined in both files...
Merging uses-sdk with lower [androidx.lifecycle:lifecycle-livedata-core:2.8.7] AndroidManifest.xml:20:5-44
Merging library manifest /opt/gradle/.gradle/caches/9.3.1/transforms/c3ed01a85576d78a5630e2a09262f24d/transformed/lifecycle-livedata-2.8.7/AndroidManifest.xml
Merging manifest with lower [androidx.lifecycle:lifecycle-livedata:2.8.7] AndroidManifest.xml:17:1-22:12
uses-sdk defined in both files...
Merging uses-sdk with lower [androidx.lifecycle:lifecycle-livedata:2.8.7] AndroidManifest.xml:20:5-44
Merging library manifest /opt/gradle/.gradle/caches/9.3.1/transforms/fe7064822851010a674edcf0b9506cf8/transformed/lifecycle-runtime-ktx-release/AndroidManifest.xml
Merging manifest with lower [androidx.lifecycle:lifecycle-runtime-ktx-android:2.8.7] AndroidManifest.xml:2:1-7:12
uses-sdk defined in both files...
Merging uses-sdk with lower [androidx.lifecycle:lifecycle-runtime-ktx-android:2.8.7] AndroidManifest.xml:5:5-44
Merging library manifest /opt/gradle/.gradle/caches/9.3.1/transforms/182942c855f725d1cfb2c9fda42815ad/transformed/lifecycle-viewmodel-compose-release/AndroidManifest.xml
Merging manifest with lower [androidx.lifecycle:lifecycle-viewmodel-compose-android:2.8.7] AndroidManifest.xml:2:1-7:12
uses-sdk defined in both files...
Merging uses-sdk with lower [androidx.lifecycle:lifecycle-viewmodel-compose-android:2.8.7] AndroidManifest.xml:5:5-44
Merging library manifest /opt/gradle/.gradle/caches/9.3.1/transforms/8c3b5e25397c360170936ec6dc6ca6b8/transformed/material-icons-core-release/AndroidManifest.xml
Merging manifest with lower [androidx.compose.material:material-icons-core-android:1.7.7] AndroidManifest.xml:2:1-7:12
uses-sdk defined in both files...
Merging uses-sdk with lower [androidx.compose.material:material-icons-core-android:1.7.7] AndroidManifest.xml:5:5-44
Merging library manifest /opt/gradle/.gradle/caches/9.3.1/transforms/a21498426ab6b262bc2e88ab3ce788cb/transformed/ui-release/AndroidManifest.xml
Merging manifest with lower [androidx.compose.ui:ui-android:1.7.7] AndroidManifest.xml:2:1-7:12
uses-sdk defined in both files...
Merging uses-sdk with lower [androidx.compose.ui:ui-android:1.7.7] AndroidManifest.xml:5:5-44
Merging library manifest /opt/gradle/.gradle/caches/9.3.1/transforms/065bc42160da05e3e553900dd9656ee8/transformed/ui-test-manifest-1.7.7/AndroidManifest.xml
Merging manifest with lower [androidx.compose.ui:ui-test-manifest:1.7.7] AndroidManifest.xml:17:1-28:12
uses-sdk defined in both files...
Merging uses-sdk with lower [androidx.compose.ui:ui-test-manifest:1.7.7] AndroidManifest.xml:20:5-44
application defined in both files...
Merging application with lower [androidx.compose.ui:ui-test-manifest:1.7.7] AndroidManifest.xml:22:5-26:19
Adopted [activity: null]
Merging library manifest /opt/gradle/.gradle/caches/9.3.1/transforms/70616132c5410d2ab830e7e4af57606e/transformed/activity-1.10.0/AndroidManifest.xml
Merging manifest with lower [androidx.activity:activity:1.10.0] AndroidManifest.xml:17:1-22:12
uses-sdk defined in both files...
Merging uses-sdk with lower [androidx.activity:activity:1.10.0] AndroidManifest.xml:20:5-44
Merging library manifest /opt/gradle/.gradle/caches/9.3.1/transforms/5e010ed8ad68415635e351989b9ce5c8/transformed/activity-ktx-1.10.0/AndroidManifest.xml
Merging manifest with lower [androidx.activity:activity-ktx:1.10.0] AndroidManifest.xml:2:1-7:12
uses-sdk defined in both files...
Merging uses-sdk with lower [androidx.activity:activity-ktx:1.10.0] AndroidManifest.xml:5:5-44
Merging library manifest /opt/gradle/.gradle/caches/9.3.1/transforms/72adcbd069e7f8cbfe138f37aa141bcf/transformed/activity-compose-1.10.0/AndroidManifest.xml
Merging manifest with lower [androidx.activity:activity-compose:1.10.0] AndroidManifest.xml:2:1-7:12
uses-sdk defined in both files...
Merging uses-sdk with lower [androidx.activity:activity-compose:1.10.0] AndroidManifest.xml:5:5-44
Merging library manifest /opt/gradle/.gradle/caches/9.3.1/transforms/d3492d8ac35535ff632ae8141ff0ad69/transformed/customview-poolingcontainer-1.0.0/AndroidManifest.xml
Merging manifest with lower [androidx.customview:customview-poolingcontainer:1.0.0] AndroidManifest.xml:17:1-23:12
uses-sdk defined in both files...
Merging uses-sdk with lower [androidx.customview:customview-poolingcontainer:1.0.0] AndroidManifest.xml:20:5-21:38
Merging library manifest /opt/gradle/.gradle/caches/9.3.1/transforms/8b0a1e8bdddcfd4eaa414c63a5b2aa14/transformed/core-ktx-1.15.0/AndroidManifest.xml
Merging manifest with lower [androidx.core:core-ktx:1.15.0] AndroidManifest.xml:2:1-7:12
uses-sdk defined in both files...
Merging uses-sdk with lower [androidx.core:core-ktx:1.15.0] AndroidManifest.xml:5:5-44
Merging library manifest /opt/gradle/.gradle/caches/9.3.1/transforms/fa8feabc88e3ee1814fbc86da2037fc3/transformed/room-runtime-2.6.1/AndroidManifest.xml
Merging manifest with lower [androidx.room:room-runtime:2.6.1] AndroidManifest.xml:17:1-31:12
uses-sdk defined in both files...
Merging uses-sdk with lower [androidx.room:room-runtime:2.6.1] AndroidManifest.xml:21:5-44
application defined in both files...
Merging application with lower [androidx.room:room-runtime:2.6.1] AndroidManifest.xml:23:5-29:19
Adopted [service: null]
Merging library manifest /opt/gradle/.gradle/caches/9.3.1/transforms/5b1bd4617ed888640525790f0b236ea4/transformed/room-ktx-2.6.1/AndroidManifest.xml
Merging manifest with lower [androidx.room:room-ktx:2.6.1] AndroidManifest.xml:17:1-22:12
uses-sdk defined in both files...
Merging uses-sdk with lower [androidx.room:room-ktx:2.6.1] AndroidManifest.xml:20:5-44
Merging library manifest /opt/gradle/.gradle/caches/9.3.1/transforms/e07db293197af857923e9fa0ed561bd8/transformed/android-database-sqlcipher-4.5.4/AndroidManifest.xml
Merging manifest with lower [net.zetetic:android-database-sqlcipher:4.5.4] AndroidManifest.xml:2:1-9:12
uses-sdk defined in both files...
Merging uses-sdk with lower [net.zetetic:android-database-sqlcipher:4.5.4] AndroidManifest.xml:5:5-7:41
Merging library manifest /opt/gradle/.gradle/caches/9.3.1/transforms/a82572026af915ffc3de9127ac656b58/transformed/sqlite-framework-2.4.0/AndroidManifest.xml
Merging manifest with lower [androidx.sqlite:sqlite-framework:2.4.0] AndroidManifest.xml:17:1-22:12
uses-sdk defined in both files...
Merging uses-sdk with lower [androidx.sqlite:sqlite-framework:2.4.0] AndroidManifest.xml:20:5-44
Merging library manifest /opt/gradle/.gradle/caches/9.3.1/transforms/f7bfaea0502db393a0d3d1b6ff7e8f2e/transformed/sqlite-2.4.0/AndroidManifest.xml
Merging manifest with lower [androidx.sqlite:sqlite:2.4.0] AndroidManifest.xml:17:1-22:12
uses-sdk defined in both files...
Merging uses-sdk with lower [androidx.sqlite:sqlite:2.4.0] AndroidManifest.xml:20:5-44
Merging library manifest /opt/gradle/.gradle/caches/9.3.1/transforms/68cefa3663e76bf409e204a13d7176af/transformed/sqlite-ktx-2.4.0/AndroidManifest.xml
Merging manifest with lower [androidx.sqlite:sqlite-ktx:2.4.0] AndroidManifest.xml:2:1-7:12
uses-sdk defined in both files...
Merging uses-sdk with lower [androidx.sqlite:sqlite-ktx:2.4.0] AndroidManifest.xml:5:5-44
Merging library manifest /opt/gradle/.gradle/caches/9.3.1/transforms/f80be17bf894007c8d5c1ab2e25ef9ea/transformed/runtime-saveable-release/AndroidManifest.xml
Merging manifest with lower [androidx.compose.runtime:runtime-saveable-android:1.7.7] AndroidManifest.xml:2:1-7:12
uses-sdk defined in both files...
Merging uses-sdk with lower [androidx.compose.runtime:runtime-saveable-android:1.7.7] AndroidManifest.xml:5:5-44
Merging library manifest /opt/gradle/.gradle/caches/9.3.1/transforms/734cad9dad7234adb7963c6339e50789/transformed/runtime-release/AndroidManifest.xml
Merging manifest with lower [androidx.compose.runtime:runtime-android:1.7.7] AndroidManifest.xml:2:1-7:12
uses-sdk defined in both files...
Merging uses-sdk with lower [androidx.compose.runtime:runtime-android:1.7.7] AndroidManifest.xml:5:5-44
Merging library manifest /opt/gradle/.gradle/caches/9.3.1/transforms/e0934ced7e0eba7eeae05cdcf7ad199c/transformed/annotation-experimental-1.4.1/AndroidManifest.xml
Merging manifest with lower [androidx.annotation:annotation-experimental:1.4.1] AndroidManifest.xml:2:1-7:12
uses-sdk defined in both files...
Merging uses-sdk with lower [androidx.annotation:annotation-experimental:1.4.1] AndroidManifest.xml:5:5-44
Merging library manifest /opt/gradle/.gradle/caches/9.3.1/transforms/0295322d57176204e24702999db54072/transformed/profileinstaller-1.4.0/AndroidManifest.xml
Merging manifest with lower [androidx.profileinstaller:profileinstaller:1.4.0] AndroidManifest.xml:17:1-55:12
uses-sdk defined in both files...
Merging uses-sdk with lower [androidx.profileinstaller:profileinstaller:1.4.0] AndroidManifest.xml:21:5-44
application defined in both files...
Merging application with lower [androidx.profileinstaller:profileinstaller:1.4.0] AndroidManifest.xml:23:5-53:19
provider#androidx.startup.InitializationProvider defined in both files...
Merging provider#androidx.startup.InitializationProvider with lower [androidx.profileinstaller:profileinstaller:1.4.0] AndroidManifest.xml:24:9-32:20
Adopted [meta-data: null]
Adopted [receiver: null]
Merging library manifest /opt/gradle/.gradle/caches/9.3.1/transforms/686474768942b15060a167c711f322c4/transformed/startup-runtime-1.1.1/AndroidManifest.xml
Merging manifest with lower [androidx.startup:startup-runtime:1.1.1] AndroidManifest.xml:17:1-33:12
uses-sdk defined in both files...
Merging uses-sdk with lower [androidx.startup:startup-runtime:1.1.1] AndroidManifest.xml:21:5-23:41
application defined in both files...
Merging application with lower [androidx.startup:startup-runtime:1.1.1] AndroidManifest.xml:25:5-31:19
provider#androidx.startup.InitializationProvider defined in both files...
Merging provider#androidx.startup.InitializationProvider with lower [androidx.startup:startup-runtime:1.1.1] AndroidManifest.xml:26:9-30:34
Merging library manifest /opt/gradle/.gradle/caches/9.3.1/transforms/ee092f46adfa1e16fb1df0196d57c81e/transformed/tracing-1.2.0/AndroidManifest.xml
Merging manifest with lower [androidx.tracing:tracing:1.2.0] AndroidManifest.xml:17:1-22:12
uses-sdk defined in both files...
Merging uses-sdk with lower [androidx.tracing:tracing:1.2.0] AndroidManifest.xml:20:5-44
Merging library manifest /opt/gradle/.gradle/caches/9.3.1/transforms/cbc8b6d4762442a59cec40ea5a8c0dfd/transformed/tracing-ktx-1.2.0/AndroidManifest.xml
Merging manifest with lower [androidx.tracing:tracing-ktx:1.2.0] AndroidManifest.xml:17:1-22:12
uses-sdk defined in both files...
Merging uses-sdk with lower [androidx.tracing:tracing-ktx:1.2.0] AndroidManifest.xml:20:5-44
Merging library manifest /opt/gradle/.gradle/caches/9.3.1/transforms/0ae11b95d50070ab3e9d80bfed88d2be/transformed/security-crypto-1.1.0-alpha06/AndroidManifest.xml
Merging manifest with lower [androidx.security:security-crypto:1.1.0-alpha06] AndroidManifest.xml:17:1-22:12
uses-sdk defined in both files...
Merging uses-sdk with lower [androidx.security:security-crypto:1.1.0-alpha06] AndroidManifest.xml:20:5-44
Merging library manifest /opt/gradle/.gradle/caches/9.3.1/transforms/63e89092a08f937a4fba8f4a2d23e40d/transformed/core-runtime-2.2.0/AndroidManifest.xml
Merging manifest with lower [androidx.arch.core:core-runtime:2.2.0] AndroidManifest.xml:17:1-22:12
uses-sdk defined in both files...
Merging uses-sdk with lower [androidx.arch.core:core-runtime:2.2.0] AndroidManifest.xml:20:5-44
Merging library manifest /opt/gradle/.gradle/caches/9.3.1/transforms/e88df147d948cdc17576f9400d5c7c8f/transformed/exifinterface-1.3.2/AndroidManifest.xml
Merging manifest with lower [androidx.exifinterface:exifinterface:1.3.2] AndroidManifest.xml:17:1-24:12
uses-sdk defined in both files...
Merging uses-sdk with lower [androidx.exifinterface:exifinterface:1.3.2] AndroidManifest.xml:20:5-22:41
Merging library manifest /opt/gradle/.gradle/caches/9.3.1/transforms/e681e4b045b4293a375f1b7cacbf53dd/transformed/transport-backend-cct-2.3.3/AndroidManifest.xml
Merging manifest with lower [com.google.android.datatransport:transport-backend-cct:2.3.3] AndroidManifest.xml:15:1-38:12
uses-sdk defined in both files...
Merging uses-sdk with lower [com.google.android.datatransport:transport-backend-cct:2.3.3] AndroidManifest.xml:19:5-21:41
uses-permission#android.permission.ACCESS_NETWORK_STATE defined in both files...
Merging uses-permission#android.permission.ACCESS_NETWORK_STATE with lower [com.google.android.datatransport:transport-backend-cct:2.3.3] AndroidManifest.xml:25:5-79
uses-permission#android.permission.INTERNET defined in both files...
Merging uses-permission#android.permission.INTERNET with lower [com.google.android.datatransport:transport-backend-cct:2.3.3] AndroidManifest.xml:26:5-67
application defined in both files...
Merging application with lower [com.google.android.datatransport:transport-backend-cct:2.3.3] AndroidManifest.xml:28:5-36:19
Adopted [service: null]
Merging library manifest /opt/gradle/.gradle/caches/9.3.1/transforms/011d15371430177958ad1e663dbe05a5/transformed/transport-runtime-2.2.6/AndroidManifest.xml
Merging manifest with lower [com.google.android.datatransport:transport-runtime:2.2.6] AndroidManifest.xml:15:1-41:12
uses-sdk defined in both files...
Merging uses-sdk with lower [com.google.android.datatransport:transport-runtime:2.2.6] AndroidManifest.xml:18:5-20:41
uses-permission#android.permission.ACCESS_NETWORK_STATE defined in both files...
Merging uses-permission#android.permission.ACCESS_NETWORK_STATE with lower [com.google.android.datatransport:transport-runtime:2.2.6] AndroidManifest.xml:22:5-79
application defined in both files...
Merging application with lower [com.google.android.datatransport:transport-runtime:2.2.6] AndroidManifest.xml:25:5-39:19
Adopted [service: null]
Adopted [receiver: null]
service#com.google.android.datatransport.runtime.backends.TransportBackendDiscovery defined in both files...
Merging service#com.google.android.datatransport.runtime.backends.TransportBackendDiscovery with lower [com.google.android.datatransport:transport-runtime:2.2.6] AndroidManifest.xml:36:9-38:40
Merging library manifest /opt/gradle/.gradle/caches/9.3.1/transforms/13e11118d10f1e6bf51ea8068a1a842b/transformed/transport-api-2.2.1/AndroidManifest.xml
Merging manifest with lower [com.google.android.datatransport:transport-api:2.2.1] AndroidManifest.xml:15:1-22:12
uses-sdk defined in both files...
Merging uses-sdk with lower [com.google.android.datatransport:transport-api:2.2.1] AndroidManifest.xml:18:5-20:41
Merging library manifest /opt/gradle/.gradle/caches/9.3.1/transforms/f75d44d83b5554be235d327714d2dc10/transformed/firebase-components-16.1.0/AndroidManifest.xml
Merging manifest with lower [com.google.firebase:firebase-components:16.1.0] AndroidManifest.xml:15:1-23:12
uses-sdk defined in both files...
Merging uses-sdk with lower [com.google.firebase:firebase-components:16.1.0] AndroidManifest.xml:19:5-21:41
Merging library manifest /opt/gradle/.gradle/caches/9.3.1/transforms/d6d7ecb6e93eab0f79e5b24b006ff897/transformed/firebase-encoders-json-17.1.0/AndroidManifest.xml
Merging manifest with lower [com.google.firebase:firebase-encoders-json:17.1.0] AndroidManifest.xml:15:1-23:12
uses-sdk defined in both files...
Merging uses-sdk with lower [com.google.firebase:firebase-encoders-json:17.1.0] AndroidManifest.xml:19:5-21:41
Merging library manifest /opt/gradle/.gradle/caches/9.3.1/transforms/55fefdcf8a04699088d26bd960c84a2d/transformed/interpolator-1.0.0/AndroidManifest.xml
Merging manifest with lower [androidx.interpolator:interpolator:1.0.0] AndroidManifest.xml:17:1-22:12
uses-sdk defined in both files...
Merging uses-sdk with lower [androidx.interpolator:interpolator:1.0.0] AndroidManifest.xml:20:5-44
Merging library manifest /opt/gradle/.gradle/caches/9.3.1/transforms/a3ac6dc25c5a5cf869f07ccdea146095/transformed/versionedparcelable-1.1.1/AndroidManifest.xml
Merging manifest with lower [androidx.versionedparcelable:versionedparcelable:1.1.1] AndroidManifest.xml:17:1-27:12
uses-sdk defined in both files...
Merging uses-sdk with lower [androidx.versionedparcelable:versionedparcelable:1.1.1] AndroidManifest.xml:20:5-22:41
application defined in both files...
Merging application with lower [androidx.versionedparcelable:versionedparcelable:1.1.1] AndroidManifest.xml:24:5-25:19
Merging library manifest /opt/gradle/.gradle/caches/9.3.1/transforms/ae5af4558dfa7d2a50ff601ff8d100af/transformed/cursoradapter-1.0.0/AndroidManifest.xml
Merging manifest with lower [androidx.cursoradapter:cursoradapter:1.0.0] AndroidManifest.xml:17:1-22:12
uses-sdk defined in both files...
Merging uses-sdk with lower [androidx.cursoradapter:cursoradapter:1.0.0] AndroidManifest.xml:20:5-44
Merging library manifest /opt/gradle/.gradle/caches/9.3.1/transforms/140fb80a8e5c5bf37349176a5f669951/transformed/tensorflow-lite-support-0.4.4/AndroidManifest.xml
Merging manifest with lower [org.tensorflow:tensorflow-lite-support:0.4.4] AndroidManifest.xml:2:1-5:12
uses-sdk defined in both files...
Merging uses-sdk with lower [org.tensorflow:tensorflow-lite-support:0.4.4] AndroidManifest.xml:4:3-71
Merging library manifest /opt/gradle/.gradle/caches/9.3.1/transforms/d815c646971396ef2dc34d47c13b2e27/transformed/tensorflow-lite-2.16.1/AndroidManifest.xml
Merging manifest with lower [org.tensorflow:tensorflow-lite:2.16.1] AndroidManifest.xml:2:1-11:12
uses-sdk defined in both files...
Merging uses-sdk with lower [org.tensorflow:tensorflow-lite:2.16.1] AndroidManifest.xml:6:5-7:38
application defined in both files...
Merging application with lower [org.tensorflow:tensorflow-lite:2.16.1] AndroidManifest.xml:9:5-20
Merging library manifest /opt/gradle/.gradle/caches/9.3.1/transforms/f9988d1f913d5a6646e00a79e1a44df1/transformed/tensorflow-lite-gpu-2.16.1/AndroidManifest.xml
Merging manifest with lower [org.tensorflow:tensorflow-lite-gpu:2.16.1] AndroidManifest.xml:2:1-11:12
uses-sdk defined in both files...
Merging uses-sdk with lower [org.tensorflow:tensorflow-lite-gpu:2.16.1] AndroidManifest.xml:6:5-7:38
application defined in both files...
Merging application with lower [org.tensorflow:tensorflow-lite-gpu:2.16.1] AndroidManifest.xml:9:5-20
Merging library manifest /opt/gradle/.gradle/caches/9.3.1/transforms/80a84396db5cda4347b804bd1d7f2f40/transformed/tensorflow-lite-gpu-api-2.16.1/AndroidManifest.xml
Merging manifest with lower [org.tensorflow:tensorflow-lite-gpu-api:2.16.1] AndroidManifest.xml:2:1-21:12
application defined in both files...
Merging application with lower [org.tensorflow:tensorflow-lite-gpu-api:2.16.1] AndroidManifest.xml:5:5-19:19
Adopted [uses-native-library: null]
Adopted [uses-native-library: null]
Adopted [uses-native-library: null]
Merging library manifest /opt/gradle/.gradle/caches/9.3.1/transforms/11950b801fc2e05d1c6a78af1ab45f4d/transformed/tensorflow-lite-support-api-0.4.4/AndroidManifest.xml
Merging manifest with lower [org.tensorflow:tensorflow-lite-support-api:0.4.4] AndroidManifest.xml:2:1-5:12
uses-sdk defined in both files...
Merging uses-sdk with lower [org.tensorflow:tensorflow-lite-support-api:0.4.4] AndroidManifest.xml:4:3-71
Merging library manifest /opt/gradle/.gradle/caches/9.3.1/transforms/81d8589c16ec7f2dbb8249cd4c7714c7/transformed/tensorflow-lite-api-2.16.1/AndroidManifest.xml
Merging manifest with lower [org.tensorflow:tensorflow-lite-api:2.16.1] AndroidManifest.xml:2:1-11:12
uses-sdk defined in both files...
Merging uses-sdk with lower [org.tensorflow:tensorflow-lite-api:2.16.1] AndroidManifest.xml:6:5-7:38
application defined in both files...
Merging application with lower [org.tensorflow:tensorflow-lite-api:2.16.1] AndroidManifest.xml:9:5-20
Merging library manifest /opt/gradle/.gradle/caches/9.3.1/transforms/762045436f642dafcc6244b1ec40fc42/transformed/image-1.0.0-beta1/AndroidManifest.xml
Merging manifest with lower [com.google.android.odml:image:1.0.0-beta1] AndroidManifest.xml:2:1-9:12
uses-sdk defined in both files...
Merging uses-sdk with lower [com.google.android.odml:image:1.0.0-beta1] AndroidManifest.xml:5:5-44
application defined in both files...
Merging application with lower [com.google.android.odml:image:1.0.0-beta1] AndroidManifest.xml:7:5-20
Merging result: WARNING
[org.tensorflow:tensorflow-lite-support:0.4.4] /opt/gradle/.gradle/caches/9.3.1/transforms/140fb80a8e5c5bf37349176a5f669951/transformed/tensorflow-lite-support-0.4.4/AndroidManifest.xml Warning:
	Namespace 'org.tensorflow.lite.support' is used in multiple modules and/or libraries: org.tensorflow:tensorflow-lite-support:0.4.4, org.tensorflow:tensorflow-lite-support-api:0.4.4. Please ensure that all modules and libraries have a unique namespace. For more information, See https://developer.android.com/studio/build/configure-app-module#set-namespace
-- Merging decision tree log ---
manifest
ADDED from /app/applet/app/src/main/AndroidManifest.xml:2:1-26:12
INJECTED from /app/applet/app/src/main/AndroidManifest.xml:2:1-26:12
INJECTED from /app/applet/app/src/main/AndroidManifest.xml:2:1-26:12
INJECTED from /app/applet/app/src/main/AndroidManifest.xml:2:1-26:12
MERGED from [androidx.navigation:navigation-common:2.8.6] /opt/gradle/.gradle/caches/9.3.1/transforms/cfba001c1090bf3b0f1ff461e1ca9083/transformed/navigation-common-2.8.6/AndroidManifest.xml:17:1-22:12
MERGED from [androidx.navigation:navigation-runtime:2.8.6] /opt/gradle/.gradle/caches/9.3.1/transforms/cb2eff5dd8d049b6e77aeb9e14e54b30/transformed/navigation-runtime-2.8.6/AndroidManifest.xml:17:1-22:12
MERGED from [androidx.navigation:navigation-common-ktx:2.8.6] /opt/gradle/.gradle/caches/9.3.1/transforms/6ce6b69e1fcce1ec05b64c2457586e69/transformed/navigation-common-ktx-2.8.6/AndroidManifest.xml:2:1-7:12
MERGED from [androidx.navigation:navigation-runtime-ktx:2.8.6] /opt/gradle/.gradle/caches/9.3.1/transforms/14067a9364d5c1db1ea5ce236788b5f9/transformed/navigation-runtime-ktx-2.8.6/AndroidManifest.xml:2:1-7:12
MERGED from [androidx.navigation:navigation-compose:2.8.6] /opt/gradle/.gradle/caches/9.3.1/transforms/8b332c21aa24fa93bbf4bf84ac123724/transformed/navigation-compose-2.8.6/AndroidManifest.xml:2:1-7:12
MERGED from [androidx.compose.material3:material3-android:1.3.1] /opt/gradle/.gradle/caches/9.3.1/transforms/c1413968d3e62df6bfa29a6f524cf2a9/transformed/material3-release/AndroidManifest.xml:17:1-22:12
MERGED from [androidx.compose.material:material-android:1.7.7] /opt/gradle/.gradle/caches/9.3.1/transforms/71a65d5946cda8d2581f0a6003aa3140/transformed/material-release/AndroidManifest.xml:2:1-7:12
MERGED from [androidx.compose.material:material-ripple-android:1.7.7] /opt/gradle/.gradle/caches/9.3.1/transforms/35304c52019252b8bfd4b2653e87c12e/transformed/material-ripple-release/AndroidManifest.xml:2:1-7:12
MERGED from [androidx.compose.foundation:foundation-android:1.7.7] /opt/gradle/.gradle/caches/9.3.1/transforms/d54635c460f2b00a5fa3d20976504a9f/transformed/foundation-release/AndroidManifest.xml:2:1-7:12
MERGED from [androidx.compose.foundation:foundation-layout-android:1.7.7] /opt/gradle/.gradle/caches/9.3.1/transforms/4b32c536aebd6d65f922f749d2300197/transformed/foundation-layout-release/AndroidManifest.xml:2:1-7:12
MERGED from [androidx.compose.animation:animation-core-android:1.7.7] /opt/gradle/.gradle/caches/9.3.1/transforms/cbaa4f213e734accc6eb46c9b87b24d6/transformed/animation-core-release/AndroidManifest.xml:2:1-7:12
MERGED from [androidx.compose.animation:animation-android:1.7.7] /opt/gradle/.gradle/caches/9.3.1/transforms/2867fc708891f916cfb1ac5515a09a8c/transformed/animation-release/AndroidManifest.xml:2:1-7:12
MERGED from [androidx.compose.ui:ui-tooling-data-android:1.7.7] /opt/gradle/.gradle/caches/9.3.1/transforms/f435d091e3fea69711f05dafd155f12e/transformed/ui-tooling-data-release/AndroidManifest.xml:2:1-7:12
MERGED from [androidx.compose.ui:ui-unit-android:1.7.7] /opt/gradle/.gradle/caches/9.3.1/transforms/dd300fe65be90819d9d4a703a4c89cfe/transformed/ui-unit-release/AndroidManifest.xml:2:1-7:12
MERGED from [androidx.compose.ui:ui-geometry-android:1.7.7] /opt/gradle/.gradle/caches/9.3.1/transforms/3e943f7bed414e28acdb809ffa5ec1fb/transformed/ui-geometry-release/AndroidManifest.xml:2:1-7:12
MERGED from [androidx.compose.ui:ui-util-android:1.7.7] /opt/gradle/.gradle/caches/9.3.1/transforms/76e233bfdee369a6e9522adf873f441a/transformed/ui-util-release/AndroidManifest.xml:2:1-7:12
MERGED from [androidx.compose.ui:ui-text-android:1.7.7] /opt/gradle/.gradle/caches/9.3.1/transforms/29cb02d30f1086b34aebd2823669fb1e/transformed/ui-text-release/AndroidManifest.xml:2:1-7:12
MERGED from [androidx.compose.ui:ui-tooling-preview-android:1.7.7] /opt/gradle/.gradle/caches/9.3.1/transforms/cae744c59f9fd362d0dbdab4a77ae4e2/transformed/ui-tooling-preview-release/AndroidManifest.xml:17:1-22:12
MERGED from [androidx.compose.ui:ui-tooling-android:1.7.7] /opt/gradle/.gradle/caches/9.3.1/transforms/2656ec1173b9d586977acc27625fa4f6/transformed/ui-tooling-release/AndroidManifest.xml:17:1-28:12
MERGED from [androidx.compose.ui:ui-graphics-android:1.7.7] /opt/gradle/.gradle/caches/9.3.1/transforms/3ef2b3df1f8d4c53e62b448f70deb2ff/transformed/ui-graphics-release/AndroidManifest.xml:2:1-7:12
MERGED from [androidx.camera:camera-video:1.4.1] /opt/gradle/.gradle/caches/9.3.1/transforms/0ac576fea87c944ea7c7da1266c3e7f2/transformed/camera-video-1.4.1/AndroidManifest.xml:2:1-7:12
MERGED from [androidx.camera:camera-view:1.4.1] /opt/gradle/.gradle/caches/9.3.1/transforms/96bb6106006167bcd943ec6cd5f1ba12/transformed/camera-view-1.4.1/AndroidManifest.xml:2:1-7:12
MERGED from [androidx.camera:camera-lifecycle:1.4.1] /opt/gradle/.gradle/caches/9.3.1/transforms/21e69343add6a8570b7e35a453f54be8/transformed/camera-lifecycle-1.4.1/AndroidManifest.xml:2:1-7:12
MERGED from [androidx.camera:camera-camera2:1.4.1] /opt/gradle/.gradle/caches/9.3.1/transforms/f038e5d1e7c116fbcff7d9261720400b/transformed/camera-camera2-1.4.1/AndroidManifest.xml:17:1-36:12
MERGED from [androidx.camera:camera-core:1.4.1] /opt/gradle/.gradle/caches/9.3.1/transforms/9f6e9e86f0d59aa27113229fd312f676/transformed/camera-core-1.4.1/AndroidManifest.xml:17:1-36:12
MERGED from [androidx.work:work-runtime-ktx:2.10.0] /opt/gradle/.gradle/caches/9.3.1/transforms/334ef02e850ad4be241bff276a04d43b/transformed/work-runtime-ktx-2.10.0/AndroidManifest.xml:17:1-22:12
MERGED from [androidx.work:work-runtime:2.10.0] /opt/gradle/.gradle/caches/9.3.1/transforms/d72c9be495438d892104a6baca8def2c/transformed/work-runtime-2.10.0/AndroidManifest.xml:17:1-145:12
MERGED from [androidx.biometric:biometric:1.1.0] /opt/gradle/.gradle/caches/9.3.1/transforms/db9815c621bec979713b0f61ea753d6d/transformed/biometric-1.1.0/AndroidManifest.xml:17:1-29:12
MERGED from [com.google.mlkit:face-detection:16.1.7] /opt/gradle/.gradle/caches/9.3.1/transforms/d129cccff7b8be298bbc089510e9f66e/transformed/face-detection-16.1.7/AndroidManifest.xml:2:1-8:12
MERGED from [com.google.android.gms:play-services-mlkit-face-detection:17.1.0] /opt/gradle/.gradle/caches/9.3.1/transforms/dffed1caa670307983ef5ae65467ece6/transformed/play-services-mlkit-face-detection-17.1.0/AndroidManifest.xml:2:1-18:12
MERGED from [com.google.mlkit:vision-common:17.2.0] /opt/gradle/.gradle/caches/9.3.1/transforms/14edad1fdc5f968ec2eb2cb605627304/transformed/vision-common-17.2.0/AndroidManifest.xml:2:1-18:12
MERGED from [com.google.mlkit:common:18.11.0] /opt/gradle/.gradle/caches/9.3.1/transforms/e0e4120f8e98f38efe29dd398701e4a4/transformed/common-18.11.0/AndroidManifest.xml:2:1-26:12
MERGED from [com.google.android.gms:play-services-base:18.5.0] /opt/gradle/.gradle/caches/9.3.1/transforms/3a6c62cb2c20347628679dc261845e41/transformed/play-services-base-18.5.0/AndroidManifest.xml:2:1-7:12
MERGED from [com.google.mlkit:vision-interfaces:16.1.0] /opt/gradle/.gradle/caches/9.3.1/transforms/c98894093dc29395a8748dc38b2aba7b/transformed/vision-interfaces-16.1.0/AndroidManifest.xml:2:1-7:12
MERGED from [com.google.android.gms:play-services-tasks:18.2.0] /opt/gradle/.gradle/caches/9.3.1/transforms/d8c33c6f405f76ab2ca2d2055b3eb5de/transformed/play-services-tasks-18.2.0/AndroidManifest.xml:2:1-5:12
MERGED from [com.google.android.gms:play-services-basement:18.4.0] /opt/gradle/.gradle/caches/9.3.1/transforms/652f5041af5e53833de1ed10c0a6ff41/transformed/play-services-basement-18.4.0/AndroidManifest.xml:2:1-9:12
MERGED from [androidx.appcompat:appcompat-resources:1.6.1] /opt/gradle/.gradle/caches/9.3.1/transforms/848a13635a25ad91cf302645e98cc17a/transformed/appcompat-resources-1.6.1/AndroidManifest.xml:17:1-22:12
MERGED from [androidx.appcompat:appcompat:1.6.1] /opt/gradle/.gradle/caches/9.3.1/transforms/7335bfe1fc14572edd038a85443784af/transformed/appcompat-1.6.1/AndroidManifest.xml:17:1-22:12
MERGED from [androidx.autofill:autofill:1.0.0] /opt/gradle/.gradle/caches/9.3.1/transforms/0e99e6ef21751ce50406b5caf638e2d5/transformed/autofill-1.0.0/AndroidManifest.xml:17:1-24:12
MERGED from [androidx.graphics:graphics-path:1.0.1] /opt/gradle/.gradle/caches/9.3.1/transforms/0ccacb7b265049ade6f25be0e72dd085/transformed/graphics-path-1.0.1/AndroidManifest.xml:2:1-7:12
MERGED from [androidx.fragment:fragment:1.3.6] /opt/gradle/.gradle/caches/9.3.1/transforms/fd282129700ba137ce58ce40ed68d011/transformed/fragment-1.3.6/AndroidManifest.xml:17:1-24:12
MERGED from [androidx.drawerlayout:drawerlayout:1.0.0] /opt/gradle/.gradle/caches/9.3.1/transforms/4c0d772827d4ae5e90ff241b1851b229/transformed/drawerlayout-1.0.0/AndroidManifest.xml:17:1-22:12
MERGED from [androidx.viewpager:viewpager:1.0.0] /opt/gradle/.gradle/caches/9.3.1/transforms/d13c750d163e12dc2332108dc4e31633/transformed/viewpager-1.0.0/AndroidManifest.xml:17:1-22:12
MERGED from [androidx.loader:loader:1.0.0] /opt/gradle/.gradle/caches/9.3.1/transforms/63ebf3c38d535eca13380f1914c17e9a/transformed/loader-1.0.0/AndroidManifest.xml:17:1-22:12
MERGED from [androidx.vectordrawable:vectordrawable-animated:1.1.0] /opt/gradle/.gradle/caches/9.3.1/transforms/9c67e73acb7122b060226f1806e0bde2/transformed/vectordrawable-animated-1.1.0/AndroidManifest.xml:17:1-24:12
MERGED from [androidx.vectordrawable:vectordrawable:1.1.0] /opt/gradle/.gradle/caches/9.3.1/transforms/fa74b67558102b5b5b6a2fedbdd59eac/transformed/vectordrawable-1.1.0/AndroidManifest.xml:17:1-24:12
MERGED from [androidx.customview:customview:1.0.0] /opt/gradle/.gradle/caches/9.3.1/transforms/94acad258bf2f2fa2349acd2c67d5b7f/transformed/customview-1.0.0/AndroidManifest.xml:17:1-22:12
MERGED from [androidx.emoji2:emoji2-views-helper:1.3.0] /opt/gradle/.gradle/caches/9.3.1/transforms/bbd5a62d8ab1801572c3c20e1b650bf2/transformed/emoji2-views-helper-1.3.0/AndroidManifest.xml:2:1-7:12
MERGED from [androidx.emoji2:emoji2:1.3.0] /opt/gradle/.gradle/caches/9.3.1/transforms/68a50fed734ede7b93d7686f5732d3eb/transformed/emoji2-1.3.0/AndroidManifest.xml:17:1-35:12
MERGED from [androidx.core:core:1.15.0] /opt/gradle/.gradle/caches/9.3.1/transforms/dfd28ea1ba4f09a953f2145f760f8373/transformed/core-1.15.0/AndroidManifest.xml:17:1-30:12
MERGED from [androidx.savedstate:savedstate-ktx:1.2.1] /opt/gradle/.gradle/caches/9.3.1/transforms/d7fdaa8053130226f990833e099f8545/transformed/savedstate-ktx-1.2.1/AndroidManifest.xml:17:1-22:12
MERGED from [androidx.savedstate:savedstate:1.2.1] /opt/gradle/.gradle/caches/9.3.1/transforms/d639e5eec4e017d12266141a64b93f98/transformed/savedstate-1.2.1/AndroidManifest.xml:17:1-22:12
MERGED from [androidx.lifecycle:lifecycle-runtime-compose-android:2.8.7] /opt/gradle/.gradle/caches/9.3.1/transforms/b4bf82e62b29dcddde19fcb913dfcf00/transformed/lifecycle-runtime-compose-release/AndroidManifest.xml:2:1-7:12
MERGED from [androidx.lifecycle:lifecycle-process:2.8.7] /opt/gradle/.gradle/caches/9.3.1/transforms/9c8f760344c9f126a35c1b26dd907714/transformed/lifecycle-process-2.8.7/AndroidManifest.xml:17:1-35:12
MERGED from [androidx.lifecycle:lifecycle-viewmodel:2.8.7] /opt/gradle/.gradle/caches/9.3.1/transforms/bec7f0cce5a285c4cd65bd632647aa2b/transformed/lifecycle-viewmodel-2.8.7/AndroidManifest.xml:2:1-5:12
MERGED from [androidx.lifecycle:lifecycle-viewmodel-android:2.8.7] /opt/gradle/.gradle/caches/9.3.1/transforms/8942efdab06e3a97cc115dd904118621/transformed/lifecycle-viewmodel-release/AndroidManifest.xml:17:1-22:12
MERGED from [androidx.lifecycle:lifecycle-livedata-core-ktx:2.8.7] /opt/gradle/.gradle/caches/9.3.1/transforms/464a2092c1cbf2600ec88a91f6cfb3bc/transformed/lifecycle-livedata-core-ktx-2.8.7/AndroidManifest.xml:2:1-7:12
MERGED from [androidx.lifecycle:lifecycle-runtime-android:2.8.7] /opt/gradle/.gradle/caches/9.3.1/transforms/aefcda6c8556cb834d5e6ab30dfa8f3b/transformed/lifecycle-runtime-release/AndroidManifest.xml:17:1-22:12
MERGED from [androidx.lifecycle:lifecycle-service:2.8.7] /opt/gradle/.gradle/caches/9.3.1/transforms/d058df0cbc664e2472da35f571e2c4f2/transformed/lifecycle-service-2.8.7/AndroidManifest.xml:2:1-7:12
MERGED from [androidx.lifecycle:lifecycle-viewmodel-savedstate:2.8.7] /opt/gradle/.gradle/caches/9.3.1/transforms/d19f0fc89d8e7234b8a5feaef9ec2153/transformed/lifecycle-viewmodel-savedstate-2.8.7/AndroidManifest.xml:17:1-22:12
MERGED from [androidx.lifecycle:lifecycle-viewmodel-ktx:2.8.7] /opt/gradle/.gradle/caches/9.3.1/transforms/287c289aad7447f18fcb67f5cc691e72/transformed/lifecycle-viewmodel-ktx-2.8.7/AndroidManifest.xml:2:1-7:12
MERGED from [androidx.lifecycle:lifecycle-livedata-core:2.8.7] /opt/gradle/.gradle/caches/9.3.1/transforms/f55aead0b91686d62f82e552aecf372c/transformed/lifecycle-livedata-core-2.8.7/AndroidManifest.xml:17:1-22:12
MERGED from [androidx.lifecycle:lifecycle-livedata:2.8.7] /opt/gradle/.gradle/caches/9.3.1/transforms/c3ed01a85576d78a5630e2a09262f24d/transformed/lifecycle-livedata-2.8.7/AndroidManifest.xml:17:1-22:12
MERGED from [androidx.lifecycle:lifecycle-runtime-ktx-android:2.8.7] /opt/gradle/.gradle/caches/9.3.1/transforms/fe7064822851010a674edcf0b9506cf8/transformed/lifecycle-runtime-ktx-release/AndroidManifest.xml:2:1-7:12
MERGED from [androidx.lifecycle:lifecycle-viewmodel-compose-android:2.8.7] /opt/gradle/.gradle/caches/9.3.1/transforms/182942c855f725d1cfb2c9fda42815ad/transformed/lifecycle-viewmodel-compose-release/AndroidManifest.xml:2:1-7:12
MERGED from [androidx.compose.material:material-icons-core-android:1.7.7] /opt/gradle/.gradle/caches/9.3.1/transforms/8c3b5e25397c360170936ec6dc6ca6b8/transformed/material-icons-core-release/AndroidManifest.xml:2:1-7:12
MERGED from [androidx.compose.ui:ui-android:1.7.7] /opt/gradle/.gradle/caches/9.3.1/transforms/a21498426ab6b262bc2e88ab3ce788cb/transformed/ui-release/AndroidManifest.xml:2:1-7:12
MERGED from [androidx.compose.ui:ui-test-manifest:1.7.7] /opt/gradle/.gradle/caches/9.3.1/transforms/065bc42160da05e3e553900dd9656ee8/transformed/ui-test-manifest-1.7.7/AndroidManifest.xml:17:1-28:12
MERGED from [androidx.activity:activity:1.10.0] /opt/gradle/.gradle/caches/9.3.1/transforms/70616132c5410d2ab830e7e4af57606e/transformed/activity-1.10.0/AndroidManifest.xml:17:1-22:12
MERGED from [androidx.activity:activity-ktx:1.10.0] /opt/gradle/.gradle/caches/9.3.1/transforms/5e010ed8ad68415635e351989b9ce5c8/transformed/activity-ktx-1.10.0/AndroidManifest.xml:2:1-7:12
MERGED from [androidx.activity:activity-compose:1.10.0] /opt/gradle/.gradle/caches/9.3.1/transforms/72adcbd069e7f8cbfe138f37aa141bcf/transformed/activity-compose-1.10.0/AndroidManifest.xml:2:1-7:12
MERGED from [androidx.customview:customview-poolingcontainer:1.0.0] /opt/gradle/.gradle/caches/9.3.1/transforms/d3492d8ac35535ff632ae8141ff0ad69/transformed/customview-poolingcontainer-1.0.0/AndroidManifest.xml:17:1-23:12
MERGED from [androidx.core:core-ktx:1.15.0] /opt/gradle/.gradle/caches/9.3.1/transforms/8b0a1e8bdddcfd4eaa414c63a5b2aa14/transformed/core-ktx-1.15.0/AndroidManifest.xml:2:1-7:12
MERGED from [androidx.room:room-runtime:2.6.1] /opt/gradle/.gradle/caches/9.3.1/transforms/fa8feabc88e3ee1814fbc86da2037fc3/transformed/room-runtime-2.6.1/AndroidManifest.xml:17:1-31:12
MERGED from [androidx.room:room-ktx:2.6.1] /opt/gradle/.gradle/caches/9.3.1/transforms/5b1bd4617ed888640525790f0b236ea4/transformed/room-ktx-2.6.1/AndroidManifest.xml:17:1-22:12
MERGED from [net.zetetic:android-database-sqlcipher:4.5.4] /opt/gradle/.gradle/caches/9.3.1/transforms/e07db293197af857923e9fa0ed561bd8/transformed/android-database-sqlcipher-4.5.4/AndroidManifest.xml:2:1-9:12
MERGED from [androidx.sqlite:sqlite-framework:2.4.0] /opt/gradle/.gradle/caches/9.3.1/transforms/a82572026af915ffc3de9127ac656b58/transformed/sqlite-framework-2.4.0/AndroidManifest.xml:17:1-22:12
MERGED from [androidx.sqlite:sqlite:2.4.0] /opt/gradle/.gradle/caches/9.3.1/transforms/f7bfaea0502db393a0d3d1b6ff7e8f2e/transformed/sqlite-2.4.0/AndroidManifest.xml:17:1-22:12
MERGED from [androidx.sqlite:sqlite-ktx:2.4.0] /opt/gradle/.gradle/caches/9.3.1/transforms/68cefa3663e76bf409e204a13d7176af/transformed/sqlite-ktx-2.4.0/AndroidManifest.xml:2:1-7:12
MERGED from [androidx.compose.runtime:runtime-saveable-android:1.7.7] /opt/gradle/.gradle/caches/9.3.1/transforms/f80be17bf894007c8d5c1ab2e25ef9ea/transformed/runtime-saveable-release/AndroidManifest.xml:2:1-7:12
MERGED from [androidx.compose.runtime:runtime-android:1.7.7] /opt/gradle/.gradle/caches/9.3.1/transforms/734cad9dad7234adb7963c6339e50789/transformed/runtime-release/AndroidManifest.xml:2:1-7:12
MERGED from [androidx.annotation:annotation-experimental:1.4.1] /opt/gradle/.gradle/caches/9.3.1/transforms/e0934ced7e0eba7eeae05cdcf7ad199c/transformed/annotation-experimental-1.4.1/AndroidManifest.xml:2:1-7:12
MERGED from [androidx.profileinstaller:profileinstaller:1.4.0] /opt/gradle/.gradle/caches/9.3.1/transforms/0295322d57176204e24702999db54072/transformed/profileinstaller-1.4.0/AndroidManifest.xml:17:1-55:12
MERGED from [androidx.startup:startup-runtime:1.1.1] /opt/gradle/.gradle/caches/9.3.1/transforms/686474768942b15060a167c711f322c4/transformed/startup-runtime-1.1.1/AndroidManifest.xml:17:1-33:12
MERGED from [androidx.tracing:tracing:1.2.0] /opt/gradle/.gradle/caches/9.3.1/transforms/ee092f46adfa1e16fb1df0196d57c81e/transformed/tracing-1.2.0/AndroidManifest.xml:17:1-22:12
MERGED from [androidx.tracing:tracing-ktx:1.2.0] /opt/gradle/.gradle/caches/9.3.1/transforms/cbc8b6d4762442a59cec40ea5a8c0dfd/transformed/tracing-ktx-1.2.0/AndroidManifest.xml:17:1-22:12
MERGED from [androidx.security:security-crypto:1.1.0-alpha06] /opt/gradle/.gradle/caches/9.3.1/transforms/0ae11b95d50070ab3e9d80bfed88d2be/transformed/security-crypto-1.1.0-alpha06/AndroidManifest.xml:17:1-22:12
MERGED from [androidx.arch.core:core-runtime:2.2.0] /opt/gradle/.gradle/caches/9.3.1/transforms/63e89092a08f937a4fba8f4a2d23e40d/transformed/core-runtime-2.2.0/AndroidManifest.xml:17:1-22:12
MERGED from [androidx.exifinterface:exifinterface:1.3.2] /opt/gradle/.gradle/caches/9.3.1/transforms/e88df147d948cdc17576f9400d5c7c8f/transformed/exifinterface-1.3.2/AndroidManifest.xml:17:1-24:12
MERGED from [com.google.android.datatransport:transport-backend-cct:2.3.3] /opt/gradle/.gradle/caches/9.3.1/transforms/e681e4b045b4293a375f1b7cacbf53dd/transformed/transport-backend-cct-2.3.3/AndroidManifest.xml:15:1-38:12
MERGED from [com.google.android.datatransport:transport-runtime:2.2.6] /opt/gradle/.gradle/caches/9.3.1/transforms/011d15371430177958ad1e663dbe05a5/transformed/transport-runtime-2.2.6/AndroidManifest.xml:15:1-41:12
MERGED from [com.google.android.datatransport:transport-api:2.2.1] /opt/gradle/.gradle/caches/9.3.1/transforms/13e11118d10f1e6bf51ea8068a1a842b/transformed/transport-api-2.2.1/AndroidManifest.xml:15:1-22:12
MERGED from [com.google.firebase:firebase-components:16.1.0] /opt/gradle/.gradle/caches/9.3.1/transforms/f75d44d83b5554be235d327714d2dc10/transformed/firebase-components-16.1.0/AndroidManifest.xml:15:1-23:12
MERGED from [com.google.firebase:firebase-encoders-json:17.1.0] /opt/gradle/.gradle/caches/9.3.1/transforms/d6d7ecb6e93eab0f79e5b24b006ff897/transformed/firebase-encoders-json-17.1.0/AndroidManifest.xml:15:1-23:12
MERGED from [androidx.interpolator:interpolator:1.0.0] /opt/gradle/.gradle/caches/9.3.1/transforms/55fefdcf8a04699088d26bd960c84a2d/transformed/interpolator-1.0.0/AndroidManifest.xml:17:1-22:12
MERGED from [androidx.versionedparcelable:versionedparcelable:1.1.1] /opt/gradle/.gradle/caches/9.3.1/transforms/a3ac6dc25c5a5cf869f07ccdea146095/transformed/versionedparcelable-1.1.1/AndroidManifest.xml:17:1-27:12
MERGED from [androidx.cursoradapter:cursoradapter:1.0.0] /opt/gradle/.gradle/caches/9.3.1/transforms/ae5af4558dfa7d2a50ff601ff8d100af/transformed/cursoradapter-1.0.0/AndroidManifest.xml:17:1-22:12
MERGED from [org.tensorflow:tensorflow-lite-support:0.4.4] /opt/gradle/.gradle/caches/9.3.1/transforms/140fb80a8e5c5bf37349176a5f669951/transformed/tensorflow-lite-support-0.4.4/AndroidManifest.xml:2:1-5:12
MERGED from [org.tensorflow:tensorflow-lite:2.16.1] /opt/gradle/.gradle/caches/9.3.1/transforms/d815c646971396ef2dc34d47c13b2e27/transformed/tensorflow-lite-2.16.1/AndroidManifest.xml:2:1-11:12
MERGED from [org.tensorflow:tensorflow-lite-gpu:2.16.1] /opt/gradle/.gradle/caches/9.3.1/transforms/f9988d1f913d5a6646e00a79e1a44df1/transformed/tensorflow-lite-gpu-2.16.1/AndroidManifest.xml:2:1-11:12
MERGED from [org.tensorflow:tensorflow-lite-gpu-api:2.16.1] /opt/gradle/.gradle/caches/9.3.1/transforms/80a84396db5cda4347b804bd1d7f2f40/transformed/tensorflow-lite-gpu-api-2.16.1/AndroidManifest.xml:2:1-21:12
MERGED from [org.tensorflow:tensorflow-lite-support-api:0.4.4] /opt/gradle/.gradle/caches/9.3.1/transforms/11950b801fc2e05d1c6a78af1ab45f4d/transformed/tensorflow-lite-support-api-0.4.4/AndroidManifest.xml:2:1-5:12
MERGED from [org.tensorflow:tensorflow-lite-api:2.16.1] /opt/gradle/.gradle/caches/9.3.1/transforms/81d8589c16ec7f2dbb8249cd4c7714c7/transformed/tensorflow-lite-api-2.16.1/AndroidManifest.xml:2:1-11:12
MERGED from [com.google.android.odml:image:1.0.0-beta1] /opt/gradle/.gradle/caches/9.3.1/transforms/762045436f642dafcc6244b1ec40fc42/transformed/image-1.0.0-beta1/AndroidManifest.xml:2:1-9:12
	package
		INJECTED from /app/applet/app/src/main/AndroidManifest.xml
	android:versionName
		INJECTED from /app/applet/app/src/main/AndroidManifest.xml
	android:versionCode
		INJECTED from /app/applet/app/src/main/AndroidManifest.xml
	xmlns:android
		ADDED from /app/applet/app/src/main/AndroidManifest.xml:2:11-69
uses-permission#android.permission.CAMERA
ADDED from /app/applet/app/src/main/AndroidManifest.xml:4:5-65
	android:name
		ADDED from /app/applet/app/src/main/AndroidManifest.xml:4:22-62
uses-permission#android.permission.INTERNET
ADDED from /app/applet/app/src/main/AndroidManifest.xml:5:5-67
MERGED from [com.google.android.datatransport:transport-backend-cct:2.3.3] /opt/gradle/.gradle/caches/9.3.1/transforms/e681e4b045b4293a375f1b7cacbf53dd/transformed/transport-backend-cct-2.3.3/AndroidManifest.xml:26:5-67
MERGED from [com.google.android.datatransport:transport-backend-cct:2.3.3] /opt/gradle/.gradle/caches/9.3.1/transforms/e681e4b045b4293a375f1b7cacbf53dd/transformed/transport-backend-cct-2.3.3/AndroidManifest.xml:26:5-67
	android:name
		ADDED from /app/applet/app/src/main/AndroidManifest.xml:5:22-64
application
ADDED from /app/applet/app/src/main/AndroidManifest.xml:7:5-24:19
INJECTED from /app/applet/app/src/main/AndroidManifest.xml:7:5-24:19
MERGED from [androidx.compose.ui:ui-tooling-android:1.7.7] /opt/gradle/.gradle/caches/9.3.1/transforms/2656ec1173b9d586977acc27625fa4f6/transformed/ui-tooling-release/AndroidManifest.xml:22:5-26:19
MERGED from [androidx.compose.ui:ui-tooling-android:1.7.7] /opt/gradle/.gradle/caches/9.3.1/transforms/2656ec1173b9d586977acc27625fa4f6/transformed/ui-tooling-release/AndroidManifest.xml:22:5-26:19
MERGED from [androidx.camera:camera-camera2:1.4.1] /opt/gradle/.gradle/caches/9.3.1/transforms/f038e5d1e7c116fbcff7d9261720400b/transformed/camera-camera2-1.4.1/AndroidManifest.xml:23:5-34:19
MERGED from [androidx.camera:camera-camera2:1.4.1] /opt/gradle/.gradle/caches/9.3.1/transforms/f038e5d1e7c116fbcff7d9261720400b/transformed/camera-camera2-1.4.1/AndroidManifest.xml:23:5-34:19
MERGED from [androidx.camera:camera-core:1.4.1] /opt/gradle/.gradle/caches/9.3.1/transforms/9f6e9e86f0d59aa27113229fd312f676/transformed/camera-core-1.4.1/AndroidManifest.xml:23:5-34:19
MERGED from [androidx.camera:camera-core:1.4.1] /opt/gradle/.gradle/caches/9.3.1/transforms/9f6e9e86f0d59aa27113229fd312f676/transformed/camera-core-1.4.1/AndroidManifest.xml:23:5-34:19
MERGED from [androidx.work:work-runtime:2.10.0] /opt/gradle/.gradle/caches/9.3.1/transforms/d72c9be495438d892104a6baca8def2c/transformed/work-runtime-2.10.0/AndroidManifest.xml:28:5-143:19
MERGED from [androidx.work:work-runtime:2.10.0] /opt/gradle/.gradle/caches/9.3.1/transforms/d72c9be495438d892104a6baca8def2c/transformed/work-runtime-2.10.0/AndroidManifest.xml:28:5-143:19
MERGED from [com.google.android.gms:play-services-mlkit-face-detection:17.1.0] /opt/gradle/.gradle/caches/9.3.1/transforms/dffed1caa670307983ef5ae65467ece6/transformed/play-services-mlkit-face-detection-17.1.0/AndroidManifest.xml:8:5-16:19
MERGED from [com.google.android.gms:play-services-mlkit-face-detection:17.1.0] /opt/gradle/.gradle/caches/9.3.1/transforms/dffed1caa670307983ef5ae65467ece6/transformed/play-services-mlkit-face-detection-17.1.0/AndroidManifest.xml:8:5-16:19
MERGED from [com.google.mlkit:vision-common:17.2.0] /opt/gradle/.gradle/caches/9.3.1/transforms/14edad1fdc5f968ec2eb2cb605627304/transformed/vision-common-17.2.0/AndroidManifest.xml:8:5-16:19
MERGED from [com.google.mlkit:vision-common:17.2.0] /opt/gradle/.gradle/caches/9.3.1/transforms/14edad1fdc5f968ec2eb2cb605627304/transformed/vision-common-17.2.0/AndroidManifest.xml:8:5-16:19
MERGED from [com.google.mlkit:common:18.11.0] /opt/gradle/.gradle/caches/9.3.1/transforms/e0e4120f8e98f38efe29dd398701e4a4/transformed/common-18.11.0/AndroidManifest.xml:8:5-24:19
MERGED from [com.google.mlkit:common:18.11.0] /opt/gradle/.gradle/caches/9.3.1/transforms/e0e4120f8e98f38efe29dd398701e4a4/transformed/common-18.11.0/AndroidManifest.xml:8:5-24:19
MERGED from [com.google.android.gms:play-services-base:18.5.0] /opt/gradle/.gradle/caches/9.3.1/transforms/3a6c62cb2c20347628679dc261845e41/transformed/play-services-base-18.5.0/AndroidManifest.xml:4:5-6:19
MERGED from [com.google.android.gms:play-services-base:18.5.0] /opt/gradle/.gradle/caches/9.3.1/transforms/3a6c62cb2c20347628679dc261845e41/transformed/play-services-base-18.5.0/AndroidManifest.xml:4:5-6:19
MERGED from [com.google.android.gms:play-services-tasks:18.2.0] /opt/gradle/.gradle/caches/9.3.1/transforms/d8c33c6f405f76ab2ca2d2055b3eb5de/transformed/play-services-tasks-18.2.0/AndroidManifest.xml:4:5-20
MERGED from [com.google.android.gms:play-services-tasks:18.2.0] /opt/gradle/.gradle/caches/9.3.1/transforms/d8c33c6f405f76ab2ca2d2055b3eb5de/transformed/play-services-tasks-18.2.0/AndroidManifest.xml:4:5-20
MERGED from [com.google.android.gms:play-services-basement:18.4.0] /opt/gradle/.gradle/caches/9.3.1/transforms/652f5041af5e53833de1ed10c0a6ff41/transformed/play-services-basement-18.4.0/AndroidManifest.xml:5:5-7:19
MERGED from [com.google.android.gms:play-services-basement:18.4.0] /opt/gradle/.gradle/caches/9.3.1/transforms/652f5041af5e53833de1ed10c0a6ff41/transformed/play-services-basement-18.4.0/AndroidManifest.xml:5:5-7:19
MERGED from [androidx.emoji2:emoji2:1.3.0] /opt/gradle/.gradle/caches/9.3.1/transforms/68a50fed734ede7b93d7686f5732d3eb/transformed/emoji2-1.3.0/AndroidManifest.xml:23:5-33:19
MERGED from [androidx.emoji2:emoji2:1.3.0] /opt/gradle/.gradle/caches/9.3.1/transforms/68a50fed734ede7b93d7686f5732d3eb/transformed/emoji2-1.3.0/AndroidManifest.xml:23:5-33:19
MERGED from [androidx.core:core:1.15.0] /opt/gradle/.gradle/caches/9.3.1/transforms/dfd28ea1ba4f09a953f2145f760f8373/transformed/core-1.15.0/AndroidManifest.xml:28:5-89
MERGED from [androidx.core:core:1.15.0] /opt/gradle/.gradle/caches/9.3.1/transforms/dfd28ea1ba4f09a953f2145f760f8373/transformed/core-1.15.0/AndroidManifest.xml:28:5-89
MERGED from [androidx.lifecycle:lifecycle-process:2.8.7] /opt/gradle/.gradle/caches/9.3.1/transforms/9c8f760344c9f126a35c1b26dd907714/transformed/lifecycle-process-2.8.7/AndroidManifest.xml:23:5-33:19
MERGED from [androidx.lifecycle:lifecycle-process:2.8.7] /opt/gradle/.gradle/caches/9.3.1/transforms/9c8f760344c9f126a35c1b26dd907714/transformed/lifecycle-process-2.8.7/AndroidManifest.xml:23:5-33:19
MERGED from [androidx.compose.ui:ui-test-manifest:1.7.7] /opt/gradle/.gradle/caches/9.3.1/transforms/065bc42160da05e3e553900dd9656ee8/transformed/ui-test-manifest-1.7.7/AndroidManifest.xml:22:5-26:19
MERGED from [androidx.compose.ui:ui-test-manifest:1.7.7] /opt/gradle/.gradle/caches/9.3.1/transforms/065bc42160da05e3e553900dd9656ee8/transformed/ui-test-manifest-1.7.7/AndroidManifest.xml:22:5-26:19
MERGED from [androidx.room:room-runtime:2.6.1] /opt/gradle/.gradle/caches/9.3.1/transforms/fa8feabc88e3ee1814fbc86da2037fc3/transformed/room-runtime-2.6.1/AndroidManifest.xml:23:5-29:19
MERGED from [androidx.room:room-runtime:2.6.1] /opt/gradle/.gradle/caches/9.3.1/transforms/fa8feabc88e3ee1814fbc86da2037fc3/transformed/room-runtime-2.6.1/AndroidManifest.xml:23:5-29:19
MERGED from [androidx.profileinstaller:profileinstaller:1.4.0] /opt/gradle/.gradle/caches/9.3.1/transforms/0295322d57176204e24702999db54072/transformed/profileinstaller-1.4.0/AndroidManifest.xml:23:5-53:19
MERGED from [androidx.profileinstaller:profileinstaller:1.4.0] /opt/gradle/.gradle/caches/9.3.1/transforms/0295322d57176204e24702999db54072/transformed/profileinstaller-1.4.0/AndroidManifest.xml:23:5-53:19
MERGED from [androidx.startup:startup-runtime:1.1.1] /opt/gradle/.gradle/caches/9.3.1/transforms/686474768942b15060a167c711f322c4/transformed/startup-runtime-1.1.1/AndroidManifest.xml:25:5-31:19
MERGED from [androidx.startup:startup-runtime:1.1.1] /opt/gradle/.gradle/caches/9.3.1/transforms/686474768942b15060a167c711f322c4/transformed/startup-runtime-1.1.1/AndroidManifest.xml:25:5-31:19
MERGED from [com.google.android.datatransport:transport-backend-cct:2.3.3] /opt/gradle/.gradle/caches/9.3.1/transforms/e681e4b045b4293a375f1b7cacbf53dd/transformed/transport-backend-cct-2.3.3/AndroidManifest.xml:28:5-36:19
MERGED from [com.google.android.datatransport:transport-backend-cct:2.3.3] /opt/gradle/.gradle/caches/9.3.1/transforms/e681e4b045b4293a375f1b7cacbf53dd/transformed/transport-backend-cct-2.3.3/AndroidManifest.xml:28:5-36:19
MERGED from [com.google.android.datatransport:transport-runtime:2.2.6] /opt/gradle/.gradle/caches/9.3.1/transforms/011d15371430177958ad1e663dbe05a5/transformed/transport-runtime-2.2.6/AndroidManifest.xml:25:5-39:19
MERGED from [com.google.android.datatransport:transport-runtime:2.2.6] /opt/gradle/.gradle/caches/9.3.1/transforms/011d15371430177958ad1e663dbe05a5/transformed/transport-runtime-2.2.6/AndroidManifest.xml:25:5-39:19
MERGED from [androidx.versionedparcelable:versionedparcelable:1.1.1] /opt/gradle/.gradle/caches/9.3.1/transforms/a3ac6dc25c5a5cf869f07ccdea146095/transformed/versionedparcelable-1.1.1/AndroidManifest.xml:24:5-25:19
MERGED from [androidx.versionedparcelable:versionedparcelable:1.1.1] /opt/gradle/.gradle/caches/9.3.1/transforms/a3ac6dc25c5a5cf869f07ccdea146095/transformed/versionedparcelable-1.1.1/AndroidManifest.xml:24:5-25:19
MERGED from [org.tensorflow:tensorflow-lite:2.16.1] /opt/gradle/.gradle/caches/9.3.1/transforms/d815c646971396ef2dc34d47c13b2e27/transformed/tensorflow-lite-2.16.1/AndroidManifest.xml:9:5-20
MERGED from [org.tensorflow:tensorflow-lite:2.16.1] /opt/gradle/.gradle/caches/9.3.1/transforms/d815c646971396ef2dc34d47c13b2e27/transformed/tensorflow-lite-2.16.1/AndroidManifest.xml:9:5-20
MERGED from [org.tensorflow:tensorflow-lite-gpu:2.16.1] /opt/gradle/.gradle/caches/9.3.1/transforms/f9988d1f913d5a6646e00a79e1a44df1/transformed/tensorflow-lite-gpu-2.16.1/AndroidManifest.xml:9:5-20
MERGED from [org.tensorflow:tensorflow-lite-gpu:2.16.1] /opt/gradle/.gradle/caches/9.3.1/transforms/f9988d1f913d5a6646e00a79e1a44df1/transformed/tensorflow-lite-gpu-2.16.1/AndroidManifest.xml:9:5-20
MERGED from [org.tensorflow:tensorflow-lite-gpu-api:2.16.1] /opt/gradle/.gradle/caches/9.3.1/transforms/80a84396db5cda4347b804bd1d7f2f40/transformed/tensorflow-lite-gpu-api-2.16.1/AndroidManifest.xml:5:5-19:19
MERGED from [org.tensorflow:tensorflow-lite-gpu-api:2.16.1] /opt/gradle/.gradle/caches/9.3.1/transforms/80a84396db5cda4347b804bd1d7f2f40/transformed/tensorflow-lite-gpu-api-2.16.1/AndroidManifest.xml:5:5-19:19
MERGED from [org.tensorflow:tensorflow-lite-api:2.16.1] /opt/gradle/.gradle/caches/9.3.1/transforms/81d8589c16ec7f2dbb8249cd4c7714c7/transformed/tensorflow-lite-api-2.16.1/AndroidManifest.xml:9:5-20
MERGED from [org.tensorflow:tensorflow-lite-api:2.16.1] /opt/gradle/.gradle/caches/9.3.1/transforms/81d8589c16ec7f2dbb8249cd4c7714c7/transformed/tensorflow-lite-api-2.16.1/AndroidManifest.xml:9:5-20
MERGED from [com.google.android.odml:image:1.0.0-beta1] /opt/gradle/.gradle/caches/9.3.1/transforms/762045436f642dafcc6244b1ec40fc42/transformed/image-1.0.0-beta1/AndroidManifest.xml:7:5-20
MERGED from [com.google.android.odml:image:1.0.0-beta1] /opt/gradle/.gradle/caches/9.3.1/transforms/762045436f642dafcc6244b1ec40fc42/transformed/image-1.0.0-beta1/AndroidManifest.xml:7:5-20
	android:extractNativeLibs
		INJECTED from /app/applet/app/src/main/AndroidManifest.xml
	android:appComponentFactory
		ADDED from [androidx.core:core:1.15.0] /opt/gradle/.gradle/caches/9.3.1/transforms/dfd28ea1ba4f09a953f2145f760f8373/transformed/core-1.15.0/AndroidManifest.xml:28:18-86
	android:supportsRtl
		ADDED from /app/applet/app/src/main/AndroidManifest.xml:13:9-35
	android:label
		ADDED from /app/applet/app/src/main/AndroidManifest.xml:11:9-41
	android:roundIcon
		ADDED from /app/applet/app/src/main/AndroidManifest.xml:12:9-54
	android:icon
		ADDED from /app/applet/app/src/main/AndroidManifest.xml:10:9-43
	android:allowBackup
		ADDED from /app/applet/app/src/main/AndroidManifest.xml:9:9-36
	android:theme
		ADDED from /app/applet/app/src/main/AndroidManifest.xml:14:9-46
	android:name
		ADDED from /app/applet/app/src/main/AndroidManifest.xml:8:9-40
activity#com.example.MainActivity
ADDED from /app/applet/app/src/main/AndroidManifest.xml:15:9-23:20
	android:exported
		ADDED from /app/applet/app/src/main/AndroidManifest.xml:17:13-36
	android:theme
		ADDED from /app/applet/app/src/main/AndroidManifest.xml:18:13-50
	android:name
		ADDED from /app/applet/app/src/main/AndroidManifest.xml:16:13-41
intent-filter#action:name:android.intent.action.MAIN+category:name:android.intent.category.LAUNCHER
ADDED from /app/applet/app/src/main/AndroidManifest.xml:19:13-22:29
action#android.intent.action.MAIN
ADDED from /app/applet/app/src/main/AndroidManifest.xml:20:17-69
	android:name
		ADDED from /app/applet/app/src/main/AndroidManifest.xml:20:25-66
category#android.intent.category.LAUNCHER
ADDED from /app/applet/app/src/main/AndroidManifest.xml:21:17-77
	android:name
		ADDED from /app/applet/app/src/main/AndroidManifest.xml:21:27-74
uses-sdk
INJECTED from /app/applet/app/src/main/AndroidManifest.xml reason: use-sdk injection requested
INJECTED from /app/applet/app/src/main/AndroidManifest.xml
INJECTED from /app/applet/app/src/main/AndroidManifest.xml
MERGED from [androidx.navigation:navigation-common:2.8.6] /opt/gradle/.gradle/caches/9.3.1/transforms/cfba001c1090bf3b0f1ff461e1ca9083/transformed/navigation-common-2.8.6/AndroidManifest.xml:20:5-44
MERGED from [androidx.navigation:navigation-common:2.8.6] /opt/gradle/.gradle/caches/9.3.1/transforms/cfba001c1090bf3b0f1ff461e1ca9083/transformed/navigation-common-2.8.6/AndroidManifest.xml:20:5-44
MERGED from [androidx.navigation:navigation-runtime:2.8.6] /opt/gradle/.gradle/caches/9.3.1/transforms/cb2eff5dd8d049b6e77aeb9e14e54b30/transformed/navigation-runtime-2.8.6/AndroidManifest.xml:20:5-44
MERGED from [androidx.navigation:navigation-runtime:2.8.6] /opt/gradle/.gradle/caches/9.3.1/transforms/cb2eff5dd8d049b6e77aeb9e14e54b30/transformed/navigation-runtime-2.8.6/AndroidManifest.xml:20:5-44
MERGED from [androidx.navigation:navigation-common-ktx:2.8.6] /opt/gradle/.gradle/caches/9.3.1/transforms/6ce6b69e1fcce1ec05b64c2457586e69/transformed/navigation-common-ktx-2.8.6/AndroidManifest.xml:5:5-44
MERGED from [androidx.navigation:navigation-common-ktx:2.8.6] /opt/gradle/.gradle/caches/9.3.1/transforms/6ce6b69e1fcce1ec05b64c2457586e69/transformed/navigation-common-ktx-2.8.6/AndroidManifest.xml:5:5-44
MERGED from [androidx.navigation:navigation-runtime-ktx:2.8.6] /opt/gradle/.gradle/caches/9.3.1/transforms/14067a9364d5c1db1ea5ce236788b5f9/transformed/navigation-runtime-ktx-2.8.6/AndroidManifest.xml:5:5-44
MERGED from [androidx.navigation:navigation-runtime-ktx:2.8.6] /opt/gradle/.gradle/caches/9.3.1/transforms/14067a9364d5c1db1ea5ce236788b5f9/transformed/navigation-runtime-ktx-2.8.6/AndroidManifest.xml:5:5-44
MERGED from [androidx.navigation:navigation-compose:2.8.6] /opt/gradle/.gradle/caches/9.3.1/transforms/8b332c21aa24fa93bbf4bf84ac123724/transformed/navigation-compose-2.8.6/AndroidManifest.xml:5:5-44
MERGED from [androidx.navigation:navigation-compose:2.8.6] /opt/gradle/.gradle/caches/9.3.1/transforms/8b332c21aa24fa93bbf4bf84ac123724/transformed/navigation-compose-2.8.6/AndroidManifest.xml:5:5-44
MERGED from [androidx.compose.material3:material3-android:1.3.1] /opt/gradle/.gradle/caches/9.3.1/transforms/c1413968d3e62df6bfa29a6f524cf2a9/transformed/material3-release/AndroidManifest.xml:20:5-44
MERGED from [androidx.compose.material3:material3-android:1.3.1] /opt/gradle/.gradle/caches/9.3.1/transforms/c1413968d3e62df6bfa29a6f524cf2a9/transformed/material3-release/AndroidManifest.xml:20:5-44
MERGED from [androidx.compose.material:material-android:1.7.7] /opt/gradle/.gradle/caches/9.3.1/transforms/71a65d5946cda8d2581f0a6003aa3140/transformed/material-release/AndroidManifest.xml:5:5-44
MERGED from [androidx.compose.material:material-android:1.7.7] /opt/gradle/.gradle/caches/9.3.1/transforms/71a65d5946cda8d2581f0a6003aa3140/transformed/material-release/AndroidManifest.xml:5:5-44
MERGED from [androidx.compose.material:material-ripple-android:1.7.7] /opt/gradle/.gradle/caches/9.3.1/transforms/35304c52019252b8bfd4b2653e87c12e/transformed/material-ripple-release/AndroidManifest.xml:5:5-44
MERGED from [androidx.compose.material:material-ripple-android:1.7.7] /opt/gradle/.gradle/caches/9.3.1/transforms/35304c52019252b8bfd4b2653e87c12e/transformed/material-ripple-release/AndroidManifest.xml:5:5-44
MERGED from [androidx.compose.foundation:foundation-android:1.7.7] /opt/gradle/.gradle/caches/9.3.1/transforms/d54635c460f2b00a5fa3d20976504a9f/transformed/foundation-release/AndroidManifest.xml:5:5-44
MERGED from [androidx.compose.foundation:foundation-android:1.7.7] /opt/gradle/.gradle/caches/9.3.1/transforms/d54635c460f2b00a5fa3d20976504a9f/transformed/foundation-release/AndroidManifest.xml:5:5-44
MERGED from [androidx.compose.foundation:foundation-layout-android:1.7.7] /opt/gradle/.gradle/caches/9.3.1/transforms/4b32c536aebd6d65f922f749d2300197/transformed/foundation-layout-release/AndroidManifest.xml:5:5-44
MERGED from [androidx.compose.foundation:foundation-layout-android:1.7.7] /opt/gradle/.gradle/caches/9.3.1/transforms/4b32c536aebd6d65f922f749d2300197/transformed/foundation-layout-release/AndroidManifest.xml:5:5-44
MERGED from [androidx.compose.animation:animation-core-android:1.7.7] /opt/gradle/.gradle/caches/9.3.1/transforms/cbaa4f213e734accc6eb46c9b87b24d6/transformed/animation-core-release/AndroidManifest.xml:5:5-44
MERGED from [androidx.compose.animation:animation-core-android:1.7.7] /opt/gradle/.gradle/caches/9.3.1/transforms/cbaa4f213e734accc6eb46c9b87b24d6/transformed/animation-core-release/AndroidManifest.xml:5:5-44
MERGED from [androidx.compose.animation:animation-android:1.7.7] /opt/gradle/.gradle/caches/9.3.1/transforms/2867fc708891f916cfb1ac5515a09a8c/transformed/animation-release/AndroidManifest.xml:5:5-44
MERGED from [androidx.compose.animation:animation-android:1.7.7] /opt/gradle/.gradle/caches/9.3.1/transforms/2867fc708891f916cfb1ac5515a09a8c/transformed/animation-release/AndroidManifest.xml:5:5-44
MERGED from [androidx.compose.ui:ui-tooling-data-android:1.7.7] /opt/gradle/.gradle/caches/9.3.1/transforms/f435d091e3fea69711f05dafd155f12e/transformed/ui-tooling-data-release/AndroidManifest.xml:5:5-44
MERGED from [androidx.compose.ui:ui-tooling-data-android:1.7.7] /opt/gradle/.gradle/caches/9.3.1/transforms/f435d091e3fea69711f05dafd155f12e/transformed/ui-tooling-data-release/AndroidManifest.xml:5:5-44
MERGED from [androidx.compose.ui:ui-unit-android:1.7.7] /opt/gradle/.gradle/caches/9.3.1/transforms/dd300fe65be90819d9d4a703a4c89cfe/transformed/ui-unit-release/AndroidManifest.xml:5:5-44
MERGED from [androidx.compose.ui:ui-unit-android:1.7.7] /opt/gradle/.gradle/caches/9.3.1/transforms/dd300fe65be90819d9d4a703a4c89cfe/transformed/ui-unit-release/AndroidManifest.xml:5:5-44
MERGED from [androidx.compose.ui:ui-geometry-android:1.7.7] /opt/gradle/.gradle/caches/9.3.1/transforms/3e943f7bed414e28acdb809ffa5ec1fb/transformed/ui-geometry-release/AndroidManifest.xml:5:5-44
MERGED from [androidx.compose.ui:ui-geometry-android:1.7.7] /opt/gradle/.gradle/caches/9.3.1/transforms/3e943f7bed414e28acdb809ffa5ec1fb/transformed/ui-geometry-release/AndroidManifest.xml:5:5-44
MERGED from [androidx.compose.ui:ui-util-android:1.7.7] /opt/gradle/.gradle/caches/9.3.1/transforms/76e233bfdee369a6e9522adf873f441a/transformed/ui-util-release/AndroidManifest.xml:5:5-44
MERGED from [androidx.compose.ui:ui-util-android:1.7.7] /opt/gradle/.gradle/caches/9.3.1/transforms/76e233bfdee369a6e9522adf873f441a/transformed/ui-util-release/AndroidManifest.xml:5:5-44
MERGED from [androidx.compose.ui:ui-text-android:1.7.7] /opt/gradle/.gradle/caches/9.3.1/transforms/29cb02d30f1086b34aebd2823669fb1e/transformed/ui-text-release/AndroidManifest.xml:5:5-44
MERGED from [androidx.compose.ui:ui-text-android:1.7.7] /opt/gradle/.gradle/caches/9.3.1/transforms/29cb02d30f1086b34aebd2823669fb1e/transformed/ui-text-release/AndroidManifest.xml:5:5-44
MERGED from [androidx.compose.ui:ui-tooling-preview-android:1.7.7] /opt/gradle/.gradle/caches/9.3.1/transforms/cae744c59f9fd362d0dbdab4a77ae4e2/transformed/ui-tooling-preview-release/AndroidManifest.xml:20:5-44
MERGED from [androidx.compose.ui:ui-tooling-preview-android:1.7.7] /opt/gradle/.gradle/caches/9.3.1/transforms/cae744c59f9fd362d0dbdab4a77ae4e2/transformed/ui-tooling-preview-release/AndroidManifest.xml:20:5-44
MERGED from [androidx.compose.ui:ui-tooling-android:1.7.7] /opt/gradle/.gradle/caches/9.3.1/transforms/2656ec1173b9d586977acc27625fa4f6/transformed/ui-tooling-release/AndroidManifest.xml:20:5-44
MERGED from [androidx.compose.ui:ui-tooling-android:1.7.7] /opt/gradle/.gradle/caches/9.3.1/transforms/2656ec1173b9d586977acc27625fa4f6/transformed/ui-tooling-release/AndroidManifest.xml:20:5-44
MERGED from [androidx.compose.ui:ui-graphics-android:1.7.7] /opt/gradle/.gradle/caches/9.3.1/transforms/3ef2b3df1f8d4c53e62b448f70deb2ff/transformed/ui-graphics-release/AndroidManifest.xml:5:5-44
MERGED from [androidx.compose.ui:ui-graphics-android:1.7.7] /opt/gradle/.gradle/caches/9.3.1/transforms/3ef2b3df1f8d4c53e62b448f70deb2ff/transformed/ui-graphics-release/AndroidManifest.xml:5:5-44
MERGED from [androidx.camera:camera-video:1.4.1] /opt/gradle/.gradle/caches/9.3.1/transforms/0ac576fea87c944ea7c7da1266c3e7f2/transformed/camera-video-1.4.1/AndroidManifest.xml:5:5-44
MERGED from [androidx.camera:camera-video:1.4.1] /opt/gradle/.gradle/caches/9.3.1/transforms/0ac576fea87c944ea7c7da1266c3e7f2/transformed/camera-video-1.4.1/AndroidManifest.xml:5:5-44
MERGED from [androidx.camera:camera-view:1.4.1] /opt/gradle/.gradle/caches/9.3.1/transforms/96bb6106006167bcd943ec6cd5f1ba12/transformed/camera-view-1.4.1/AndroidManifest.xml:5:5-44
MERGED from [androidx.camera:camera-view:1.4.1] /opt/gradle/.gradle/caches/9.3.1/transforms/96bb6106006167bcd943ec6cd5f1ba12/transformed/camera-view-1.4.1/AndroidManifest.xml:5:5-44
MERGED from [androidx.camera:camera-lifecycle:1.4.1] /opt/gradle/.gradle/caches/9.3.1/transforms/21e69343add6a8570b7e35a453f54be8/transformed/camera-lifecycle-1.4.1/AndroidManifest.xml:5:5-44
MERGED from [androidx.camera:camera-lifecycle:1.4.1] /opt/gradle/.gradle/caches/9.3.1/transforms/21e69343add6a8570b7e35a453f54be8/transformed/camera-lifecycle-1.4.1/AndroidManifest.xml:5:5-44
MERGED from [androidx.camera:camera-camera2:1.4.1] /opt/gradle/.gradle/caches/9.3.1/transforms/f038e5d1e7c116fbcff7d9261720400b/transformed/camera-camera2-1.4.1/AndroidManifest.xml:21:5-44
MERGED from [androidx.camera:camera-camera2:1.4.1] /opt/gradle/.gradle/caches/9.3.1/transforms/f038e5d1e7c116fbcff7d9261720400b/transformed/camera-camera2-1.4.1/AndroidManifest.xml:21:5-44
MERGED from [androidx.camera:camera-core:1.4.1] /opt/gradle/.gradle/caches/9.3.1/transforms/9f6e9e86f0d59aa27113229fd312f676/transformed/camera-core-1.4.1/AndroidManifest.xml:21:5-44
MERGED from [androidx.camera:camera-core:1.4.1] /opt/gradle/.gradle/caches/9.3.1/transforms/9f6e9e86f0d59aa27113229fd312f676/transformed/camera-core-1.4.1/AndroidManifest.xml:21:5-44
MERGED from [androidx.work:work-runtime-ktx:2.10.0] /opt/gradle/.gradle/caches/9.3.1/transforms/334ef02e850ad4be241bff276a04d43b/transformed/work-runtime-ktx-2.10.0/AndroidManifest.xml:20:5-44
MERGED from [androidx.work:work-runtime-ktx:2.10.0] /opt/gradle/.gradle/caches/9.3.1/transforms/334ef02e850ad4be241bff276a04d43b/transformed/work-runtime-ktx-2.10.0/AndroidManifest.xml:20:5-44
MERGED from [androidx.work:work-runtime:2.10.0] /opt/gradle/.gradle/caches/9.3.1/transforms/d72c9be495438d892104a6baca8def2c/transformed/work-runtime-2.10.0/AndroidManifest.xml:21:5-44
MERGED from [androidx.work:work-runtime:2.10.0] /opt/gradle/.gradle/caches/9.3.1/transforms/d72c9be495438d892104a6baca8def2c/transformed/work-runtime-2.10.0/AndroidManifest.xml:21:5-44
MERGED from [androidx.biometric:biometric:1.1.0] /opt/gradle/.gradle/caches/9.3.1/transforms/db9815c621bec979713b0f61ea753d6d/transformed/biometric-1.1.0/AndroidManifest.xml:20:5-22:41
MERGED from [androidx.biometric:biometric:1.1.0] /opt/gradle/.gradle/caches/9.3.1/transforms/db9815c621bec979713b0f61ea753d6d/transformed/biometric-1.1.0/AndroidManifest.xml:20:5-22:41
MERGED from [com.google.mlkit:face-detection:16.1.7] /opt/gradle/.gradle/caches/9.3.1/transforms/d129cccff7b8be298bbc089510e9f66e/transformed/face-detection-16.1.7/AndroidManifest.xml:6:5-44
MERGED from [com.google.mlkit:face-detection:16.1.7] /opt/gradle/.gradle/caches/9.3.1/transforms/d129cccff7b8be298bbc089510e9f66e/transformed/face-detection-16.1.7/AndroidManifest.xml:6:5-44
MERGED from [com.google.android.gms:play-services-mlkit-face-detection:17.1.0] /opt/gradle/.gradle/caches/9.3.1/transforms/dffed1caa670307983ef5ae65467ece6/transformed/play-services-mlkit-face-detection-17.1.0/AndroidManifest.xml:6:5-44
MERGED from [com.google.android.gms:play-services-mlkit-face-detection:17.1.0] /opt/gradle/.gradle/caches/9.3.1/transforms/dffed1caa670307983ef5ae65467ece6/transformed/play-services-mlkit-face-detection-17.1.0/AndroidManifest.xml:6:5-44
MERGED from [com.google.mlkit:vision-common:17.2.0] /opt/gradle/.gradle/caches/9.3.1/transforms/14edad1fdc5f968ec2eb2cb605627304/transformed/vision-common-17.2.0/AndroidManifest.xml:6:5-44
MERGED from [com.google.mlkit:vision-common:17.2.0] /opt/gradle/.gradle/caches/9.3.1/transforms/14edad1fdc5f968ec2eb2cb605627304/transformed/vision-common-17.2.0/AndroidManifest.xml:6:5-44
MERGED from [com.google.mlkit:common:18.11.0] /opt/gradle/.gradle/caches/9.3.1/transforms/e0e4120f8e98f38efe29dd398701e4a4/transformed/common-18.11.0/AndroidManifest.xml:6:5-44
MERGED from [com.google.mlkit:common:18.11.0] /opt/gradle/.gradle/caches/9.3.1/transforms/e0e4120f8e98f38efe29dd398701e4a4/transformed/common-18.11.0/AndroidManifest.xml:6:5-44
MERGED from [com.google.android.gms:play-services-base:18.5.0] /opt/gradle/.gradle/caches/9.3.1/transforms/3a6c62cb2c20347628679dc261845e41/transformed/play-services-base-18.5.0/AndroidManifest.xml:3:5-44
MERGED from [com.google.android.gms:play-services-base:18.5.0] /opt/gradle/.gradle/caches/9.3.1/transforms/3a6c62cb2c20347628679dc261845e41/transformed/play-services-base-18.5.0/AndroidManifest.xml:3:5-44
MERGED from [com.google.mlkit:vision-interfaces:16.1.0] /opt/gradle/.gradle/caches/9.3.1/transforms/c98894093dc29395a8748dc38b2aba7b/transformed/vision-interfaces-16.1.0/AndroidManifest.xml:5:5-44
MERGED from [com.google.mlkit:vision-interfaces:16.1.0] /opt/gradle/.gradle/caches/9.3.1/transforms/c98894093dc29395a8748dc38b2aba7b/transformed/vision-interfaces-16.1.0/AndroidManifest.xml:5:5-44
MERGED from [com.google.android.gms:play-services-tasks:18.2.0] /opt/gradle/.gradle/caches/9.3.1/transforms/d8c33c6f405f76ab2ca2d2055b3eb5de/transformed/play-services-tasks-18.2.0/AndroidManifest.xml:3:5-44
MERGED from [com.google.android.gms:play-services-tasks:18.2.0] /opt/gradle/.gradle/caches/9.3.1/transforms/d8c33c6f405f76ab2ca2d2055b3eb5de/transformed/play-services-tasks-18.2.0/AndroidManifest.xml:3:5-44
MERGED from [com.google.android.gms:play-services-basement:18.4.0] /opt/gradle/.gradle/caches/9.3.1/transforms/652f5041af5e53833de1ed10c0a6ff41/transformed/play-services-basement-18.4.0/AndroidManifest.xml:3:5-44
MERGED from [com.google.android.gms:play-services-basement:18.4.0] /opt/gradle/.gradle/caches/9.3.1/transforms/652f5041af5e53833de1ed10c0a6ff41/transformed/play-services-basement-18.4.0/AndroidManifest.xml:3:5-44
MERGED from [androidx.appcompat:appcompat-resources:1.6.1] /opt/gradle/.gradle/caches/9.3.1/transforms/848a13635a25ad91cf302645e98cc17a/transformed/appcompat-resources-1.6.1/AndroidManifest.xml:20:5-44
MERGED from [androidx.appcompat:appcompat-resources:1.6.1] /opt/gradle/.gradle/caches/9.3.1/transforms/848a13635a25ad91cf302645e98cc17a/transformed/appcompat-resources-1.6.1/AndroidManifest.xml:20:5-44
MERGED from [androidx.appcompat:appcompat:1.6.1] /opt/gradle/.gradle/caches/9.3.1/transforms/7335bfe1fc14572edd038a85443784af/transformed/appcompat-1.6.1/AndroidManifest.xml:20:5-44
MERGED from [androidx.appcompat:appcompat:1.6.1] /opt/gradle/.gradle/caches/9.3.1/transforms/7335bfe1fc14572edd038a85443784af/transformed/appcompat-1.6.1/AndroidManifest.xml:20:5-44
MERGED from [androidx.autofill:autofill:1.0.0] /opt/gradle/.gradle/caches/9.3.1/transforms/0e99e6ef21751ce50406b5caf638e2d5/transformed/autofill-1.0.0/AndroidManifest.xml:20:5-22:41
MERGED from [androidx.autofill:autofill:1.0.0] /opt/gradle/.gradle/caches/9.3.1/transforms/0e99e6ef21751ce50406b5caf638e2d5/transformed/autofill-1.0.0/AndroidManifest.xml:20:5-22:41
MERGED from [androidx.graphics:graphics-path:1.0.1] /opt/gradle/.gradle/caches/9.3.1/transforms/0ccacb7b265049ade6f25be0e72dd085/transformed/graphics-path-1.0.1/AndroidManifest.xml:5:5-44
MERGED from [androidx.graphics:graphics-path:1.0.1] /opt/gradle/.gradle/caches/9.3.1/transforms/0ccacb7b265049ade6f25be0e72dd085/transformed/graphics-path-1.0.1/AndroidManifest.xml:5:5-44
MERGED from [androidx.fragment:fragment:1.3.6] /opt/gradle/.gradle/caches/9.3.1/transforms/fd282129700ba137ce58ce40ed68d011/transformed/fragment-1.3.6/AndroidManifest.xml:20:5-22:41
MERGED from [androidx.fragment:fragment:1.3.6] /opt/gradle/.gradle/caches/9.3.1/transforms/fd282129700ba137ce58ce40ed68d011/transformed/fragment-1.3.6/AndroidManifest.xml:20:5-22:41
MERGED from [androidx.drawerlayout:drawerlayout:1.0.0] /opt/gradle/.gradle/caches/9.3.1/transforms/4c0d772827d4ae5e90ff241b1851b229/transformed/drawerlayout-1.0.0/AndroidManifest.xml:20:5-44
MERGED from [androidx.drawerlayout:drawerlayout:1.0.0] /opt/gradle/.gradle/caches/9.3.1/transforms/4c0d772827d4ae5e90ff241b1851b229/transformed/drawerlayout-1.0.0/AndroidManifest.xml:20:5-44
MERGED from [androidx.viewpager:viewpager:1.0.0] /opt/gradle/.gradle/caches/9.3.1/transforms/d13c750d163e12dc2332108dc4e31633/transformed/viewpager-1.0.0/AndroidManifest.xml:20:5-44
MERGED from [androidx.viewpager:viewpager:1.0.0] /opt/gradle/.gradle/caches/9.3.1/transforms/d13c750d163e12dc2332108dc4e31633/transformed/viewpager-1.0.0/AndroidManifest.xml:20:5-44
MERGED from [androidx.loader:loader:1.0.0] /opt/gradle/.gradle/caches/9.3.1/transforms/63ebf3c38d535eca13380f1914c17e9a/transformed/loader-1.0.0/AndroidManifest.xml:20:5-44
MERGED from [androidx.loader:loader:1.0.0] /opt/gradle/.gradle/caches/9.3.1/transforms/63ebf3c38d535eca13380f1914c17e9a/transformed/loader-1.0.0/AndroidManifest.xml:20:5-44
MERGED from [androidx.vectordrawable:vectordrawable-animated:1.1.0] /opt/gradle/.gradle/caches/9.3.1/transforms/9c67e73acb7122b060226f1806e0bde2/transformed/vectordrawable-animated-1.1.0/AndroidManifest.xml:20:5-22:41
MERGED from [androidx.vectordrawable:vectordrawable-animated:1.1.0] /opt/gradle/.gradle/caches/9.3.1/transforms/9c67e73acb7122b060226f1806e0bde2/transformed/vectordrawable-animated-1.1.0/AndroidManifest.xml:20:5-22:41
MERGED from [androidx.vectordrawable:vectordrawable:1.1.0] /opt/gradle/.gradle/caches/9.3.1/transforms/fa74b67558102b5b5b6a2fedbdd59eac/transformed/vectordrawable-1.1.0/AndroidManifest.xml:20:5-22:41
MERGED from [androidx.vectordrawable:vectordrawable:1.1.0] /opt/gradle/.gradle/caches/9.3.1/transforms/fa74b67558102b5b5b6a2fedbdd59eac/transformed/vectordrawable-1.1.0/AndroidManifest.xml:20:5-22:41
MERGED from [androidx.customview:customview:1.0.0] /opt/gradle/.gradle/caches/9.3.1/transforms/94acad258bf2f2fa2349acd2c67d5b7f/transformed/customview-1.0.0/AndroidManifest.xml:20:5-44
MERGED from [androidx.customview:customview:1.0.0] /opt/gradle/.gradle/caches/9.3.1/transforms/94acad258bf2f2fa2349acd2c67d5b7f/transformed/customview-1.0.0/AndroidManifest.xml:20:5-44
MERGED from [androidx.emoji2:emoji2-views-helper:1.3.0] /opt/gradle/.gradle/caches/9.3.1/transforms/bbd5a62d8ab1801572c3c20e1b650bf2/transformed/emoji2-views-helper-1.3.0/AndroidManifest.xml:5:5-44
MERGED from [androidx.emoji2:emoji2-views-helper:1.3.0] /opt/gradle/.gradle/caches/9.3.1/transforms/bbd5a62d8ab1801572c3c20e1b650bf2/transformed/emoji2-views-helper-1.3.0/AndroidManifest.xml:5:5-44
MERGED from [androidx.emoji2:emoji2:1.3.0] /opt/gradle/.gradle/caches/9.3.1/transforms/68a50fed734ede7b93d7686f5732d3eb/transformed/emoji2-1.3.0/AndroidManifest.xml:21:5-44
MERGED from [androidx.emoji2:emoji2:1.3.0] /opt/gradle/.gradle/caches/9.3.1/transforms/68a50fed734ede7b93d7686f5732d3eb/transformed/emoji2-1.3.0/AndroidManifest.xml:21:5-44
MERGED from [androidx.core:core:1.15.0] /opt/gradle/.gradle/caches/9.3.1/transforms/dfd28ea1ba4f09a953f2145f760f8373/transformed/core-1.15.0/AndroidManifest.xml:20:5-44
MERGED from [androidx.core:core:1.15.0] /opt/gradle/.gradle/caches/9.3.1/transforms/dfd28ea1ba4f09a953f2145f760f8373/transformed/core-1.15.0/AndroidManifest.xml:20:5-44
MERGED from [androidx.savedstate:savedstate-ktx:1.2.1] /opt/gradle/.gradle/caches/9.3.1/transforms/d7fdaa8053130226f990833e099f8545/transformed/savedstate-ktx-1.2.1/AndroidManifest.xml:20:5-44
MERGED from [androidx.savedstate:savedstate-ktx:1.2.1] /opt/gradle/.gradle/caches/9.3.1/transforms/d7fdaa8053130226f990833e099f8545/transformed/savedstate-ktx-1.2.1/AndroidManifest.xml:20:5-44
MERGED from [androidx.savedstate:savedstate:1.2.1] /opt/gradle/.gradle/caches/9.3.1/transforms/d639e5eec4e017d12266141a64b93f98/transformed/savedstate-1.2.1/AndroidManifest.xml:20:5-44
MERGED from [androidx.savedstate:savedstate:1.2.1] /opt/gradle/.gradle/caches/9.3.1/transforms/d639e5eec4e017d12266141a64b93f98/transformed/savedstate-1.2.1/AndroidManifest.xml:20:5-44
MERGED from [androidx.lifecycle:lifecycle-runtime-compose-android:2.8.7] /opt/gradle/.gradle/caches/9.3.1/transforms/b4bf82e62b29dcddde19fcb913dfcf00/transformed/lifecycle-runtime-compose-release/AndroidManifest.xml:5:5-44
MERGED from [androidx.lifecycle:lifecycle-runtime-compose-android:2.8.7] /opt/gradle/.gradle/caches/9.3.1/transforms/b4bf82e62b29dcddde19fcb913dfcf00/transformed/lifecycle-runtime-compose-release/AndroidManifest.xml:5:5-44
MERGED from [androidx.lifecycle:lifecycle-process:2.8.7] /opt/gradle/.gradle/caches/9.3.1/transforms/9c8f760344c9f126a35c1b26dd907714/transformed/lifecycle-process-2.8.7/AndroidManifest.xml:21:5-44
MERGED from [androidx.lifecycle:lifecycle-process:2.8.7] /opt/gradle/.gradle/caches/9.3.1/transforms/9c8f760344c9f126a35c1b26dd907714/transformed/lifecycle-process-2.8.7/AndroidManifest.xml:21:5-44
MERGED from [androidx.lifecycle:lifecycle-viewmodel:2.8.7] /opt/gradle/.gradle/caches/9.3.1/transforms/bec7f0cce5a285c4cd65bd632647aa2b/transformed/lifecycle-viewmodel-2.8.7/AndroidManifest.xml:4:5-43
MERGED from [androidx.lifecycle:lifecycle-viewmodel:2.8.7] /opt/gradle/.gradle/caches/9.3.1/transforms/bec7f0cce5a285c4cd65bd632647aa2b/transformed/lifecycle-viewmodel-2.8.7/AndroidManifest.xml:4:5-43
MERGED from [androidx.lifecycle:lifecycle-viewmodel-android:2.8.7] /opt/gradle/.gradle/caches/9.3.1/transforms/8942efdab06e3a97cc115dd904118621/transformed/lifecycle-viewmodel-release/AndroidManifest.xml:20:5-44
MERGED from [androidx.lifecycle:lifecycle-viewmodel-android:2.8.7] /opt/gradle/.gradle/caches/9.3.1/transforms/8942efdab06e3a97cc115dd904118621/transformed/lifecycle-viewmodel-release/AndroidManifest.xml:20:5-44
MERGED from [androidx.lifecycle:lifecycle-livedata-core-ktx:2.8.7] /opt/gradle/.gradle/caches/9.3.1/transforms/464a2092c1cbf2600ec88a91f6cfb3bc/transformed/lifecycle-livedata-core-ktx-2.8.7/AndroidManifest.xml:5:5-44
MERGED from [androidx.lifecycle:lifecycle-livedata-core-ktx:2.8.7] /opt/gradle/.gradle/caches/9.3.1/transforms/464a2092c1cbf2600ec88a91f6cfb3bc/transformed/lifecycle-livedata-core-ktx-2.8.7/AndroidManifest.xml:5:5-44
MERGED from [androidx.lifecycle:lifecycle-runtime-android:2.8.7] /opt/gradle/.gradle/caches/9.3.1/transforms/aefcda6c8556cb834d5e6ab30dfa8f3b/transformed/lifecycle-runtime-release/AndroidManifest.xml:20:5-44
MERGED from [androidx.lifecycle:lifecycle-runtime-android:2.8.7] /opt/gradle/.gradle/caches/9.3.1/transforms/aefcda6c8556cb834d5e6ab30dfa8f3b/transformed/lifecycle-runtime-release/AndroidManifest.xml:20:5-44
MERGED from [androidx.lifecycle:lifecycle-service:2.8.7] /opt/gradle/.gradle/caches/9.3.1/transforms/d058df0cbc664e2472da35f571e2c4f2/transformed/lifecycle-service-2.8.7/AndroidManifest.xml:5:5-44
MERGED from [androidx.lifecycle:lifecycle-service:2.8.7] /opt/gradle/.gradle/caches/9.3.1/transforms/d058df0cbc664e2472da35f571e2c4f2/transformed/lifecycle-service-2.8.7/AndroidManifest.xml:5:5-44
MERGED from [androidx.lifecycle:lifecycle-viewmodel-savedstate:2.8.7] /opt/gradle/.gradle/caches/9.3.1/transforms/d19f0fc89d8e7234b8a5feaef9ec2153/transformed/lifecycle-viewmodel-savedstate-2.8.7/AndroidManifest.xml:20:5-44
MERGED from [androidx.lifecycle:lifecycle-viewmodel-savedstate:2.8.7] /opt/gradle/.gradle/caches/9.3.1/transforms/d19f0fc89d8e7234b8a5feaef9ec2153/transformed/lifecycle-viewmodel-savedstate-2.8.7/AndroidManifest.xml:20:5-44
MERGED from [androidx.lifecycle:lifecycle-viewmodel-ktx:2.8.7] /opt/gradle/.gradle/caches/9.3.1/transforms/287c289aad7447f18fcb67f5cc691e72/transformed/lifecycle-viewmodel-ktx-2.8.7/AndroidManifest.xml:5:5-44
MERGED from [androidx.lifecycle:lifecycle-viewmodel-ktx:2.8.7] /opt/gradle/.gradle/caches/9.3.1/transforms/287c289aad7447f18fcb67f5cc691e72/transformed/lifecycle-viewmodel-ktx-2.8.7/AndroidManifest.xml:5:5-44
MERGED from [androidx.lifecycle:lifecycle-livedata-core:2.8.7] /opt/gradle/.gradle/caches/9.3.1/transforms/f55aead0b91686d62f82e552aecf372c/transformed/lifecycle-livedata-core-2.8.7/AndroidManifest.xml:20:5-44
MERGED from [androidx.lifecycle:lifecycle-livedata-core:2.8.7] /opt/gradle/.gradle/caches/9.3.1/transforms/f55aead0b91686d62f82e552aecf372c/transformed/lifecycle-livedata-core-2.8.7/AndroidManifest.xml:20:5-44
MERGED from [androidx.lifecycle:lifecycle-livedata:2.8.7] /opt/gradle/.gradle/caches/9.3.1/transforms/c3ed01a85576d78a5630e2a09262f24d/transformed/lifecycle-livedata-2.8.7/AndroidManifest.xml:20:5-44
MERGED from [androidx.lifecycle:lifecycle-livedata:2.8.7] /opt/gradle/.gradle/caches/9.3.1/transforms/c3ed01a85576d78a5630e2a09262f24d/transformed/lifecycle-livedata-2.8.7/AndroidManifest.xml:20:5-44
MERGED from [androidx.lifecycle:lifecycle-runtime-ktx-android:2.8.7] /opt/gradle/.gradle/caches/9.3.1/transforms/fe7064822851010a674edcf0b9506cf8/transformed/lifecycle-runtime-ktx-release/AndroidManifest.xml:5:5-44
MERGED from [androidx.lifecycle:lifecycle-runtime-ktx-android:2.8.7] /opt/gradle/.gradle/caches/9.3.1/transforms/fe7064822851010a674edcf0b9506cf8/transformed/lifecycle-runtime-ktx-release/AndroidManifest.xml:5:5-44
MERGED from [androidx.lifecycle:lifecycle-viewmodel-compose-android:2.8.7] /opt/gradle/.gradle/caches/9.3.1/transforms/182942c855f725d1cfb2c9fda42815ad/transformed/lifecycle-viewmodel-compose-release/AndroidManifest.xml:5:5-44
MERGED from [androidx.lifecycle:lifecycle-viewmodel-compose-android:2.8.7] /opt/gradle/.gradle/caches/9.3.1/transforms/182942c855f725d1cfb2c9fda42815ad/transformed/lifecycle-viewmodel-compose-release/AndroidManifest.xml:5:5-44
MERGED from [androidx.compose.material:material-icons-core-android:1.7.7] /opt/gradle/.gradle/caches/9.3.1/transforms/8c3b5e25397c360170936ec6dc6ca6b8/transformed/material-icons-core-release/AndroidManifest.xml:5:5-44
MERGED from [androidx.compose.material:material-icons-core-android:1.7.7] /opt/gradle/.gradle/caches/9.3.1/transforms/8c3b5e25397c360170936ec6dc6ca6b8/transformed/material-icons-core-release/AndroidManifest.xml:5:5-44
MERGED from [androidx.compose.ui:ui-android:1.7.7] /opt/gradle/.gradle/caches/9.3.1/transforms/a21498426ab6b262bc2e88ab3ce788cb/transformed/ui-release/AndroidManifest.xml:5:5-44
MERGED from [androidx.compose.ui:ui-android:1.7.7] /opt/gradle/.gradle/caches/9.3.1/transforms/a21498426ab6b262bc2e88ab3ce788cb/transformed/ui-release/AndroidManifest.xml:5:5-44
MERGED from [androidx.compose.ui:ui-test-manifest:1.7.7] /opt/gradle/.gradle/caches/9.3.1/transforms/065bc42160da05e3e553900dd9656ee8/transformed/ui-test-manifest-1.7.7/AndroidManifest.xml:20:5-44
MERGED from [androidx.compose.ui:ui-test-manifest:1.7.7] /opt/gradle/.gradle/caches/9.3.1/transforms/065bc42160da05e3e553900dd9656ee8/transformed/ui-test-manifest-1.7.7/AndroidManifest.xml:20:5-44
MERGED from [androidx.activity:activity:1.10.0] /opt/gradle/.gradle/caches/9.3.1/transforms/70616132c5410d2ab830e7e4af57606e/transformed/activity-1.10.0/AndroidManifest.xml:20:5-44
MERGED from [androidx.activity:activity:1.10.0] /opt/gradle/.gradle/caches/9.3.1/transforms/70616132c5410d2ab830e7e4af57606e/transformed/activity-1.10.0/AndroidManifest.xml:20:5-44
MERGED from [androidx.activity:activity-ktx:1.10.0] /opt/gradle/.gradle/caches/9.3.1/transforms/5e010ed8ad68415635e351989b9ce5c8/transformed/activity-ktx-1.10.0/AndroidManifest.xml:5:5-44
MERGED from [androidx.activity:activity-ktx:1.10.0] /opt/gradle/.gradle/caches/9.3.1/transforms/5e010ed8ad68415635e351989b9ce5c8/transformed/activity-ktx-1.10.0/AndroidManifest.xml:5:5-44
MERGED from [androidx.activity:activity-compose:1.10.0] /opt/gradle/.gradle/caches/9.3.1/transforms/72adcbd069e7f8cbfe138f37aa141bcf/transformed/activity-compose-1.10.0/AndroidManifest.xml:5:5-44
MERGED from [androidx.activity:activity-compose:1.10.0] /opt/gradle/.gradle/caches/9.3.1/transforms/72adcbd069e7f8cbfe138f37aa141bcf/transformed/activity-compose-1.10.0/AndroidManifest.xml:5:5-44
MERGED from [androidx.customview:customview-poolingcontainer:1.0.0] /opt/gradle/.gradle/caches/9.3.1/transforms/d3492d8ac35535ff632ae8141ff0ad69/transformed/customview-poolingcontainer-1.0.0/AndroidManifest.xml:20:5-21:38
MERGED from [androidx.customview:customview-poolingcontainer:1.0.0] /opt/gradle/.gradle/caches/9.3.1/transforms/d3492d8ac35535ff632ae8141ff0ad69/transformed/customview-poolingcontainer-1.0.0/AndroidManifest.xml:20:5-21:38
MERGED from [androidx.core:core-ktx:1.15.0] /opt/gradle/.gradle/caches/9.3.1/transforms/8b0a1e8bdddcfd4eaa414c63a5b2aa14/transformed/core-ktx-1.15.0/AndroidManifest.xml:5:5-44
MERGED from [androidx.core:core-ktx:1.15.0] /opt/gradle/.gradle/caches/9.3.1/transforms/8b0a1e8bdddcfd4eaa414c63a5b2aa14/transformed/core-ktx-1.15.0/AndroidManifest.xml:5:5-44
MERGED from [androidx.room:room-runtime:2.6.1] /opt/gradle/.gradle/caches/9.3.1/transforms/fa8feabc88e3ee1814fbc86da2037fc3/transformed/room-runtime-2.6.1/AndroidManifest.xml:21:5-44
MERGED from [androidx.room:room-runtime:2.6.1] /opt/gradle/.gradle/caches/9.3.1/transforms/fa8feabc88e3ee1814fbc86da2037fc3/transformed/room-runtime-2.6.1/AndroidManifest.xml:21:5-44
MERGED from [androidx.room:room-ktx:2.6.1] /opt/gradle/.gradle/caches/9.3.1/transforms/5b1bd4617ed888640525790f0b236ea4/transformed/room-ktx-2.6.1/AndroidManifest.xml:20:5-44
MERGED from [androidx.room:room-ktx:2.6.1] /opt/gradle/.gradle/caches/9.3.1/transforms/5b1bd4617ed888640525790f0b236ea4/transformed/room-ktx-2.6.1/AndroidManifest.xml:20:5-44
MERGED from [net.zetetic:android-database-sqlcipher:4.5.4] /opt/gradle/.gradle/caches/9.3.1/transforms/e07db293197af857923e9fa0ed561bd8/transformed/android-database-sqlcipher-4.5.4/AndroidManifest.xml:5:5-7:41
MERGED from [net.zetetic:android-database-sqlcipher:4.5.4] /opt/gradle/.gradle/caches/9.3.1/transforms/e07db293197af857923e9fa0ed561bd8/transformed/android-database-sqlcipher-4.5.4/AndroidManifest.xml:5:5-7:41
MERGED from [androidx.sqlite:sqlite-framework:2.4.0] /opt/gradle/.gradle/caches/9.3.1/transforms/a82572026af915ffc3de9127ac656b58/transformed/sqlite-framework-2.4.0/AndroidManifest.xml:20:5-44
MERGED from [androidx.sqlite:sqlite-framework:2.4.0] /opt/gradle/.gradle/caches/9.3.1/transforms/a82572026af915ffc3de9127ac656b58/transformed/sqlite-framework-2.4.0/AndroidManifest.xml:20:5-44
MERGED from [androidx.sqlite:sqlite:2.4.0] /opt/gradle/.gradle/caches/9.3.1/transforms/f7bfaea0502db393a0d3d1b6ff7e8f2e/transformed/sqlite-2.4.0/AndroidManifest.xml:20:5-44
MERGED from [androidx.sqlite:sqlite:2.4.0] /opt/gradle/.gradle/caches/9.3.1/transforms/f7bfaea0502db393a0d3d1b6ff7e8f2e/transformed/sqlite-2.4.0/AndroidManifest.xml:20:5-44
MERGED from [androidx.sqlite:sqlite-ktx:2.4.0] /opt/gradle/.gradle/caches/9.3.1/transforms/68cefa3663e76bf409e204a13d7176af/transformed/sqlite-ktx-2.4.0/AndroidManifest.xml:5:5-44
MERGED from [androidx.sqlite:sqlite-ktx:2.4.0] /opt/gradle/.gradle/caches/9.3.1/transforms/68cefa3663e76bf409e204a13d7176af/transformed/sqlite-ktx-2.4.0/AndroidManifest.xml:5:5-44
MERGED from [androidx.compose.runtime:runtime-saveable-android:1.7.7] /opt/gradle/.gradle/caches/9.3.1/transforms/f80be17bf894007c8d5c1ab2e25ef9ea/transformed/runtime-saveable-release/AndroidManifest.xml:5:5-44
MERGED from [androidx.compose.runtime:runtime-saveable-android:1.7.7] /opt/gradle/.gradle/caches/9.3.1/transforms/f80be17bf894007c8d5c1ab2e25ef9ea/transformed/runtime-saveable-release/AndroidManifest.xml:5:5-44
MERGED from [androidx.compose.runtime:runtime-android:1.7.7] /opt/gradle/.gradle/caches/9.3.1/transforms/734cad9dad7234adb7963c6339e50789/transformed/runtime-release/AndroidManifest.xml:5:5-44
MERGED from [androidx.compose.runtime:runtime-android:1.7.7] /opt/gradle/.gradle/caches/9.3.1/transforms/734cad9dad7234adb7963c6339e50789/transformed/runtime-release/AndroidManifest.xml:5:5-44
MERGED from [androidx.annotation:annotation-experimental:1.4.1] /opt/gradle/.gradle/caches/9.3.1/transforms/e0934ced7e0eba7eeae05cdcf7ad199c/transformed/annotation-experimental-1.4.1/AndroidManifest.xml:5:5-44
MERGED from [androidx.annotation:annotation-experimental:1.4.1] /opt/gradle/.gradle/caches/9.3.1/transforms/e0934ced7e0eba7eeae05cdcf7ad199c/transformed/annotation-experimental-1.4.1/AndroidManifest.xml:5:5-44
MERGED from [androidx.profileinstaller:profileinstaller:1.4.0] /opt/gradle/.gradle/caches/9.3.1/transforms/0295322d57176204e24702999db54072/transformed/profileinstaller-1.4.0/AndroidManifest.xml:21:5-44
MERGED from [androidx.profileinstaller:profileinstaller:1.4.0] /opt/gradle/.gradle/caches/9.3.1/transforms/0295322d57176204e24702999db54072/transformed/profileinstaller-1.4.0/AndroidManifest.xml:21:5-44
MERGED from [androidx.startup:startup-runtime:1.1.1] /opt/gradle/.gradle/caches/9.3.1/transforms/686474768942b15060a167c711f322c4/transformed/startup-runtime-1.1.1/AndroidManifest.xml:21:5-23:41
MERGED from [androidx.startup:startup-runtime:1.1.1] /opt/gradle/.gradle/caches/9.3.1/transforms/686474768942b15060a167c711f322c4/transformed/startup-runtime-1.1.1/AndroidManifest.xml:21:5-23:41
MERGED from [androidx.tracing:tracing:1.2.0] /opt/gradle/.gradle/caches/9.3.1/transforms/ee092f46adfa1e16fb1df0196d57c81e/transformed/tracing-1.2.0/AndroidManifest.xml:20:5-44
MERGED from [androidx.tracing:tracing:1.2.0] /opt/gradle/.gradle/caches/9.3.1/transforms/ee092f46adfa1e16fb1df0196d57c81e/transformed/tracing-1.2.0/AndroidManifest.xml:20:5-44
MERGED from [androidx.tracing:tracing-ktx:1.2.0] /opt/gradle/.gradle/caches/9.3.1/transforms/cbc8b6d4762442a59cec40ea5a8c0dfd/transformed/tracing-ktx-1.2.0/AndroidManifest.xml:20:5-44
MERGED from [androidx.tracing:tracing-ktx:1.2.0] /opt/gradle/.gradle/caches/9.3.1/transforms/cbc8b6d4762442a59cec40ea5a8c0dfd/transformed/tracing-ktx-1.2.0/AndroidManifest.xml:20:5-44
MERGED from [androidx.security:security-crypto:1.1.0-alpha06] /opt/gradle/.gradle/caches/9.3.1/transforms/0ae11b95d50070ab3e9d80bfed88d2be/transformed/security-crypto-1.1.0-alpha06/AndroidManifest.xml:20:5-44
MERGED from [androidx.security:security-crypto:1.1.0-alpha06] /opt/gradle/.gradle/caches/9.3.1/transforms/0ae11b95d50070ab3e9d80bfed88d2be/transformed/security-crypto-1.1.0-alpha06/AndroidManifest.xml:20:5-44
MERGED from [androidx.arch.core:core-runtime:2.2.0] /opt/gradle/.gradle/caches/9.3.1/transforms/63e89092a08f937a4fba8f4a2d23e40d/transformed/core-runtime-2.2.0/AndroidManifest.xml:20:5-44
MERGED from [androidx.arch.core:core-runtime:2.2.0] /opt/gradle/.gradle/caches/9.3.1/transforms/63e89092a08f937a4fba8f4a2d23e40d/transformed/core-runtime-2.2.0/AndroidManifest.xml:20:5-44
MERGED from [androidx.exifinterface:exifinterface:1.3.2] /opt/gradle/.gradle/caches/9.3.1/transforms/e88df147d948cdc17576f9400d5c7c8f/transformed/exifinterface-1.3.2/AndroidManifest.xml:20:5-22:41
MERGED from [androidx.exifinterface:exifinterface:1.3.2] /opt/gradle/.gradle/caches/9.3.1/transforms/e88df147d948cdc17576f9400d5c7c8f/transformed/exifinterface-1.3.2/AndroidManifest.xml:20:5-22:41
MERGED from [com.google.android.datatransport:transport-backend-cct:2.3.3] /opt/gradle/.gradle/caches/9.3.1/transforms/e681e4b045b4293a375f1b7cacbf53dd/transformed/transport-backend-cct-2.3.3/AndroidManifest.xml:19:5-21:41
MERGED from [com.google.android.datatransport:transport-backend-cct:2.3.3] /opt/gradle/.gradle/caches/9.3.1/transforms/e681e4b045b4293a375f1b7cacbf53dd/transformed/transport-backend-cct-2.3.3/AndroidManifest.xml:19:5-21:41
MERGED from [com.google.android.datatransport:transport-runtime:2.2.6] /opt/gradle/.gradle/caches/9.3.1/transforms/011d15371430177958ad1e663dbe05a5/transformed/transport-runtime-2.2.6/AndroidManifest.xml:18:5-20:41
MERGED from [com.google.android.datatransport:transport-runtime:2.2.6] /opt/gradle/.gradle/caches/9.3.1/transforms/011d15371430177958ad1e663dbe05a5/transformed/transport-runtime-2.2.6/AndroidManifest.xml:18:5-20:41
MERGED from [com.google.android.datatransport:transport-api:2.2.1] /opt/gradle/.gradle/caches/9.3.1/transforms/13e11118d10f1e6bf51ea8068a1a842b/transformed/transport-api-2.2.1/AndroidManifest.xml:18:5-20:41
MERGED from [com.google.android.datatransport:transport-api:2.2.1] /opt/gradle/.gradle/caches/9.3.1/transforms/13e11118d10f1e6bf51ea8068a1a842b/transformed/transport-api-2.2.1/AndroidManifest.xml:18:5-20:41
MERGED from [com.google.firebase:firebase-components:16.1.0] /opt/gradle/.gradle/caches/9.3.1/transforms/f75d44d83b5554be235d327714d2dc10/transformed/firebase-components-16.1.0/AndroidManifest.xml:19:5-21:41
MERGED from [com.google.firebase:firebase-components:16.1.0] /opt/gradle/.gradle/caches/9.3.1/transforms/f75d44d83b5554be235d327714d2dc10/transformed/firebase-components-16.1.0/AndroidManifest.xml:19:5-21:41
MERGED from [com.google.firebase:firebase-encoders-json:17.1.0] /opt/gradle/.gradle/caches/9.3.1/transforms/d6d7ecb6e93eab0f79e5b24b006ff897/transformed/firebase-encoders-json-17.1.0/AndroidManifest.xml:19:5-21:41
MERGED from [com.google.firebase:firebase-encoders-json:17.1.0] /opt/gradle/.gradle/caches/9.3.1/transforms/d6d7ecb6e93eab0f79e5b24b006ff897/transformed/firebase-encoders-json-17.1.0/AndroidManifest.xml:19:5-21:41
MERGED from [androidx.interpolator:interpolator:1.0.0] /opt/gradle/.gradle/caches/9.3.1/transforms/55fefdcf8a04699088d26bd960c84a2d/transformed/interpolator-1.0.0/AndroidManifest.xml:20:5-44
MERGED from [androidx.interpolator:interpolator:1.0.0] /opt/gradle/.gradle/caches/9.3.1/transforms/55fefdcf8a04699088d26bd960c84a2d/transformed/interpolator-1.0.0/AndroidManifest.xml:20:5-44
MERGED from [androidx.versionedparcelable:versionedparcelable:1.1.1] /opt/gradle/.gradle/caches/9.3.1/transforms/a3ac6dc25c5a5cf869f07ccdea146095/transformed/versionedparcelable-1.1.1/AndroidManifest.xml:20:5-22:41
MERGED from [androidx.versionedparcelable:versionedparcelable:1.1.1] /opt/gradle/.gradle/caches/9.3.1/transforms/a3ac6dc25c5a5cf869f07ccdea146095/transformed/versionedparcelable-1.1.1/AndroidManifest.xml:20:5-22:41
MERGED from [androidx.cursoradapter:cursoradapter:1.0.0] /opt/gradle/.gradle/caches/9.3.1/transforms/ae5af4558dfa7d2a50ff601ff8d100af/transformed/cursoradapter-1.0.0/AndroidManifest.xml:20:5-44
MERGED from [androidx.cursoradapter:cursoradapter:1.0.0] /opt/gradle/.gradle/caches/9.3.1/transforms/ae5af4558dfa7d2a50ff601ff8d100af/transformed/cursoradapter-1.0.0/AndroidManifest.xml:20:5-44
MERGED from [org.tensorflow:tensorflow-lite-support:0.4.4] /opt/gradle/.gradle/caches/9.3.1/transforms/140fb80a8e5c5bf37349176a5f669951/transformed/tensorflow-lite-support-0.4.4/AndroidManifest.xml:4:3-71
MERGED from [org.tensorflow:tensorflow-lite-support:0.4.4] /opt/gradle/.gradle/caches/9.3.1/transforms/140fb80a8e5c5bf37349176a5f669951/transformed/tensorflow-lite-support-0.4.4/AndroidManifest.xml:4:3-71
MERGED from [org.tensorflow:tensorflow-lite:2.16.1] /opt/gradle/.gradle/caches/9.3.1/transforms/d815c646971396ef2dc34d47c13b2e27/transformed/tensorflow-lite-2.16.1/AndroidManifest.xml:6:5-7:38
MERGED from [org.tensorflow:tensorflow-lite:2.16.1] /opt/gradle/.gradle/caches/9.3.1/transforms/d815c646971396ef2dc34d47c13b2e27/transformed/tensorflow-lite-2.16.1/AndroidManifest.xml:6:5-7:38
MERGED from [org.tensorflow:tensorflow-lite-gpu:2.16.1] /opt/gradle/.gradle/caches/9.3.1/transforms/f9988d1f913d5a6646e00a79e1a44df1/transformed/tensorflow-lite-gpu-2.16.1/AndroidManifest.xml:6:5-7:38
MERGED from [org.tensorflow:tensorflow-lite-gpu:2.16.1] /opt/gradle/.gradle/caches/9.3.1/transforms/f9988d1f913d5a6646e00a79e1a44df1/transformed/tensorflow-lite-gpu-2.16.1/AndroidManifest.xml:6:5-7:38
MERGED from [org.tensorflow:tensorflow-lite-support-api:0.4.4] /opt/gradle/.gradle/caches/9.3.1/transforms/11950b801fc2e05d1c6a78af1ab45f4d/transformed/tensorflow-lite-support-api-0.4.4/AndroidManifest.xml:4:3-71
MERGED from [org.tensorflow:tensorflow-lite-support-api:0.4.4] /opt/gradle/.gradle/caches/9.3.1/transforms/11950b801fc2e05d1c6a78af1ab45f4d/transformed/tensorflow-lite-support-api-0.4.4/AndroidManifest.xml:4:3-71
MERGED from [org.tensorflow:tensorflow-lite-api:2.16.1] /opt/gradle/.gradle/caches/9.3.1/transforms/81d8589c16ec7f2dbb8249cd4c7714c7/transformed/tensorflow-lite-api-2.16.1/AndroidManifest.xml:6:5-7:38
MERGED from [org.tensorflow:tensorflow-lite-api:2.16.1] /opt/gradle/.gradle/caches/9.3.1/transforms/81d8589c16ec7f2dbb8249cd4c7714c7/transformed/tensorflow-lite-api-2.16.1/AndroidManifest.xml:6:5-7:38
MERGED from [com.google.android.odml:image:1.0.0-beta1] /opt/gradle/.gradle/caches/9.3.1/transforms/762045436f642dafcc6244b1ec40fc42/transformed/image-1.0.0-beta1/AndroidManifest.xml:5:5-44
MERGED from [com.google.android.odml:image:1.0.0-beta1] /opt/gradle/.gradle/caches/9.3.1/transforms/762045436f642dafcc6244b1ec40fc42/transformed/image-1.0.0-beta1/AndroidManifest.xml:5:5-44
	android:targetSdkVersion
		INJECTED from /app/applet/app/src/main/AndroidManifest.xml
	android:minSdkVersion
		INJECTED from /app/applet/app/src/main/AndroidManifest.xml
activity#androidx.compose.ui.tooling.PreviewActivity
ADDED from [androidx.compose.ui:ui-tooling-android:1.7.7] /opt/gradle/.gradle/caches/9.3.1/transforms/2656ec1173b9d586977acc27625fa4f6/transformed/ui-tooling-release/AndroidManifest.xml:23:9-25:39
	android:exported
		ADDED from [androidx.compose.ui:ui-tooling-android:1.7.7] /opt/gradle/.gradle/caches/9.3.1/transforms/2656ec1173b9d586977acc27625fa4f6/transformed/ui-tooling-release/AndroidManifest.xml:25:13-36
	android:name
		ADDED from [androidx.compose.ui:ui-tooling-android:1.7.7] /opt/gradle/.gradle/caches/9.3.1/transforms/2656ec1173b9d586977acc27625fa4f6/transformed/ui-tooling-release/AndroidManifest.xml:24:13-71
service#androidx.camera.core.impl.MetadataHolderService
ADDED from [androidx.camera:camera-camera2:1.4.1] /opt/gradle/.gradle/caches/9.3.1/transforms/f038e5d1e7c116fbcff7d9261720400b/transformed/camera-camera2-1.4.1/AndroidManifest.xml:24:9-33:19
MERGED from [androidx.camera:camera-core:1.4.1] /opt/gradle/.gradle/caches/9.3.1/transforms/9f6e9e86f0d59aa27113229fd312f676/transformed/camera-core-1.4.1/AndroidManifest.xml:29:9-33:78
MERGED from [androidx.camera:camera-core:1.4.1] /opt/gradle/.gradle/caches/9.3.1/transforms/9f6e9e86f0d59aa27113229fd312f676/transformed/camera-core-1.4.1/AndroidManifest.xml:29:9-33:78
	tools:node
		ADDED from [androidx.camera:camera-camera2:1.4.1] /opt/gradle/.gradle/caches/9.3.1/transforms/f038e5d1e7c116fbcff7d9261720400b/transformed/camera-camera2-1.4.1/AndroidManifest.xml:29:13-31
	android:enabled
		ADDED from [androidx.camera:camera-camera2:1.4.1] /opt/gradle/.gradle/caches/9.3.1/transforms/f038e5d1e7c116fbcff7d9261720400b/transformed/camera-camera2-1.4.1/AndroidManifest.xml:26:13-36
	android:exported
		ADDED from [androidx.camera:camera-camera2:1.4.1] /opt/gradle/.gradle/caches/9.3.1/transforms/f038e5d1e7c116fbcff7d9261720400b/transformed/camera-camera2-1.4.1/AndroidManifest.xml:27:13-37
	tools:ignore
		ADDED from [androidx.camera:camera-camera2:1.4.1] /opt/gradle/.gradle/caches/9.3.1/transforms/f038e5d1e7c116fbcff7d9261720400b/transformed/camera-camera2-1.4.1/AndroidManifest.xml:28:13-75
	android:name
		ADDED from [androidx.camera:camera-camera2:1.4.1] /opt/gradle/.gradle/caches/9.3.1/transforms/f038e5d1e7c116fbcff7d9261720400b/transformed/camera-camera2-1.4.1/AndroidManifest.xml:25:13-75
meta-data#androidx.camera.core.impl.MetadataHolderService.DEFAULT_CONFIG_PROVIDER
ADDED from [androidx.camera:camera-camera2:1.4.1] /opt/gradle/.gradle/caches/9.3.1/transforms/f038e5d1e7c116fbcff7d9261720400b/transformed/camera-camera2-1.4.1/AndroidManifest.xml:30:13-32:89
	android:value
		ADDED from [androidx.camera:camera-camera2:1.4.1] /opt/gradle/.gradle/caches/9.3.1/transforms/f038e5d1e7c116fbcff7d9261720400b/transformed/camera-camera2-1.4.1/AndroidManifest.xml:32:17-86
	android:name
		ADDED from [androidx.camera:camera-camera2:1.4.1] /opt/gradle/.gradle/caches/9.3.1/transforms/f038e5d1e7c116fbcff7d9261720400b/transformed/camera-camera2-1.4.1/AndroidManifest.xml:31:17-103
uses-permission#android.permission.WAKE_LOCK
ADDED from [androidx.work:work-runtime:2.10.0] /opt/gradle/.gradle/caches/9.3.1/transforms/d72c9be495438d892104a6baca8def2c/transformed/work-runtime-2.10.0/AndroidManifest.xml:23:5-68
	android:name
		ADDED from [androidx.work:work-runtime:2.10.0] /opt/gradle/.gradle/caches/9.3.1/transforms/d72c9be495438d892104a6baca8def2c/transformed/work-runtime-2.10.0/AndroidManifest.xml:23:22-65
uses-permission#android.permission.ACCESS_NETWORK_STATE
ADDED from [androidx.work:work-runtime:2.10.0] /opt/gradle/.gradle/caches/9.3.1/transforms/d72c9be495438d892104a6baca8def2c/transformed/work-runtime-2.10.0/AndroidManifest.xml:24:5-79
MERGED from [com.google.android.datatransport:transport-backend-cct:2.3.3] /opt/gradle/.gradle/caches/9.3.1/transforms/e681e4b045b4293a375f1b7cacbf53dd/transformed/transport-backend-cct-2.3.3/AndroidManifest.xml:25:5-79
MERGED from [com.google.android.datatransport:transport-backend-cct:2.3.3] /opt/gradle/.gradle/caches/9.3.1/transforms/e681e4b045b4293a375f1b7cacbf53dd/transformed/transport-backend-cct-2.3.3/AndroidManifest.xml:25:5-79
MERGED from [com.google.android.datatransport:transport-runtime:2.2.6] /opt/gradle/.gradle/caches/9.3.1/transforms/011d15371430177958ad1e663dbe05a5/transformed/transport-runtime-2.2.6/AndroidManifest.xml:22:5-79
MERGED from [com.google.android.datatransport:transport-runtime:2.2.6] /opt/gradle/.gradle/caches/9.3.1/transforms/011d15371430177958ad1e663dbe05a5/transformed/transport-runtime-2.2.6/AndroidManifest.xml:22:5-79
	android:name
		ADDED from [androidx.work:work-runtime:2.10.0] /opt/gradle/.gradle/caches/9.3.1/transforms/d72c9be495438d892104a6baca8def2c/transformed/work-runtime-2.10.0/AndroidManifest.xml:24:22-76
uses-permission#android.permission.RECEIVE_BOOT_COMPLETED
ADDED from [androidx.work:work-runtime:2.10.0] /opt/gradle/.gradle/caches/9.3.1/transforms/d72c9be495438d892104a6baca8def2c/transformed/work-runtime-2.10.0/AndroidManifest.xml:25:5-81
	android:name
		ADDED from [androidx.work:work-runtime:2.10.0] /opt/gradle/.gradle/caches/9.3.1/transforms/d72c9be495438d892104a6baca8def2c/transformed/work-runtime-2.10.0/AndroidManifest.xml:25:22-78
uses-permission#android.permission.FOREGROUND_SERVICE
ADDED from [androidx.work:work-runtime:2.10.0] /opt/gradle/.gradle/caches/9.3.1/transforms/d72c9be495438d892104a6baca8def2c/transformed/work-runtime-2.10.0/AndroidManifest.xml:26:5-77
	android:name
		ADDED from [androidx.work:work-runtime:2.10.0] /opt/gradle/.gradle/caches/9.3.1/transforms/d72c9be495438d892104a6baca8def2c/transformed/work-runtime-2.10.0/AndroidManifest.xml:26:22-74
provider#androidx.startup.InitializationProvider
ADDED from [androidx.work:work-runtime:2.10.0] /opt/gradle/.gradle/caches/9.3.1/transforms/d72c9be495438d892104a6baca8def2c/transformed/work-runtime-2.10.0/AndroidManifest.xml:29:9-37:20
MERGED from [androidx.emoji2:emoji2:1.3.0] /opt/gradle/.gradle/caches/9.3.1/transforms/68a50fed734ede7b93d7686f5732d3eb/transformed/emoji2-1.3.0/AndroidManifest.xml:24:9-32:20
MERGED from [androidx.emoji2:emoji2:1.3.0] /opt/gradle/.gradle/caches/9.3.1/transforms/68a50fed734ede7b93d7686f5732d3eb/transformed/emoji2-1.3.0/AndroidManifest.xml:24:9-32:20
MERGED from [androidx.lifecycle:lifecycle-process:2.8.7] /opt/gradle/.gradle/caches/9.3.1/transforms/9c8f760344c9f126a35c1b26dd907714/transformed/lifecycle-process-2.8.7/AndroidManifest.xml:24:9-32:20
MERGED from [androidx.lifecycle:lifecycle-process:2.8.7] /opt/gradle/.gradle/caches/9.3.1/transforms/9c8f760344c9f126a35c1b26dd907714/transformed/lifecycle-process-2.8.7/AndroidManifest.xml:24:9-32:20
MERGED from [androidx.profileinstaller:profileinstaller:1.4.0] /opt/gradle/.gradle/caches/9.3.1/transforms/0295322d57176204e24702999db54072/transformed/profileinstaller-1.4.0/AndroidManifest.xml:24:9-32:20
MERGED from [androidx.profileinstaller:profileinstaller:1.4.0] /opt/gradle/.gradle/caches/9.3.1/transforms/0295322d57176204e24702999db54072/transformed/profileinstaller-1.4.0/AndroidManifest.xml:24:9-32:20
MERGED from [androidx.startup:startup-runtime:1.1.1] /opt/gradle/.gradle/caches/9.3.1/transforms/686474768942b15060a167c711f322c4/transformed/startup-runtime-1.1.1/AndroidManifest.xml:26:9-30:34
MERGED from [androidx.startup:startup-runtime:1.1.1] /opt/gradle/.gradle/caches/9.3.1/transforms/686474768942b15060a167c711f322c4/transformed/startup-runtime-1.1.1/AndroidManifest.xml:26:9-30:34
	tools:node
		ADDED from [androidx.work:work-runtime:2.10.0] /opt/gradle/.gradle/caches/9.3.1/transforms/d72c9be495438d892104a6baca8def2c/transformed/work-runtime-2.10.0/AndroidManifest.xml:33:13-31
	android:authorities
		ADDED from [androidx.work:work-runtime:2.10.0] /opt/gradle/.gradle/caches/9.3.1/transforms/d72c9be495438d892104a6baca8def2c/transformed/work-runtime-2.10.0/AndroidManifest.xml:31:13-68
	android:exported
		ADDED from [androidx.work:work-runtime:2.10.0] /opt/gradle/.gradle/caches/9.3.1/transforms/d72c9be495438d892104a6baca8def2c/transformed/work-runtime-2.10.0/AndroidManifest.xml:32:13-37
	android:name
		ADDED from [androidx.work:work-runtime:2.10.0] /opt/gradle/.gradle/caches/9.3.1/transforms/d72c9be495438d892104a6baca8def2c/transformed/work-runtime-2.10.0/AndroidManifest.xml:30:13-67
meta-data#androidx.work.WorkManagerInitializer
ADDED from [androidx.work:work-runtime:2.10.0] /opt/gradle/.gradle/caches/9.3.1/transforms/d72c9be495438d892104a6baca8def2c/transformed/work-runtime-2.10.0/AndroidManifest.xml:34:13-36:52
	android:value
		ADDED from [androidx.work:work-runtime:2.10.0] /opt/gradle/.gradle/caches/9.3.1/transforms/d72c9be495438d892104a6baca8def2c/transformed/work-runtime-2.10.0/AndroidManifest.xml:36:17-49
	android:name
		ADDED from [androidx.work:work-runtime:2.10.0] /opt/gradle/.gradle/caches/9.3.1/transforms/d72c9be495438d892104a6baca8def2c/transformed/work-runtime-2.10.0/AndroidManifest.xml:35:17-68
service#androidx.work.impl.background.systemalarm.SystemAlarmService
ADDED from [androidx.work:work-runtime:2.10.0] /opt/gradle/.gradle/caches/9.3.1/transforms/d72c9be495438d892104a6baca8def2c/transformed/work-runtime-2.10.0/AndroidManifest.xml:39:9-45:35
	android:enabled
		ADDED from [androidx.work:work-runtime:2.10.0] /opt/gradle/.gradle/caches/9.3.1/transforms/d72c9be495438d892104a6baca8def2c/transformed/work-runtime-2.10.0/AndroidManifest.xml:42:13-72
	android:exported
		ADDED from [androidx.work:work-runtime:2.10.0] /opt/gradle/.gradle/caches/9.3.1/transforms/d72c9be495438d892104a6baca8def2c/transformed/work-runtime-2.10.0/AndroidManifest.xml:43:13-37
	tools:ignore
		ADDED from [androidx.work:work-runtime:2.10.0] /opt/gradle/.gradle/caches/9.3.1/transforms/d72c9be495438d892104a6baca8def2c/transformed/work-runtime-2.10.0/AndroidManifest.xml:44:13-60
	tools:targetApi
		ADDED from [androidx.work:work-runtime:2.10.0] /opt/gradle/.gradle/caches/9.3.1/transforms/d72c9be495438d892104a6baca8def2c/transformed/work-runtime-2.10.0/AndroidManifest.xml:45:13-32
	android:directBootAware
		ADDED from [androidx.work:work-runtime:2.10.0] /opt/gradle/.gradle/caches/9.3.1/transforms/d72c9be495438d892104a6baca8def2c/transformed/work-runtime-2.10.0/AndroidManifest.xml:41:13-44
	android:name
		ADDED from [androidx.work:work-runtime:2.10.0] /opt/gradle/.gradle/caches/9.3.1/transforms/d72c9be495438d892104a6baca8def2c/transformed/work-runtime-2.10.0/AndroidManifest.xml:40:13-88
service#androidx.work.impl.background.systemjob.SystemJobService
ADDED from [androidx.work:work-runtime:2.10.0] /opt/gradle/.gradle/caches/9.3.1/transforms/d72c9be495438d892104a6baca8def2c/transformed/work-runtime-2.10.0/AndroidManifest.xml:46:9-52:35
	android:enabled
		ADDED from [androidx.work:work-runtime:2.10.0] /opt/gradle/.gradle/caches/9.3.1/transforms/d72c9be495438d892104a6baca8def2c/transformed/work-runtime-2.10.0/AndroidManifest.xml:49:13-70
	android:exported
		ADDED from [androidx.work:work-runtime:2.10.0] /opt/gradle/.gradle/caches/9.3.1/transforms/d72c9be495438d892104a6baca8def2c/transformed/work-runtime-2.10.0/AndroidManifest.xml:50:13-36
	android:permission
		ADDED from [androidx.work:work-runtime:2.10.0] /opt/gradle/.gradle/caches/9.3.1/transforms/d72c9be495438d892104a6baca8def2c/transformed/work-runtime-2.10.0/AndroidManifest.xml:51:13-69
	tools:targetApi
		ADDED from [androidx.work:work-runtime:2.10.0] /opt/gradle/.gradle/caches/9.3.1/transforms/d72c9be495438d892104a6baca8def2c/transformed/work-runtime-2.10.0/AndroidManifest.xml:52:13-32
	android:directBootAware
		ADDED from [androidx.work:work-runtime:2.10.0] /opt/gradle/.gradle/caches/9.3.1/transforms/d72c9be495438d892104a6baca8def2c/transformed/work-runtime-2.10.0/AndroidManifest.xml:48:13-44
	android:name
		ADDED from [androidx.work:work-runtime:2.10.0] /opt/gradle/.gradle/caches/9.3.1/transforms/d72c9be495438d892104a6baca8def2c/transformed/work-runtime-2.10.0/AndroidManifest.xml:47:13-84
service#androidx.work.impl.foreground.SystemForegroundService
ADDED from [androidx.work:work-runtime:2.10.0] /opt/gradle/.gradle/caches/9.3.1/transforms/d72c9be495438d892104a6baca8def2c/transformed/work-runtime-2.10.0/AndroidManifest.xml:53:9-59:35
	android:enabled
		ADDED from [androidx.work:work-runtime:2.10.0] /opt/gradle/.gradle/caches/9.3.1/transforms/d72c9be495438d892104a6baca8def2c/transformed/work-runtime-2.10.0/AndroidManifest.xml:56:13-77
	android:exported
		ADDED from [androidx.work:work-runtime:2.10.0] /opt/gradle/.gradle/caches/9.3.1/transforms/d72c9be495438d892104a6baca8def2c/transformed/work-runtime-2.10.0/AndroidManifest.xml:57:13-37
	tools:ignore
		ADDED from [androidx.work:work-runtime:2.10.0] /opt/gradle/.gradle/caches/9.3.1/transforms/d72c9be495438d892104a6baca8def2c/transformed/work-runtime-2.10.0/AndroidManifest.xml:58:13-60
	tools:targetApi
		ADDED from [androidx.work:work-runtime:2.10.0] /opt/gradle/.gradle/caches/9.3.1/transforms/d72c9be495438d892104a6baca8def2c/transformed/work-runtime-2.10.0/AndroidManifest.xml:59:13-32
	android:directBootAware
		ADDED from [androidx.work:work-runtime:2.10.0] /opt/gradle/.gradle/caches/9.3.1/transforms/d72c9be495438d892104a6baca8def2c/transformed/work-runtime-2.10.0/AndroidManifest.xml:55:13-44
	android:name
		ADDED from [androidx.work:work-runtime:2.10.0] /opt/gradle/.gradle/caches/9.3.1/transforms/d72c9be495438d892104a6baca8def2c/transformed/work-runtime-2.10.0/AndroidManifest.xml:54:13-81
receiver#androidx.work.impl.utils.ForceStopRunnable$BroadcastReceiver
ADDED from [androidx.work:work-runtime:2.10.0] /opt/gradle/.gradle/caches/9.3.1/transforms/d72c9be495438d892104a6baca8def2c/transformed/work-runtime-2.10.0/AndroidManifest.xml:61:9-66:35
	android:enabled
		ADDED from [androidx.work:work-runtime:2.10.0] /opt/gradle/.gradle/caches/9.3.1/transforms/d72c9be495438d892104a6baca8def2c/transformed/work-runtime-2.10.0/AndroidManifest.xml:64:13-35
	android:exported
		ADDED from [androidx.work:work-runtime:2.10.0] /opt/gradle/.gradle/caches/9.3.1/transforms/d72c9be495438d892104a6baca8def2c/transformed/work-runtime-2.10.0/AndroidManifest.xml:65:13-37
	tools:targetApi
		ADDED from [androidx.work:work-runtime:2.10.0] /opt/gradle/.gradle/caches/9.3.1/transforms/d72c9be495438d892104a6baca8def2c/transformed/work-runtime-2.10.0/AndroidManifest.xml:66:13-32
	android:directBootAware
		ADDED from [androidx.work:work-runtime:2.10.0] /opt/gradle/.gradle/caches/9.3.1/transforms/d72c9be495438d892104a6baca8def2c/transformed/work-runtime-2.10.0/AndroidManifest.xml:63:13-44
	android:name
		ADDED from [androidx.work:work-runtime:2.10.0] /opt/gradle/.gradle/caches/9.3.1/transforms/d72c9be495438d892104a6baca8def2c/transformed/work-runtime-2.10.0/AndroidManifest.xml:62:13-88
receiver#androidx.work.impl.background.systemalarm.ConstraintProxy$BatteryChargingProxy
ADDED from [androidx.work:work-runtime:2.10.0] /opt/gradle/.gradle/caches/9.3.1/transforms/d72c9be495438d892104a6baca8def2c/transformed/work-runtime-2.10.0/AndroidManifest.xml:67:9-77:20
	android:enabled
		ADDED from [androidx.work:work-runtime:2.10.0] /opt/gradle/.gradle/caches/9.3.1/transforms/d72c9be495438d892104a6baca8def2c/transformed/work-runtime-2.10.0/AndroidManifest.xml:70:13-36
	android:exported
		ADDED from [androidx.work:work-runtime:2.10.0] /opt/gradle/.gradle/caches/9.3.1/transforms/d72c9be495438d892104a6baca8def2c/transformed/work-runtime-2.10.0/AndroidManifest.xml:71:13-37
	tools:targetApi
		ADDED from [androidx.work:work-runtime:2.10.0] /opt/gradle/.gradle/caches/9.3.1/transforms/d72c9be495438d892104a6baca8def2c/transformed/work-runtime-2.10.0/AndroidManifest.xml:72:13-32
	android:directBootAware
		ADDED from [androidx.work:work-runtime:2.10.0] /opt/gradle/.gradle/caches/9.3.1/transforms/d72c9be495438d892104a6baca8def2c/transformed/work-runtime-2.10.0/AndroidManifest.xml:69:13-44
	android:name
		ADDED from [androidx.work:work-runtime:2.10.0] /opt/gradle/.gradle/caches/9.3.1/transforms/d72c9be495438d892104a6baca8def2c/transformed/work-runtime-2.10.0/AndroidManifest.xml:68:13-106
intent-filter#action:name:android.intent.action.ACTION_POWER_CONNECTED+action:name:android.intent.action.ACTION_POWER_DISCONNECTED
ADDED from [androidx.work:work-runtime:2.10.0] /opt/gradle/.gradle/caches/9.3.1/transforms/d72c9be495438d892104a6baca8def2c/transformed/work-runtime-2.10.0/AndroidManifest.xml:73:13-76:29
action#android.intent.action.ACTION_POWER_CONNECTED
ADDED from [androidx.work:work-runtime:2.10.0] /opt/gradle/.gradle/caches/9.3.1/transforms/d72c9be495438d892104a6baca8def2c/transformed/work-runtime-2.10.0/AndroidManifest.xml:74:17-87
	android:name
		ADDED from [androidx.work:work-runtime:2.10.0] /opt/gradle/.gradle/caches/9.3.1/transforms/d72c9be495438d892104a6baca8def2c/transformed/work-runtime-2.10.0/AndroidManifest.xml:74:25-84
action#android.intent.action.ACTION_POWER_DISCONNECTED
ADDED from [androidx.work:work-runtime:2.10.0] /opt/gradle/.gradle/caches/9.3.1/transforms/d72c9be495438d892104a6baca8def2c/transformed/work-runtime-2.10.0/AndroidManifest.xml:75:17-90
	android:name
		ADDED from [androidx.work:work-runtime:2.10.0] /opt/gradle/.gradle/caches/9.3.1/transforms/d72c9be495438d892104a6baca8def2c/transformed/work-runtime-2.10.0/AndroidManifest.xml:75:25-87
receiver#androidx.work.impl.background.systemalarm.ConstraintProxy$BatteryNotLowProxy
ADDED from [androidx.work:work-runtime:2.10.0] /opt/gradle/.gradle/caches/9.3.1/transforms/d72c9be495438d892104a6baca8def2c/transformed/work-runtime-2.10.0/AndroidManifest.xml:78:9-88:20
	android:enabled
		ADDED from [androidx.work:work-runtime:2.10.0] /opt/gradle/.gradle/caches/9.3.1/transforms/d72c9be495438d892104a6baca8def2c/transformed/work-runtime-2.10.0/AndroidManifest.xml:81:13-36
	android:exported
		ADDED from [androidx.work:work-runtime:2.10.0] /opt/gradle/.gradle/caches/9.3.1/transforms/d72c9be495438d892104a6baca8def2c/transformed/work-runtime-2.10.0/AndroidManifest.xml:82:13-37
	tools:targetApi
		ADDED from [androidx.work:work-runtime:2.10.0] /opt/gradle/.gradle/caches/9.3.1/transforms/d72c9be495438d892104a6baca8def2c/transformed/work-runtime-2.10.0/AndroidManifest.xml:83:13-32
	android:directBootAware
		ADDED from [androidx.work:work-runtime:2.10.0] /opt/gradle/.gradle/caches/9.3.1/transforms/d72c9be495438d892104a6baca8def2c/transformed/work-runtime-2.10.0/AndroidManifest.xml:80:13-44
	android:name
		ADDED from [androidx.work:work-runtime:2.10.0] /opt/gradle/.gradle/caches/9.3.1/transforms/d72c9be495438d892104a6baca8def2c/transformed/work-runtime-2.10.0/AndroidManifest.xml:79:13-104
intent-filter#action:name:android.intent.action.BATTERY_LOW+action:name:android.intent.action.BATTERY_OKAY
ADDED from [androidx.work:work-runtime:2.10.0] /opt/gradle/.gradle/caches/9.3.1/transforms/d72c9be495438d892104a6baca8def2c/transformed/work-runtime-2.10.0/AndroidManifest.xml:84:13-87:29
action#android.intent.action.BATTERY_OKAY
ADDED from [androidx.work:work-runtime:2.10.0] /opt/gradle/.gradle/caches/9.3.1/transforms/d72c9be495438d892104a6baca8def2c/transformed/work-runtime-2.10.0/AndroidManifest.xml:85:17-77
	android:name
		ADDED from [androidx.work:work-runtime:2.10.0] /opt/gradle/.gradle/caches/9.3.1/transforms/d72c9be495438d892104a6baca8def2c/transformed/work-runtime-2.10.0/AndroidManifest.xml:85:25-74
action#android.intent.action.BATTERY_LOW
ADDED from [androidx.work:work-runtime:2.10.0] /opt/gradle/.gradle/caches/9.3.1/transforms/d72c9be495438d892104a6baca8def2c/transformed/work-runtime-2.10.0/AndroidManifest.xml:86:17-76
	android:name
		ADDED from [androidx.work:work-runtime:2.10.0] /opt/gradle/.gradle/caches/9.3.1/transforms/d72c9be495438d892104a6baca8def2c/transformed/work-runtime-2.10.0/AndroidManifest.xml:86:25-73
receiver#androidx.work.impl.background.systemalarm.ConstraintProxy$StorageNotLowProxy
ADDED from [androidx.work:work-runtime:2.10.0] /opt/gradle/.gradle/caches/9.3.1/transforms/d72c9be495438d892104a6baca8def2c/transformed/work-runtime-2.10.0/AndroidManifest.xml:89:9-99:20
	android:enabled
		ADDED from [androidx.work:work-runtime:2.10.0] /opt/gradle/.gradle/caches/9.3.1/transforms/d72c9be495438d892104a6baca8def2c/transformed/work-runtime-2.10.0/AndroidManifest.xml:92:13-36
	android:exported
		ADDED from [androidx.work:work-runtime:2.10.0] /opt/gradle/.gradle/caches/9.3.1/transforms/d72c9be495438d892104a6baca8def2c/transformed/work-runtime-2.10.0/AndroidManifest.xml:93:13-37
	tools:targetApi
		ADDED from [androidx.work:work-runtime:2.10.0] /opt/gradle/.gradle/caches/9.3.1/transforms/d72c9be495438d892104a6baca8def2c/transformed/work-runtime-2.10.0/AndroidManifest.xml:94:13-32
	android:directBootAware
		ADDED from [androidx.work:work-runtime:2.10.0] /opt/gradle/.gradle/caches/9.3.1/transforms/d72c9be495438d892104a6baca8def2c/transformed/work-runtime-2.10.0/AndroidManifest.xml:91:13-44
	android:name
		ADDED from [androidx.work:work-runtime:2.10.0] /opt/gradle/.gradle/caches/9.3.1/transforms/d72c9be495438d892104a6baca8def2c/transformed/work-runtime-2.10.0/AndroidManifest.xml:90:13-104
intent-filter#action:name:android.intent.action.DEVICE_STORAGE_LOW+action:name:android.intent.action.DEVICE_STORAGE_OK
ADDED from [androidx.work:work-runtime:2.10.0] /opt/gradle/.gradle/caches/9.3.1/transforms/d72c9be495438d892104a6baca8def2c/transformed/work-runtime-2.10.0/AndroidManifest.xml:95:13-98:29
action#android.intent.action.DEVICE_STORAGE_LOW
ADDED from [androidx.work:work-runtime:2.10.0] /opt/gradle/.gradle/caches/9.3.1/transforms/d72c9be495438d892104a6baca8def2c/transformed/work-runtime-2.10.0/AndroidManifest.xml:96:17-83
	android:name
		ADDED from [androidx.work:work-runtime:2.10.0] /opt/gradle/.gradle/caches/9.3.1/transforms/d72c9be495438d892104a6baca8def2c/transformed/work-runtime-2.10.0/AndroidManifest.xml:96:25-80
action#android.intent.action.DEVICE_STORAGE_OK
ADDED from [androidx.work:work-runtime:2.10.0] /opt/gradle/.gradle/caches/9.3.1/transforms/d72c9be495438d892104a6baca8def2c/transformed/work-runtime-2.10.0/AndroidManifest.xml:97:17-82
	android:name
		ADDED from [androidx.work:work-runtime:2.10.0] /opt/gradle/.gradle/caches/9.3.1/transforms/d72c9be495438d892104a6baca8def2c/transformed/work-runtime-2.10.0/AndroidManifest.xml:97:25-79
receiver#androidx.work.impl.background.systemalarm.ConstraintProxy$NetworkStateProxy
ADDED from [androidx.work:work-runtime:2.10.0] /opt/gradle/.gradle/caches/9.3.1/transforms/d72c9be495438d892104a6baca8def2c/transformed/work-runtime-2.10.0/AndroidManifest.xml:100:9-109:20
	android:enabled
		ADDED from [androidx.work:work-runtime:2.10.0] /opt/gradle/.gradle/caches/9.3.1/transforms/d72c9be495438d892104a6baca8def2c/transformed/work-runtime-2.10.0/AndroidManifest.xml:103:13-36
	android:exported
		ADDED from [androidx.work:work-runtime:2.10.0] /opt/gradle/.gradle/caches/9.3.1/transforms/d72c9be495438d892104a6baca8def2c/transformed/work-runtime-2.10.0/AndroidManifest.xml:104:13-37
	tools:targetApi
		ADDED from [androidx.work:work-runtime:2.10.0] /opt/gradle/.gradle/caches/9.3.1/transforms/d72c9be495438d892104a6baca8def2c/transformed/work-runtime-2.10.0/AndroidManifest.xml:105:13-32
	android:directBootAware
		ADDED from [androidx.work:work-runtime:2.10.0] /opt/gradle/.gradle/caches/9.3.1/transforms/d72c9be495438d892104a6baca8def2c/transformed/work-runtime-2.10.0/AndroidManifest.xml:102:13-44
	android:name
		ADDED from [androidx.work:work-runtime:2.10.0] /opt/gradle/.gradle/caches/9.3.1/transforms/d72c9be495438d892104a6baca8def2c/transformed/work-runtime-2.10.0/AndroidManifest.xml:101:13-103
intent-filter#action:name:android.net.conn.CONNECTIVITY_CHANGE
ADDED from [androidx.work:work-runtime:2.10.0] /opt/gradle/.gradle/caches/9.3.1/transforms/d72c9be495438d892104a6baca8def2c/transformed/work-runtime-2.10.0/AndroidManifest.xml:106:13-108:29
action#android.net.conn.CONNECTIVITY_CHANGE
ADDED from [androidx.work:work-runtime:2.10.0] /opt/gradle/.gradle/caches/9.3.1/transforms/d72c9be495438d892104a6baca8def2c/transformed/work-runtime-2.10.0/AndroidManifest.xml:107:17-79
	android:name
		ADDED from [androidx.work:work-runtime:2.10.0] /opt/gradle/.gradle/caches/9.3.1/transforms/d72c9be495438d892104a6baca8def2c/transformed/work-runtime-2.10.0/AndroidManifest.xml:107:25-76
receiver#androidx.work.impl.background.systemalarm.RescheduleReceiver
ADDED from [androidx.work:work-runtime:2.10.0] /opt/gradle/.gradle/caches/9.3.1/transforms/d72c9be495438d892104a6baca8def2c/transformed/work-runtime-2.10.0/AndroidManifest.xml:110:9-121:20
	android:enabled
		ADDED from [androidx.work:work-runtime:2.10.0] /opt/gradle/.gradle/caches/9.3.1/transforms/d72c9be495438d892104a6baca8def2c/transformed/work-runtime-2.10.0/AndroidManifest.xml:113:13-36
	android:exported
		ADDED from [androidx.work:work-runtime:2.10.0] /opt/gradle/.gradle/caches/9.3.1/transforms/d72c9be495438d892104a6baca8def2c/transformed/work-runtime-2.10.0/AndroidManifest.xml:114:13-37
	tools:targetApi
		ADDED from [androidx.work:work-runtime:2.10.0] /opt/gradle/.gradle/caches/9.3.1/transforms/d72c9be495438d892104a6baca8def2c/transformed/work-runtime-2.10.0/AndroidManifest.xml:115:13-32
	android:directBootAware
		ADDED from [androidx.work:work-runtime:2.10.0] /opt/gradle/.gradle/caches/9.3.1/transforms/d72c9be495438d892104a6baca8def2c/transformed/work-runtime-2.10.0/AndroidManifest.xml:112:13-44
	android:name
		ADDED from [androidx.work:work-runtime:2.10.0] /opt/gradle/.gradle/caches/9.3.1/transforms/d72c9be495438d892104a6baca8def2c/transformed/work-runtime-2.10.0/AndroidManifest.xml:111:13-88
intent-filter#action:name:android.intent.action.BOOT_COMPLETED+action:name:android.intent.action.TIMEZONE_CHANGED+action:name:android.intent.action.TIME_SET
ADDED from [androidx.work:work-runtime:2.10.0] /opt/gradle/.gradle/caches/9.3.1/transforms/d72c9be495438d892104a6baca8def2c/transformed/work-runtime-2.10.0/AndroidManifest.xml:116:13-120:29
action#android.intent.action.BOOT_COMPLETED
ADDED from [androidx.work:work-runtime:2.10.0] /opt/gradle/.gradle/caches/9.3.1/transforms/d72c9be495438d892104a6baca8def2c/transformed/work-runtime-2.10.0/AndroidManifest.xml:117:17-79
	android:name
		ADDED from [androidx.work:work-runtime:2.10.0] /opt/gradle/.gradle/caches/9.3.1/transforms/d72c9be495438d892104a6baca8def2c/transformed/work-runtime-2.10.0/AndroidManifest.xml:117:25-76
action#android.intent.action.TIME_SET
ADDED from [androidx.work:work-runtime:2.10.0] /opt/gradle/.gradle/caches/9.3.1/transforms/d72c9be495438d892104a6baca8def2c/transformed/work-runtime-2.10.0/AndroidManifest.xml:118:17-73
	android:name
		ADDED from [androidx.work:work-runtime:2.10.0] /opt/gradle/.gradle/caches/9.3.1/transforms/d72c9be495438d892104a6baca8def2c/transformed/work-runtime-2.10.0/AndroidManifest.xml:118:25-70
action#android.intent.action.TIMEZONE_CHANGED
ADDED from [androidx.work:work-runtime:2.10.0] /opt/gradle/.gradle/caches/9.3.1/transforms/d72c9be495438d892104a6baca8def2c/transformed/work-runtime-2.10.0/AndroidManifest.xml:119:17-81
	android:name
		ADDED from [androidx.work:work-runtime:2.10.0] /opt/gradle/.gradle/caches/9.3.1/transforms/d72c9be495438d892104a6baca8def2c/transformed/work-runtime-2.10.0/AndroidManifest.xml:119:25-78
receiver#androidx.work.impl.background.systemalarm.ConstraintProxyUpdateReceiver
ADDED from [androidx.work:work-runtime:2.10.0] /opt/gradle/.gradle/caches/9.3.1/transforms/d72c9be495438d892104a6baca8def2c/transformed/work-runtime-2.10.0/AndroidManifest.xml:122:9-131:20
	android:enabled
		ADDED from [androidx.work:work-runtime:2.10.0] /opt/gradle/.gradle/caches/9.3.1/transforms/d72c9be495438d892104a6baca8def2c/transformed/work-runtime-2.10.0/AndroidManifest.xml:125:13-72
	android:exported
		ADDED from [androidx.work:work-runtime:2.10.0] /opt/gradle/.gradle/caches/9.3.1/transforms/d72c9be495438d892104a6baca8def2c/transformed/work-runtime-2.10.0/AndroidManifest.xml:126:13-37
	tools:targetApi
		ADDED from [androidx.work:work-runtime:2.10.0] /opt/gradle/.gradle/caches/9.3.1/transforms/d72c9be495438d892104a6baca8def2c/transformed/work-runtime-2.10.0/AndroidManifest.xml:127:13-32
	android:directBootAware
		ADDED from [androidx.work:work-runtime:2.10.0] /opt/gradle/.gradle/caches/9.3.1/transforms/d72c9be495438d892104a6baca8def2c/transformed/work-runtime-2.10.0/AndroidManifest.xml:124:13-44
	android:name
		ADDED from [androidx.work:work-runtime:2.10.0] /opt/gradle/.gradle/caches/9.3.1/transforms/d72c9be495438d892104a6baca8def2c/transformed/work-runtime-2.10.0/AndroidManifest.xml:123:13-99
intent-filter#action:name:androidx.work.impl.background.systemalarm.UpdateProxies
ADDED from [androidx.work:work-runtime:2.10.0] /opt/gradle/.gradle/caches/9.3.1/transforms/d72c9be495438d892104a6baca8def2c/transformed/work-runtime-2.10.0/AndroidManifest.xml:128:13-130:29
action#androidx.work.impl.background.systemalarm.UpdateProxies
ADDED from [androidx.work:work-runtime:2.10.0] /opt/gradle/.gradle/caches/9.3.1/transforms/d72c9be495438d892104a6baca8def2c/transformed/work-runtime-2.10.0/AndroidManifest.xml:129:17-98
	android:name
		ADDED from [androidx.work:work-runtime:2.10.0] /opt/gradle/.gradle/caches/9.3.1/transforms/d72c9be495438d892104a6baca8def2c/transformed/work-runtime-2.10.0/AndroidManifest.xml:129:25-95
receiver#androidx.work.impl.diagnostics.DiagnosticsReceiver
ADDED from [androidx.work:work-runtime:2.10.0] /opt/gradle/.gradle/caches/9.3.1/transforms/d72c9be495438d892104a6baca8def2c/transformed/work-runtime-2.10.0/AndroidManifest.xml:132:9-142:20
	android:enabled
		ADDED from [androidx.work:work-runtime:2.10.0] /opt/gradle/.gradle/caches/9.3.1/transforms/d72c9be495438d892104a6baca8def2c/transformed/work-runtime-2.10.0/AndroidManifest.xml:135:13-35
	android:exported
		ADDED from [androidx.work:work-runtime:2.10.0] /opt/gradle/.gradle/caches/9.3.1/transforms/d72c9be495438d892104a6baca8def2c/transformed/work-runtime-2.10.0/AndroidManifest.xml:136:13-36
	android:permission
		ADDED from [androidx.work:work-runtime:2.10.0] /opt/gradle/.gradle/caches/9.3.1/transforms/d72c9be495438d892104a6baca8def2c/transformed/work-runtime-2.10.0/AndroidManifest.xml:137:13-57
	tools:targetApi
		ADDED from [androidx.work:work-runtime:2.10.0] /opt/gradle/.gradle/caches/9.3.1/transforms/d72c9be495438d892104a6baca8def2c/transformed/work-runtime-2.10.0/AndroidManifest.xml:138:13-32
	android:directBootAware
		ADDED from [androidx.work:work-runtime:2.10.0] /opt/gradle/.gradle/caches/9.3.1/transforms/d72c9be495438d892104a6baca8def2c/transformed/work-runtime-2.10.0/AndroidManifest.xml:134:13-44
	android:name
		ADDED from [androidx.work:work-runtime:2.10.0] /opt/gradle/.gradle/caches/9.3.1/transforms/d72c9be495438d892104a6baca8def2c/transformed/work-runtime-2.10.0/AndroidManifest.xml:133:13-78
intent-filter#action:name:androidx.work.diagnostics.REQUEST_DIAGNOSTICS
ADDED from [androidx.work:work-runtime:2.10.0] /opt/gradle/.gradle/caches/9.3.1/transforms/d72c9be495438d892104a6baca8def2c/transformed/work-runtime-2.10.0/AndroidManifest.xml:139:13-141:29
action#androidx.work.diagnostics.REQUEST_DIAGNOSTICS
ADDED from [androidx.work:work-runtime:2.10.0] /opt/gradle/.gradle/caches/9.3.1/transforms/d72c9be495438d892104a6baca8def2c/transformed/work-runtime-2.10.0/AndroidManifest.xml:140:17-88
	android:name
		ADDED from [androidx.work:work-runtime:2.10.0] /opt/gradle/.gradle/caches/9.3.1/transforms/d72c9be495438d892104a6baca8def2c/transformed/work-runtime-2.10.0/AndroidManifest.xml:140:25-85
uses-permission#android.permission.USE_BIOMETRIC
ADDED from [androidx.biometric:biometric:1.1.0] /opt/gradle/.gradle/caches/9.3.1/transforms/db9815c621bec979713b0f61ea753d6d/transformed/biometric-1.1.0/AndroidManifest.xml:24:5-72
	android:name
		ADDED from [androidx.biometric:biometric:1.1.0] /opt/gradle/.gradle/caches/9.3.1/transforms/db9815c621bec979713b0f61ea753d6d/transformed/biometric-1.1.0/AndroidManifest.xml:24:22-69
uses-permission#android.permission.USE_FINGERPRINT
ADDED from [androidx.biometric:biometric:1.1.0] /opt/gradle/.gradle/caches/9.3.1/transforms/db9815c621bec979713b0f61ea753d6d/transformed/biometric-1.1.0/AndroidManifest.xml:27:5-74
	android:name
		ADDED from [androidx.biometric:biometric:1.1.0] /opt/gradle/.gradle/caches/9.3.1/transforms/db9815c621bec979713b0f61ea753d6d/transformed/biometric-1.1.0/AndroidManifest.xml:27:22-71
service#com.google.mlkit.common.internal.MlKitComponentDiscoveryService
ADDED from [com.google.android.gms:play-services-mlkit-face-detection:17.1.0] /opt/gradle/.gradle/caches/9.3.1/transforms/dffed1caa670307983ef5ae65467ece6/transformed/play-services-mlkit-face-detection-17.1.0/AndroidManifest.xml:9:9-15:19
MERGED from [com.google.mlkit:vision-common:17.2.0] /opt/gradle/.gradle/caches/9.3.1/transforms/14edad1fdc5f968ec2eb2cb605627304/transformed/vision-common-17.2.0/AndroidManifest.xml:9:9-15:19
MERGED from [com.google.mlkit:vision-common:17.2.0] /opt/gradle/.gradle/caches/9.3.1/transforms/14edad1fdc5f968ec2eb2cb605627304/transformed/vision-common-17.2.0/AndroidManifest.xml:9:9-15:19
MERGED from [com.google.mlkit:common:18.11.0] /opt/gradle/.gradle/caches/9.3.1/transforms/e0e4120f8e98f38efe29dd398701e4a4/transformed/common-18.11.0/AndroidManifest.xml:15:9-23:19
MERGED from [com.google.mlkit:common:18.11.0] /opt/gradle/.gradle/caches/9.3.1/transforms/e0e4120f8e98f38efe29dd398701e4a4/transformed/common-18.11.0/AndroidManifest.xml:15:9-23:19
	android:exported
		ADDED from [com.google.android.gms:play-services-mlkit-face-detection:17.1.0] /opt/gradle/.gradle/caches/9.3.1/transforms/dffed1caa670307983ef5ae65467ece6/transformed/play-services-mlkit-face-detection-17.1.0/AndroidManifest.xml:11:13-37
	tools:targetApi
		ADDED from [com.google.mlkit:common:18.11.0] /opt/gradle/.gradle/caches/9.3.1/transforms/e0e4120f8e98f38efe29dd398701e4a4/transformed/common-18.11.0/AndroidManifest.xml:19:13-32
	android:directBootAware
		ADDED from [com.google.mlkit:common:18.11.0] /opt/gradle/.gradle/caches/9.3.1/transforms/e0e4120f8e98f38efe29dd398701e4a4/transformed/common-18.11.0/AndroidManifest.xml:17:13-43
	android:name
		ADDED from [com.google.android.gms:play-services-mlkit-face-detection:17.1.0] /opt/gradle/.gradle/caches/9.3.1/transforms/dffed1caa670307983ef5ae65467ece6/transformed/play-services-mlkit-face-detection-17.1.0/AndroidManifest.xml:10:13-91
meta-data#com.google.firebase.components:com.google.mlkit.vision.face.internal.FaceRegistrar
ADDED from [com.google.android.gms:play-services-mlkit-face-detection:17.1.0] /opt/gradle/.gradle/caches/9.3.1/transforms/dffed1caa670307983ef5ae65467ece6/transformed/play-services-mlkit-face-detection-17.1.0/AndroidManifest.xml:12:13-14:85
	android:value
		ADDED from [com.google.android.gms:play-services-mlkit-face-detection:17.1.0] /opt/gradle/.gradle/caches/9.3.1/transforms/dffed1caa670307983ef5ae65467ece6/transformed/play-services-mlkit-face-detection-17.1.0/AndroidManifest.xml:14:17-82
	android:name
		ADDED from [com.google.android.gms:play-services-mlkit-face-detection:17.1.0] /opt/gradle/.gradle/caches/9.3.1/transforms/dffed1caa670307983ef5ae65467ece6/transformed/play-services-mlkit-face-detection-17.1.0/AndroidManifest.xml:13:17-114
meta-data#com.google.firebase.components:com.google.mlkit.vision.common.internal.VisionCommonRegistrar
ADDED from [com.google.mlkit:vision-common:17.2.0] /opt/gradle/.gradle/caches/9.3.1/transforms/14edad1fdc5f968ec2eb2cb605627304/transformed/vision-common-17.2.0/AndroidManifest.xml:12:13-14:85
	android:value
		ADDED from [com.google.mlkit:vision-common:17.2.0] /opt/gradle/.gradle/caches/9.3.1/transforms/14edad1fdc5f968ec2eb2cb605627304/transformed/vision-common-17.2.0/AndroidManifest.xml:14:17-82
	android:name
		ADDED from [com.google.mlkit:vision-common:17.2.0] /opt/gradle/.gradle/caches/9.3.1/transforms/14edad1fdc5f968ec2eb2cb605627304/transformed/vision-common-17.2.0/AndroidManifest.xml:13:17-124
provider#com.google.mlkit.common.internal.MlKitInitProvider
ADDED from [com.google.mlkit:common:18.11.0] /opt/gradle/.gradle/caches/9.3.1/transforms/e0e4120f8e98f38efe29dd398701e4a4/transformed/common-18.11.0/AndroidManifest.xml:9:9-13:38
	android:authorities
		ADDED from [com.google.mlkit:common:18.11.0] /opt/gradle/.gradle/caches/9.3.1/transforms/e0e4120f8e98f38efe29dd398701e4a4/transformed/common-18.11.0/AndroidManifest.xml:11:13-69
	android:exported
		ADDED from [com.google.mlkit:common:18.11.0] /opt/gradle/.gradle/caches/9.3.1/transforms/e0e4120f8e98f38efe29dd398701e4a4/transformed/common-18.11.0/AndroidManifest.xml:12:13-37
	android:initOrder
		ADDED from [com.google.mlkit:common:18.11.0] /opt/gradle/.gradle/caches/9.3.1/transforms/e0e4120f8e98f38efe29dd398701e4a4/transformed/common-18.11.0/AndroidManifest.xml:13:13-35
	android:name
		ADDED from [com.google.mlkit:common:18.11.0] /opt/gradle/.gradle/caches/9.3.1/transforms/e0e4120f8e98f38efe29dd398701e4a4/transformed/common-18.11.0/AndroidManifest.xml:10:13-78
meta-data#com.google.firebase.components:com.google.mlkit.common.internal.CommonComponentRegistrar
ADDED from [com.google.mlkit:common:18.11.0] /opt/gradle/.gradle/caches/9.3.1/transforms/e0e4120f8e98f38efe29dd398701e4a4/transformed/common-18.11.0/AndroidManifest.xml:20:13-22:85
	android:value
		ADDED from [com.google.mlkit:common:18.11.0] /opt/gradle/.gradle/caches/9.3.1/transforms/e0e4120f8e98f38efe29dd398701e4a4/transformed/common-18.11.0/AndroidManifest.xml:22:17-82
	android:name
		ADDED from [com.google.mlkit:common:18.11.0] /opt/gradle/.gradle/caches/9.3.1/transforms/e0e4120f8e98f38efe29dd398701e4a4/transformed/common-18.11.0/AndroidManifest.xml:21:17-120
activity#com.google.android.gms.common.api.GoogleApiActivity
ADDED from [com.google.android.gms:play-services-base:18.5.0] /opt/gradle/.gradle/caches/9.3.1/transforms/3a6c62cb2c20347628679dc261845e41/transformed/play-services-base-18.5.0/AndroidManifest.xml:5:9-173
	android:exported
		ADDED from [com.google.android.gms:play-services-base:18.5.0] /opt/gradle/.gradle/caches/9.3.1/transforms/3a6c62cb2c20347628679dc261845e41/transformed/play-services-base-18.5.0/AndroidManifest.xml:5:146-170
	android:theme
		ADDED from [com.google.android.gms:play-services-base:18.5.0] /opt/gradle/.gradle/caches/9.3.1/transforms/3a6c62cb2c20347628679dc261845e41/transformed/play-services-base-18.5.0/AndroidManifest.xml:5:86-145
	android:name
		ADDED from [com.google.android.gms:play-services-base:18.5.0] /opt/gradle/.gradle/caches/9.3.1/transforms/3a6c62cb2c20347628679dc261845e41/transformed/play-services-base-18.5.0/AndroidManifest.xml:5:19-85
meta-data#com.google.android.gms.version
ADDED from [com.google.android.gms:play-services-basement:18.4.0] /opt/gradle/.gradle/caches/9.3.1/transforms/652f5041af5e53833de1ed10c0a6ff41/transformed/play-services-basement-18.4.0/AndroidManifest.xml:6:9-122
	android:value
		ADDED from [com.google.android.gms:play-services-basement:18.4.0] /opt/gradle/.gradle/caches/9.3.1/transforms/652f5041af5e53833de1ed10c0a6ff41/transformed/play-services-basement-18.4.0/AndroidManifest.xml:6:66-119
	android:name
		ADDED from [com.google.android.gms:play-services-basement:18.4.0] /opt/gradle/.gradle/caches/9.3.1/transforms/652f5041af5e53833de1ed10c0a6ff41/transformed/play-services-basement-18.4.0/AndroidManifest.xml:6:20-65
meta-data#androidx.emoji2.text.EmojiCompatInitializer
ADDED from [androidx.emoji2:emoji2:1.3.0] /opt/gradle/.gradle/caches/9.3.1/transforms/68a50fed734ede7b93d7686f5732d3eb/transformed/emoji2-1.3.0/AndroidManifest.xml:29:13-31:52
	android:value
		ADDED from [androidx.emoji2:emoji2:1.3.0] /opt/gradle/.gradle/caches/9.3.1/transforms/68a50fed734ede7b93d7686f5732d3eb/transformed/emoji2-1.3.0/AndroidManifest.xml:31:17-49
	android:name
		ADDED from [androidx.emoji2:emoji2:1.3.0] /opt/gradle/.gradle/caches/9.3.1/transforms/68a50fed734ede7b93d7686f5732d3eb/transformed/emoji2-1.3.0/AndroidManifest.xml:30:17-75
permission#${applicationId}.DYNAMIC_RECEIVER_NOT_EXPORTED_PERMISSION
ADDED from [androidx.core:core:1.15.0] /opt/gradle/.gradle/caches/9.3.1/transforms/dfd28ea1ba4f09a953f2145f760f8373/transformed/core-1.15.0/AndroidManifest.xml:22:5-24:47
	android:protectionLevel
		ADDED from [androidx.core:core:1.15.0] /opt/gradle/.gradle/caches/9.3.1/transforms/dfd28ea1ba4f09a953f2145f760f8373/transformed/core-1.15.0/AndroidManifest.xml:24:9-44
	android:name
		ADDED from [androidx.core:core:1.15.0] /opt/gradle/.gradle/caches/9.3.1/transforms/dfd28ea1ba4f09a953f2145f760f8373/transformed/core-1.15.0/AndroidManifest.xml:23:9-81
permission#com.example.nhaiauth.DYNAMIC_RECEIVER_NOT_EXPORTED_PERMISSION
ADDED from [androidx.core:core:1.15.0] /opt/gradle/.gradle/caches/9.3.1/transforms/dfd28ea1ba4f09a953f2145f760f8373/transformed/core-1.15.0/AndroidManifest.xml:22:5-24:47
	android:protectionLevel
		ADDED from [androidx.core:core:1.15.0] /opt/gradle/.gradle/caches/9.3.1/transforms/dfd28ea1ba4f09a953f2145f760f8373/transformed/core-1.15.0/AndroidManifest.xml:24:9-44
	android:name
		ADDED from [androidx.core:core:1.15.0] /opt/gradle/.gradle/caches/9.3.1/transforms/dfd28ea1ba4f09a953f2145f760f8373/transformed/core-1.15.0/AndroidManifest.xml:23:9-81
uses-permission#${applicationId}.DYNAMIC_RECEIVER_NOT_EXPORTED_PERMISSION
ADDED from [androidx.core:core:1.15.0] /opt/gradle/.gradle/caches/9.3.1/transforms/dfd28ea1ba4f09a953f2145f760f8373/transformed/core-1.15.0/AndroidManifest.xml:26:5-97
	android:name
		ADDED from [androidx.core:core:1.15.0] /opt/gradle/.gradle/caches/9.3.1/transforms/dfd28ea1ba4f09a953f2145f760f8373/transformed/core-1.15.0/AndroidManifest.xml:26:22-94
uses-permission#com.example.nhaiauth.DYNAMIC_RECEIVER_NOT_EXPORTED_PERMISSION
ADDED from [androidx.core:core:1.15.0] /opt/gradle/.gradle/caches/9.3.1/transforms/dfd28ea1ba4f09a953f2145f760f8373/transformed/core-1.15.0/AndroidManifest.xml:26:5-97
	android:name
		ADDED from [androidx.core:core:1.15.0] /opt/gradle/.gradle/caches/9.3.1/transforms/dfd28ea1ba4f09a953f2145f760f8373/transformed/core-1.15.0/AndroidManifest.xml:26:22-94
meta-data#androidx.lifecycle.ProcessLifecycleInitializer
ADDED from [androidx.lifecycle:lifecycle-process:2.8.7] /opt/gradle/.gradle/caches/9.3.1/transforms/9c8f760344c9f126a35c1b26dd907714/transformed/lifecycle-process-2.8.7/AndroidManifest.xml:29:13-31:52
	android:value
		ADDED from [androidx.lifecycle:lifecycle-process:2.8.7] /opt/gradle/.gradle/caches/9.3.1/transforms/9c8f760344c9f126a35c1b26dd907714/transformed/lifecycle-process-2.8.7/AndroidManifest.xml:31:17-49
	android:name
		ADDED from [androidx.lifecycle:lifecycle-process:2.8.7] /opt/gradle/.gradle/caches/9.3.1/transforms/9c8f760344c9f126a35c1b26dd907714/transformed/lifecycle-process-2.8.7/AndroidManifest.xml:30:17-78
activity#androidx.activity.ComponentActivity
ADDED from [androidx.compose.ui:ui-test-manifest:1.7.7] /opt/gradle/.gradle/caches/9.3.1/transforms/065bc42160da05e3e553900dd9656ee8/transformed/ui-test-manifest-1.7.7/AndroidManifest.xml:23:9-25:39
	android:exported
		ADDED from [androidx.compose.ui:ui-test-manifest:1.7.7] /opt/gradle/.gradle/caches/9.3.1/transforms/065bc42160da05e3e553900dd9656ee8/transformed/ui-test-manifest-1.7.7/AndroidManifest.xml:25:13-36
	android:name
		ADDED from [androidx.compose.ui:ui-test-manifest:1.7.7] /opt/gradle/.gradle/caches/9.3.1/transforms/065bc42160da05e3e553900dd9656ee8/transformed/ui-test-manifest-1.7.7/AndroidManifest.xml:24:13-63
service#androidx.room.MultiInstanceInvalidationService
ADDED from [androidx.room:room-runtime:2.6.1] /opt/gradle/.gradle/caches/9.3.1/transforms/fa8feabc88e3ee1814fbc86da2037fc3/transformed/room-runtime-2.6.1/AndroidManifest.xml:24:9-28:63
	android:exported
		ADDED from [androidx.room:room-runtime:2.6.1] /opt/gradle/.gradle/caches/9.3.1/transforms/fa8feabc88e3ee1814fbc86da2037fc3/transformed/room-runtime-2.6.1/AndroidManifest.xml:27:13-37
	tools:ignore
		ADDED from [androidx.room:room-runtime:2.6.1] /opt/gradle/.gradle/caches/9.3.1/transforms/fa8feabc88e3ee1814fbc86da2037fc3/transformed/room-runtime-2.6.1/AndroidManifest.xml:28:13-60
	android:directBootAware
		ADDED from [androidx.room:room-runtime:2.6.1] /opt/gradle/.gradle/caches/9.3.1/transforms/fa8feabc88e3ee1814fbc86da2037fc3/transformed/room-runtime-2.6.1/AndroidManifest.xml:26:13-43
	android:name
		ADDED from [androidx.room:room-runtime:2.6.1] /opt/gradle/.gradle/caches/9.3.1/transforms/fa8feabc88e3ee1814fbc86da2037fc3/transformed/room-runtime-2.6.1/AndroidManifest.xml:25:13-74
meta-data#androidx.profileinstaller.ProfileInstallerInitializer
ADDED from [androidx.profileinstaller:profileinstaller:1.4.0] /opt/gradle/.gradle/caches/9.3.1/transforms/0295322d57176204e24702999db54072/transformed/profileinstaller-1.4.0/AndroidManifest.xml:29:13-31:52
	android:value
		ADDED from [androidx.profileinstaller:profileinstaller:1.4.0] /opt/gradle/.gradle/caches/9.3.1/transforms/0295322d57176204e24702999db54072/transformed/profileinstaller-1.4.0/AndroidManifest.xml:31:17-49
	android:name
		ADDED from [androidx.profileinstaller:profileinstaller:1.4.0] /opt/gradle/.gradle/caches/9.3.1/transforms/0295322d57176204e24702999db54072/transformed/profileinstaller-1.4.0/AndroidManifest.xml:30:17-85
receiver#androidx.profileinstaller.ProfileInstallReceiver
ADDED from [androidx.profileinstaller:profileinstaller:1.4.0] /opt/gradle/.gradle/caches/9.3.1/transforms/0295322d57176204e24702999db54072/transformed/profileinstaller-1.4.0/AndroidManifest.xml:34:9-52:20
	android:enabled
		ADDED from [androidx.profileinstaller:profileinstaller:1.4.0] /opt/gradle/.gradle/caches/9.3.1/transforms/0295322d57176204e24702999db54072/transformed/profileinstaller-1.4.0/AndroidManifest.xml:37:13-35
	android:exported
		ADDED from [androidx.profileinstaller:profileinstaller:1.4.0] /opt/gradle/.gradle/caches/9.3.1/transforms/0295322d57176204e24702999db54072/transformed/profileinstaller-1.4.0/AndroidManifest.xml:38:13-36
	android:permission
		ADDED from [androidx.profileinstaller:profileinstaller:1.4.0] /opt/gradle/.gradle/caches/9.3.1/transforms/0295322d57176204e24702999db54072/transformed/profileinstaller-1.4.0/AndroidManifest.xml:39:13-57
	android:directBootAware
		ADDED from [androidx.profileinstaller:profileinstaller:1.4.0] /opt/gradle/.gradle/caches/9.3.1/transforms/0295322d57176204e24702999db54072/transformed/profileinstaller-1.4.0/AndroidManifest.xml:36:13-44
	android:name
		ADDED from [androidx.profileinstaller:profileinstaller:1.4.0] /opt/gradle/.gradle/caches/9.3.1/transforms/0295322d57176204e24702999db54072/transformed/profileinstaller-1.4.0/AndroidManifest.xml:35:13-76
intent-filter#action:name:androidx.profileinstaller.action.INSTALL_PROFILE
ADDED from [androidx.profileinstaller:profileinstaller:1.4.0] /opt/gradle/.gradle/caches/9.3.1/transforms/0295322d57176204e24702999db54072/transformed/profileinstaller-1.4.0/AndroidManifest.xml:40:13-42:29
action#androidx.profileinstaller.action.INSTALL_PROFILE
ADDED from [androidx.profileinstaller:profileinstaller:1.4.0] /opt/gradle/.gradle/caches/9.3.1/transforms/0295322d57176204e24702999db54072/transformed/profileinstaller-1.4.0/AndroidManifest.xml:41:17-91
	android:name
		ADDED from [androidx.profileinstaller:profileinstaller:1.4.0] /opt/gradle/.gradle/caches/9.3.1/transforms/0295322d57176204e24702999db54072/transformed/profileinstaller-1.4.0/AndroidManifest.xml:41:25-88
intent-filter#action:name:androidx.profileinstaller.action.SKIP_FILE
ADDED from [androidx.profileinstaller:profileinstaller:1.4.0] /opt/gradle/.gradle/caches/9.3.1/transforms/0295322d57176204e24702999db54072/transformed/profileinstaller-1.4.0/AndroidManifest.xml:43:13-45:29
action#androidx.profileinstaller.action.SKIP_FILE
ADDED from [androidx.profileinstaller:profileinstaller:1.4.0] /opt/gradle/.gradle/caches/9.3.1/transforms/0295322d57176204e24702999db54072/transformed/profileinstaller-1.4.0/AndroidManifest.xml:44:17-85
	android:name
		ADDED from [androidx.profileinstaller:profileinstaller:1.4.0] /opt/gradle/.gradle/caches/9.3.1/transforms/0295322d57176204e24702999db54072/transformed/profileinstaller-1.4.0/AndroidManifest.xml:44:25-82
intent-filter#action:name:androidx.profileinstaller.action.SAVE_PROFILE
ADDED from [androidx.profileinstaller:profileinstaller:1.4.0] /opt/gradle/.gradle/caches/9.3.1/transforms/0295322d57176204e24702999db54072/transformed/profileinstaller-1.4.0/AndroidManifest.xml:46:13-48:29
action#androidx.profileinstaller.action.SAVE_PROFILE
ADDED from [androidx.profileinstaller:profileinstaller:1.4.0] /opt/gradle/.gradle/caches/9.3.1/transforms/0295322d57176204e24702999db54072/transformed/profileinstaller-1.4.0/AndroidManifest.xml:47:17-88
	android:name
		ADDED from [androidx.profileinstaller:profileinstaller:1.4.0] /opt/gradle/.gradle/caches/9.3.1/transforms/0295322d57176204e24702999db54072/transformed/profileinstaller-1.4.0/AndroidManifest.xml:47:25-85
intent-filter#action:name:androidx.profileinstaller.action.BENCHMARK_OPERATION
ADDED from [androidx.profileinstaller:profileinstaller:1.4.0] /opt/gradle/.gradle/caches/9.3.1/transforms/0295322d57176204e24702999db54072/transformed/profileinstaller-1.4.0/AndroidManifest.xml:49:13-51:29
action#androidx.profileinstaller.action.BENCHMARK_OPERATION
ADDED from [androidx.profileinstaller:profileinstaller:1.4.0] /opt/gradle/.gradle/caches/9.3.1/transforms/0295322d57176204e24702999db54072/transformed/profileinstaller-1.4.0/AndroidManifest.xml:50:17-95
	android:name
		ADDED from [androidx.profileinstaller:profileinstaller:1.4.0] /opt/gradle/.gradle/caches/9.3.1/transforms/0295322d57176204e24702999db54072/transformed/profileinstaller-1.4.0/AndroidManifest.xml:50:25-92
service#com.google.android.datatransport.runtime.backends.TransportBackendDiscovery
ADDED from [com.google.android.datatransport:transport-backend-cct:2.3.3] /opt/gradle/.gradle/caches/9.3.1/transforms/e681e4b045b4293a375f1b7cacbf53dd/transformed/transport-backend-cct-2.3.3/AndroidManifest.xml:29:9-35:19
MERGED from [com.google.android.datatransport:transport-runtime:2.2.6] /opt/gradle/.gradle/caches/9.3.1/transforms/011d15371430177958ad1e663dbe05a5/transformed/transport-runtime-2.2.6/AndroidManifest.xml:36:9-38:40
MERGED from [com.google.android.datatransport:transport-runtime:2.2.6] /opt/gradle/.gradle/caches/9.3.1/transforms/011d15371430177958ad1e663dbe05a5/transformed/transport-runtime-2.2.6/AndroidManifest.xml:36:9-38:40
	android:exported
		ADDED from [com.google.android.datatransport:transport-backend-cct:2.3.3] /opt/gradle/.gradle/caches/9.3.1/transforms/e681e4b045b4293a375f1b7cacbf53dd/transformed/transport-backend-cct-2.3.3/AndroidManifest.xml:31:13-37
	android:name
		ADDED from [com.google.android.datatransport:transport-backend-cct:2.3.3] /opt/gradle/.gradle/caches/9.3.1/transforms/e681e4b045b4293a375f1b7cacbf53dd/transformed/transport-backend-cct-2.3.3/AndroidManifest.xml:30:13-103
meta-data#backend:com.google.android.datatransport.cct.CctBackendFactory
ADDED from [com.google.android.datatransport:transport-backend-cct:2.3.3] /opt/gradle/.gradle/caches/9.3.1/transforms/e681e4b045b4293a375f1b7cacbf53dd/transformed/transport-backend-cct-2.3.3/AndroidManifest.xml:32:13-34:39
	android:value
		ADDED from [com.google.android.datatransport:transport-backend-cct:2.3.3] /opt/gradle/.gradle/caches/9.3.1/transforms/e681e4b045b4293a375f1b7cacbf53dd/transformed/transport-backend-cct-2.3.3/AndroidManifest.xml:34:17-36
	android:name
		ADDED from [com.google.android.datatransport:transport-backend-cct:2.3.3] /opt/gradle/.gradle/caches/9.3.1/transforms/e681e4b045b4293a375f1b7cacbf53dd/transformed/transport-backend-cct-2.3.3/AndroidManifest.xml:33:17-94
service#com.google.android.datatransport.runtime.scheduling.jobscheduling.JobInfoSchedulerService
ADDED from [com.google.android.datatransport:transport-runtime:2.2.6] /opt/gradle/.gradle/caches/9.3.1/transforms/011d15371430177958ad1e663dbe05a5/transformed/transport-runtime-2.2.6/AndroidManifest.xml:26:9-30:19
	android:exported
		ADDED from [com.google.android.datatransport:transport-runtime:2.2.6] /opt/gradle/.gradle/caches/9.3.1/transforms/011d15371430177958ad1e663dbe05a5/transformed/transport-runtime-2.2.6/AndroidManifest.xml:28:13-37
	android:permission
		ADDED from [com.google.android.datatransport:transport-runtime:2.2.6] /opt/gradle/.gradle/caches/9.3.1/transforms/011d15371430177958ad1e663dbe05a5/transformed/transport-runtime-2.2.6/AndroidManifest.xml:29:13-69
	android:name
		ADDED from [com.google.android.datatransport:transport-runtime:2.2.6] /opt/gradle/.gradle/caches/9.3.1/transforms/011d15371430177958ad1e663dbe05a5/transformed/transport-runtime-2.2.6/AndroidManifest.xml:27:13-117
receiver#com.google.android.datatransport.runtime.scheduling.jobscheduling.AlarmManagerSchedulerBroadcastReceiver
ADDED from [com.google.android.datatransport:transport-runtime:2.2.6] /opt/gradle/.gradle/caches/9.3.1/transforms/011d15371430177958ad1e663dbe05a5/transformed/transport-runtime-2.2.6/AndroidManifest.xml:32:9-34:40
	android:exported
		ADDED from [com.google.android.datatransport:transport-runtime:2.2.6] /opt/gradle/.gradle/caches/9.3.1/transforms/011d15371430177958ad1e663dbe05a5/transformed/transport-runtime-2.2.6/AndroidManifest.xml:34:13-37
	android:name
		ADDED from [com.google.android.datatransport:transport-runtime:2.2.6] /opt/gradle/.gradle/caches/9.3.1/transforms/011d15371430177958ad1e663dbe05a5/transformed/transport-runtime-2.2.6/AndroidManifest.xml:33:13-132
uses-native-library
ADDED from [org.tensorflow:tensorflow-lite-gpu-api:2.16.1] /opt/gradle/.gradle/caches/9.3.1/transforms/80a84396db5cda4347b804bd1d7f2f40/transformed/tensorflow-lite-gpu-api-2.16.1/AndroidManifest.xml:8:9-10:40
	android:required
		ADDED from [org.tensorflow:tensorflow-lite-gpu-api:2.16.1] /opt/gradle/.gradle/caches/9.3.1/transforms/80a84396db5cda4347b804bd1d7f2f40/transformed/tensorflow-lite-gpu-api-2.16.1/AndroidManifest.xml:10:13-37
	android:name
		ADDED from [org.tensorflow:tensorflow-lite-gpu-api:2.16.1] /opt/gradle/.gradle/caches/9.3.1/transforms/80a84396db5cda4347b804bd1d7f2f40/transformed/tensorflow-lite-gpu-api-2.16.1/AndroidManifest.xml:9:13-40
uses-permission#android.permission.WRITE_EXTERNAL_STORAGE
IMPLIED from /app/applet/app/src/main/AndroidManifest.xml:2:1-26:12 reason: org.tensorflow.lite.gpu.api has a targetSdkVersion < 4
uses-permission#android.permission.READ_PHONE_STATE
IMPLIED from /app/applet/app/src/main/AndroidManifest.xml:2:1-26:12 reason: org.tensorflow.lite.gpu.api has a targetSdkVersion < 4
uses-permission#android.permission.READ_EXTERNAL_STORAGE
IMPLIED from /app/applet/app/src/main/AndroidManifest.xml:2:1-26:12 reason: org.tensorflow.lite.gpu.api requested WRITE_EXTERNAL_STORAGE

1<?xml version="1.0" encoding="utf-8"?>
2<manifest xmlns:android="http://schemas.android.com/apk/res/android"
3    package="com.example.nhaiauth"
4    android:versionCode="1"
5    android:versionName="1.0" >
6
7    <uses-sdk
8        android:minSdkVersion="24"
9        android:targetSdkVersion="35" />
10
11    <uses-permission android:name="android.permission.CAMERA" />
11-->/app/applet/app/src/main/AndroidManifest.xml:4:5-65
11-->/app/applet/app/src/main/AndroidManifest.xml:4:22-62
12    <uses-permission android:name="android.permission.INTERNET" />
12-->/app/applet/app/src/main/AndroidManifest.xml:5:5-67
12-->/app/applet/app/src/main/AndroidManifest.xml:5:22-64
13    <uses-permission android:name="android.permission.WAKE_LOCK" />
13-->[androidx.work:work-runtime:2.10.0] /opt/gradle/.gradle/caches/9.3.1/transforms/d72c9be495438d892104a6baca8def2c/transformed/work-runtime-2.10.0/AndroidManifest.xml:23:5-68
13-->[androidx.work:work-runtime:2.10.0] /opt/gradle/.gradle/caches/9.3.1/transforms/d72c9be495438d892104a6baca8def2c/transformed/work-runtime-2.10.0/AndroidManifest.xml:23:22-65
14    <uses-permission android:name="android.permission.ACCESS_NETWORK_STATE" />
14-->[androidx.work:work-runtime:2.10.0] /opt/gradle/.gradle/caches/9.3.1/transforms/d72c9be495438d892104a6baca8def2c/transformed/work-runtime-2.10.0/AndroidManifest.xml:24:5-79
14-->[androidx.work:work-runtime:2.10.0] /opt/gradle/.gradle/caches/9.3.1/transforms/d72c9be495438d892104a6baca8def2c/transformed/work-runtime-2.10.0/AndroidManifest.xml:24:22-76
15    <uses-permission android:name="android.permission.RECEIVE_BOOT_COMPLETED" />
15-->[androidx.work:work-runtime:2.10.0] /opt/gradle/.gradle/caches/9.3.1/transforms/d72c9be495438d892104a6baca8def2c/transformed/work-runtime-2.10.0/AndroidManifest.xml:25:5-81
15-->[androidx.work:work-runtime:2.10.0] /opt/gradle/.gradle/caches/9.3.1/transforms/d72c9be495438d892104a6baca8def2c/transformed/work-runtime-2.10.0/AndroidManifest.xml:25:22-78
16    <uses-permission android:name="android.permission.FOREGROUND_SERVICE" />
16-->[androidx.work:work-runtime:2.10.0] /opt/gradle/.gradle/caches/9.3.1/transforms/d72c9be495438d892104a6baca8def2c/transformed/work-runtime-2.10.0/AndroidManifest.xml:26:5-77
16-->[androidx.work:work-runtime:2.10.0] /opt/gradle/.gradle/caches/9.3.1/transforms/d72c9be495438d892104a6baca8def2c/transformed/work-runtime-2.10.0/AndroidManifest.xml:26:22-74
17    <uses-permission android:name="android.permission.USE_BIOMETRIC" /> <!-- suppress DeprecatedClassUsageInspection -->
17-->[androidx.biometric:biometric:1.1.0] /opt/gradle/.gradle/caches/9.3.1/transforms/db9815c621bec979713b0f61ea753d6d/transformed/biometric-1.1.0/AndroidManifest.xml:24:5-72
17-->[androidx.biometric:biometric:1.1.0] /opt/gradle/.gradle/caches/9.3.1/transforms/db9815c621bec979713b0f61ea753d6d/transformed/biometric-1.1.0/AndroidManifest.xml:24:22-69
18    <uses-permission android:name="android.permission.USE_FINGERPRINT" />
18-->[androidx.biometric:biometric:1.1.0] /opt/gradle/.gradle/caches/9.3.1/transforms/db9815c621bec979713b0f61ea753d6d/transformed/biometric-1.1.0/AndroidManifest.xml:27:5-74
18-->[androidx.biometric:biometric:1.1.0] /opt/gradle/.gradle/caches/9.3.1/transforms/db9815c621bec979713b0f61ea753d6d/transformed/biometric-1.1.0/AndroidManifest.xml:27:22-71
19
20    <permission
20-->[androidx.core:core:1.15.0] /opt/gradle/.gradle/caches/9.3.1/transforms/dfd28ea1ba4f09a953f2145f760f8373/transformed/core-1.15.0/AndroidManifest.xml:22:5-24:47
21        android:name="com.example.nhaiauth.DYNAMIC_RECEIVER_NOT_EXPORTED_PERMISSION"
21-->[androidx.core:core:1.15.0] /opt/gradle/.gradle/caches/9.3.1/transforms/dfd28ea1ba4f09a953f2145f760f8373/transformed/core-1.15.0/AndroidManifest.xml:23:9-81
22        android:protectionLevel="signature" />
22-->[androidx.core:core:1.15.0] /opt/gradle/.gradle/caches/9.3.1/transforms/dfd28ea1ba4f09a953f2145f760f8373/transformed/core-1.15.0/AndroidManifest.xml:24:9-44
23
24    <uses-permission android:name="com.example.nhaiauth.DYNAMIC_RECEIVER_NOT_EXPORTED_PERMISSION" />
24-->[androidx.core:core:1.15.0] /opt/gradle/.gradle/caches/9.3.1/transforms/dfd28ea1ba4f09a953f2145f760f8373/transformed/core-1.15.0/AndroidManifest.xml:26:5-97
24-->[androidx.core:core:1.15.0] /opt/gradle/.gradle/caches/9.3.1/transforms/dfd28ea1ba4f09a953f2145f760f8373/transformed/core-1.15.0/AndroidManifest.xml:26:22-94
25    <uses-permission android:name="android.permission.WRITE_EXTERNAL_STORAGE" />
26    <uses-permission android:name="android.permission.READ_PHONE_STATE" />
27    <uses-permission android:name="android.permission.READ_EXTERNAL_STORAGE" />
28
29    <application
29-->/app/applet/app/src/main/AndroidManifest.xml:7:5-24:19
30        android:name="com.example.NHAIApplication"
30-->/app/applet/app/src/main/AndroidManifest.xml:8:9-40
31        android:allowBackup="false"
31-->/app/applet/app/src/main/AndroidManifest.xml:9:9-36
32        android:appComponentFactory="androidx.core.app.CoreComponentFactory"
32-->[androidx.core:core:1.15.0] /opt/gradle/.gradle/caches/9.3.1/transforms/dfd28ea1ba4f09a953f2145f760f8373/transformed/core-1.15.0/AndroidManifest.xml:28:18-86
33        android:debuggable="true"
34        android:extractNativeLibs="false"
35        android:icon="@mipmap/ic_launcher"
35-->/app/applet/app/src/main/AndroidManifest.xml:10:9-43
36        android:label="@string/app_name"
36-->/app/applet/app/src/main/AndroidManifest.xml:11:9-41
37        android:roundIcon="@mipmap/ic_launcher_round"
37-->/app/applet/app/src/main/AndroidManifest.xml:12:9-54
38        android:supportsRtl="true"
38-->/app/applet/app/src/main/AndroidManifest.xml:13:9-35
39        android:theme="@style/Theme.NHAiAuth" >
39-->/app/applet/app/src/main/AndroidManifest.xml:14:9-46
40        <activity
40-->/app/applet/app/src/main/AndroidManifest.xml:15:9-23:20
41            android:name="com.example.MainActivity"
41-->/app/applet/app/src/main/AndroidManifest.xml:16:13-41
42            android:exported="true"
42-->/app/applet/app/src/main/AndroidManifest.xml:17:13-36
43            android:theme="@style/Theme.NHAiAuth" >
43-->/app/applet/app/src/main/AndroidManifest.xml:18:13-50
44            <intent-filter>
44-->/app/applet/app/src/main/AndroidManifest.xml:19:13-22:29
45                <action android:name="android.intent.action.MAIN" />
45-->/app/applet/app/src/main/AndroidManifest.xml:20:17-69
45-->/app/applet/app/src/main/AndroidManifest.xml:20:25-66
46
47                <category android:name="android.intent.category.LAUNCHER" />
47-->/app/applet/app/src/main/AndroidManifest.xml:21:17-77
47-->/app/applet/app/src/main/AndroidManifest.xml:21:27-74
48            </intent-filter>
49        </activity>
50        <activity
50-->[androidx.compose.ui:ui-tooling-android:1.7.7] /opt/gradle/.gradle/caches/9.3.1/transforms/2656ec1173b9d586977acc27625fa4f6/transformed/ui-tooling-release/AndroidManifest.xml:23:9-25:39
51            android:name="androidx.compose.ui.tooling.PreviewActivity"
51-->[androidx.compose.ui:ui-tooling-android:1.7.7] /opt/gradle/.gradle/caches/9.3.1/transforms/2656ec1173b9d586977acc27625fa4f6/transformed/ui-tooling-release/AndroidManifest.xml:24:13-71
52            android:exported="true" />
52-->[androidx.compose.ui:ui-tooling-android:1.7.7] /opt/gradle/.gradle/caches/9.3.1/transforms/2656ec1173b9d586977acc27625fa4f6/transformed/ui-tooling-release/AndroidManifest.xml:25:13-36
53
54        <service
54-->[androidx.camera:camera-camera2:1.4.1] /opt/gradle/.gradle/caches/9.3.1/transforms/f038e5d1e7c116fbcff7d9261720400b/transformed/camera-camera2-1.4.1/AndroidManifest.xml:24:9-33:19
55            android:name="androidx.camera.core.impl.MetadataHolderService"
55-->[androidx.camera:camera-camera2:1.4.1] /opt/gradle/.gradle/caches/9.3.1/transforms/f038e5d1e7c116fbcff7d9261720400b/transformed/camera-camera2-1.4.1/AndroidManifest.xml:25:13-75
56            android:enabled="false"
56-->[androidx.camera:camera-camera2:1.4.1] /opt/gradle/.gradle/caches/9.3.1/transforms/f038e5d1e7c116fbcff7d9261720400b/transformed/camera-camera2-1.4.1/AndroidManifest.xml:26:13-36
57            android:exported="false" >
57-->[androidx.camera:camera-camera2:1.4.1] /opt/gradle/.gradle/caches/9.3.1/transforms/f038e5d1e7c116fbcff7d9261720400b/transformed/camera-camera2-1.4.1/AndroidManifest.xml:27:13-37
58            <meta-data
58-->[androidx.camera:camera-camera2:1.4.1] /opt/gradle/.gradle/caches/9.3.1/transforms/f038e5d1e7c116fbcff7d9261720400b/transformed/camera-camera2-1.4.1/AndroidManifest.xml:30:13-32:89
59                android:name="androidx.camera.core.impl.MetadataHolderService.DEFAULT_CONFIG_PROVIDER"
59-->[androidx.camera:camera-camera2:1.4.1] /opt/gradle/.gradle/caches/9.3.1/transforms/f038e5d1e7c116fbcff7d9261720400b/transformed/camera-camera2-1.4.1/AndroidManifest.xml:31:17-103
60                android:value="androidx.camera.camera2.Camera2Config$DefaultProvider" />
60-->[androidx.camera:camera-camera2:1.4.1] /opt/gradle/.gradle/caches/9.3.1/transforms/f038e5d1e7c116fbcff7d9261720400b/transformed/camera-camera2-1.4.1/AndroidManifest.xml:32:17-86
61        </service>
62
63        <provider
63-->[androidx.work:work-runtime:2.10.0] /opt/gradle/.gradle/caches/9.3.1/transforms/d72c9be495438d892104a6baca8def2c/transformed/work-runtime-2.10.0/AndroidManifest.xml:29:9-37:20
64            android:name="androidx.startup.InitializationProvider"
64-->[androidx.work:work-runtime:2.10.0] /opt/gradle/.gradle/caches/9.3.1/transforms/d72c9be495438d892104a6baca8def2c/transformed/work-runtime-2.10.0/AndroidManifest.xml:30:13-67
65            android:authorities="com.example.nhaiauth.androidx-startup"
65-->[androidx.work:work-runtime:2.10.0] /opt/gradle/.gradle/caches/9.3.1/transforms/d72c9be495438d892104a6baca8def2c/transformed/work-runtime-2.10.0/AndroidManifest.xml:31:13-68
66            android:exported="false" >
66-->[androidx.work:work-runtime:2.10.0] /opt/gradle/.gradle/caches/9.3.1/transforms/d72c9be495438d892104a6baca8def2c/transformed/work-runtime-2.10.0/AndroidManifest.xml:32:13-37
67            <meta-data
67-->[androidx.work:work-runtime:2.10.0] /opt/gradle/.gradle/caches/9.3.1/transforms/d72c9be495438d892104a6baca8def2c/transformed/work-runtime-2.10.0/AndroidManifest.xml:34:13-36:52
68                android:name="androidx.work.WorkManagerInitializer"
68-->[androidx.work:work-runtime:2.10.0] /opt/gradle/.gradle/caches/9.3.1/transforms/d72c9be495438d892104a6baca8def2c/transformed/work-runtime-2.10.0/AndroidManifest.xml:35:17-68
69                android:value="androidx.startup" />
69-->[androidx.work:work-runtime:2.10.0] /opt/gradle/.gradle/caches/9.3.1/transforms/d72c9be495438d892104a6baca8def2c/transformed/work-runtime-2.10.0/AndroidManifest.xml:36:17-49
70            <meta-data
70-->[androidx.emoji2:emoji2:1.3.0] /opt/gradle/.gradle/caches/9.3.1/transforms/68a50fed734ede7b93d7686f5732d3eb/transformed/emoji2-1.3.0/AndroidManifest.xml:29:13-31:52
71                android:name="androidx.emoji2.text.EmojiCompatInitializer"
71-->[androidx.emoji2:emoji2:1.3.0] /opt/gradle/.gradle/caches/9.3.1/transforms/68a50fed734ede7b93d7686f5732d3eb/transformed/emoji2-1.3.0/AndroidManifest.xml:30:17-75
72                android:value="androidx.startup" />
72-->[androidx.emoji2:emoji2:1.3.0] /opt/gradle/.gradle/caches/9.3.1/transforms/68a50fed734ede7b93d7686f5732d3eb/transformed/emoji2-1.3.0/AndroidManifest.xml:31:17-49
73            <meta-data
73-->[androidx.lifecycle:lifecycle-process:2.8.7] /opt/gradle/.gradle/caches/9.3.1/transforms/9c8f760344c9f126a35c1b26dd907714/transformed/lifecycle-process-2.8.7/AndroidManifest.xml:29:13-31:52
74                android:name="androidx.lifecycle.ProcessLifecycleInitializer"
74-->[androidx.lifecycle:lifecycle-process:2.8.7] /opt/gradle/.gradle/caches/9.3.1/transforms/9c8f760344c9f126a35c1b26dd907714/transformed/lifecycle-process-2.8.7/AndroidManifest.xml:30:17-78
75                android:value="androidx.startup" />
75-->[androidx.lifecycle:lifecycle-process:2.8.7] /opt/gradle/.gradle/caches/9.3.1/transforms/9c8f760344c9f126a35c1b26dd907714/transformed/lifecycle-process-2.8.7/AndroidManifest.xml:31:17-49
76            <meta-data
76-->[androidx.profileinstaller:profileinstaller:1.4.0] /opt/gradle/.gradle/caches/9.3.1/transforms/0295322d57176204e24702999db54072/transformed/profileinstaller-1.4.0/AndroidManifest.xml:29:13-31:52
77                android:name="androidx.profileinstaller.ProfileInstallerInitializer"
77-->[androidx.profileinstaller:profileinstaller:1.4.0] /opt/gradle/.gradle/caches/9.3.1/transforms/0295322d57176204e24702999db54072/transformed/profileinstaller-1.4.0/AndroidManifest.xml:30:17-85
78                android:value="androidx.startup" />
78-->[androidx.profileinstaller:profileinstaller:1.4.0] /opt/gradle/.gradle/caches/9.3.1/transforms/0295322d57176204e24702999db54072/transformed/profileinstaller-1.4.0/AndroidManifest.xml:31:17-49
79        </provider>
80
81        <service
81-->[androidx.work:work-runtime:2.10.0] /opt/gradle/.gradle/caches/9.3.1/transforms/d72c9be495438d892104a6baca8def2c/transformed/work-runtime-2.10.0/AndroidManifest.xml:39:9-45:35
82            android:name="androidx.work.impl.background.systemalarm.SystemAlarmService"
82-->[androidx.work:work-runtime:2.10.0] /opt/gradle/.gradle/caches/9.3.1/transforms/d72c9be495438d892104a6baca8def2c/transformed/work-runtime-2.10.0/AndroidManifest.xml:40:13-88
83            android:directBootAware="false"
83-->[androidx.work:work-runtime:2.10.0] /opt/gradle/.gradle/caches/9.3.1/transforms/d72c9be495438d892104a6baca8def2c/transformed/work-runtime-2.10.0/AndroidManifest.xml:41:13-44
84            android:enabled="@bool/enable_system_alarm_service_default"
84-->[androidx.work:work-runtime:2.10.0] /opt/gradle/.gradle/caches/9.3.1/transforms/d72c9be495438d892104a6baca8def2c/transformed/work-runtime-2.10.0/AndroidManifest.xml:42:13-72
85            android:exported="false" />
85-->[androidx.work:work-runtime:2.10.0] /opt/gradle/.gradle/caches/9.3.1/transforms/d72c9be495438d892104a6baca8def2c/transformed/work-runtime-2.10.0/AndroidManifest.xml:43:13-37
86        <service
86-->[androidx.work:work-runtime:2.10.0] /opt/gradle/.gradle/caches/9.3.1/transforms/d72c9be495438d892104a6baca8def2c/transformed/work-runtime-2.10.0/AndroidManifest.xml:46:9-52:35
87            android:name="androidx.work.impl.background.systemjob.SystemJobService"
87-->[androidx.work:work-runtime:2.10.0] /opt/gradle/.gradle/caches/9.3.1/transforms/d72c9be495438d892104a6baca8def2c/transformed/work-runtime-2.10.0/AndroidManifest.xml:47:13-84
88            android:directBootAware="false"
88-->[androidx.work:work-runtime:2.10.0] /opt/gradle/.gradle/caches/9.3.1/transforms/d72c9be495438d892104a6baca8def2c/transformed/work-runtime-2.10.0/AndroidManifest.xml:48:13-44
89            android:enabled="@bool/enable_system_job_service_default"
89-->[androidx.work:work-runtime:2.10.0] /opt/gradle/.gradle/caches/9.3.1/transforms/d72c9be495438d892104a6baca8def2c/transformed/work-runtime-2.10.0/AndroidManifest.xml:49:13-70
90            android:exported="true"
90-->[androidx.work:work-runtime:2.10.0] /opt/gradle/.gradle/caches/9.3.1/transforms/d72c9be495438d892104a6baca8def2c/transformed/work-runtime-2.10.0/AndroidManifest.xml:50:13-36
91            android:permission="android.permission.BIND_JOB_SERVICE" />
91-->[androidx.work:work-runtime:2.10.0] /opt/gradle/.gradle/caches/9.3.1/transforms/d72c9be495438d892104a6baca8def2c/transformed/work-runtime-2.10.0/AndroidManifest.xml:51:13-69
92        <service
92-->[androidx.work:work-runtime:2.10.0] /opt/gradle/.gradle/caches/9.3.1/transforms/d72c9be495438d892104a6baca8def2c/transformed/work-runtime-2.10.0/AndroidManifest.xml:53:9-59:35
93            android:name="androidx.work.impl.foreground.SystemForegroundService"
93-->[androidx.work:work-runtime:2.10.0] /opt/gradle/.gradle/caches/9.3.1/transforms/d72c9be495438d892104a6baca8def2c/transformed/work-runtime-2.10.0/AndroidManifest.xml:54:13-81
94            android:directBootAware="false"
94-->[androidx.work:work-runtime:2.10.0] /opt/gradle/.gradle/caches/9.3.1/transforms/d72c9be495438d892104a6baca8def2c/transformed/work-runtime-2.10.0/AndroidManifest.xml:55:13-44
95            android:enabled="@bool/enable_system_foreground_service_default"
95-->[androidx.work:work-runtime:2.10.0] /opt/gradle/.gradle/caches/9.3.1/transforms/d72c9be495438d892104a6baca8def2c/transformed/work-runtime-2.10.0/AndroidManifest.xml:56:13-77
96            android:exported="false" />
96-->[androidx.work:work-runtime:2.10.0] /opt/gradle/.gradle/caches/9.3.1/transforms/d72c9be495438d892104a6baca8def2c/transformed/work-runtime-2.10.0/AndroidManifest.xml:57:13-37
97
98        <receiver
98-->[androidx.work:work-runtime:2.10.0] /opt/gradle/.gradle/caches/9.3.1/transforms/d72c9be495438d892104a6baca8def2c/transformed/work-runtime-2.10.0/AndroidManifest.xml:61:9-66:35
99            android:name="androidx.work.impl.utils.ForceStopRunnable$BroadcastReceiver"
99-->[androidx.work:work-runtime:2.10.0] /opt/gradle/.gradle/caches/9.3.1/transforms/d72c9be495438d892104a6baca8def2c/transformed/work-runtime-2.10.0/AndroidManifest.xml:62:13-88
100            android:directBootAware="false"
100-->[androidx.work:work-runtime:2.10.0] /opt/gradle/.gradle/caches/9.3.1/transforms/d72c9be495438d892104a6baca8def2c/transformed/work-runtime-2.10.0/AndroidManifest.xml:63:13-44
101            android:enabled="true"
101-->[androidx.work:work-runtime:2.10.0] /opt/gradle/.gradle/caches/9.3.1/transforms/d72c9be495438d892104a6baca8def2c/transformed/work-runtime-2.10.0/AndroidManifest.xml:64:13-35
102            android:exported="false" />
102-->[androidx.work:work-runtime:2.10.0] /opt/gradle/.gradle/caches/9.3.1/transforms/d72c9be495438d892104a6baca8def2c/transformed/work-runtime-2.10.0/AndroidManifest.xml:65:13-37
103        <receiver
103-->[androidx.work:work-runtime:2.10.0] /opt/gradle/.gradle/caches/9.3.1/transforms/d72c9be495438d892104a6baca8def2c/transformed/work-runtime-2.10.0/AndroidManifest.xml:67:9-77:20
104            android:name="androidx.work.impl.background.systemalarm.ConstraintProxy$BatteryChargingProxy"
104-->[androidx.work:work-runtime:2.10.0] /opt/gradle/.gradle/caches/9.3.1/transforms/d72c9be495438d892104a6baca8def2c/transformed/work-runtime-2.10.0/AndroidManifest.xml:68:13-106
105            android:directBootAware="false"
105-->[androidx.work:work-runtime:2.10.0] /opt/gradle/.gradle/caches/9.3.1/transforms/d72c9be495438d892104a6baca8def2c/transformed/work-runtime-2.10.0/AndroidManifest.xml:69:13-44
106            android:enabled="false"
106-->[androidx.work:work-runtime:2.10.0] /opt/gradle/.gradle/caches/9.3.1/transforms/d72c9be495438d892104a6baca8def2c/transformed/work-runtime-2.10.0/AndroidManifest.xml:70:13-36
107            android:exported="false" >
107-->[androidx.work:work-runtime:2.10.0] /opt/gradle/.gradle/caches/9.3.1/transforms/d72c9be495438d892104a6baca8def2c/transformed/work-runtime-2.10.0/AndroidManifest.xml:71:13-37
108            <intent-filter>
108-->[androidx.work:work-runtime:2.10.0] /opt/gradle/.gradle/caches/9.3.1/transforms/d72c9be495438d892104a6baca8def2c/transformed/work-runtime-2.10.0/AndroidManifest.xml:73:13-76:29
109                <action android:name="android.intent.action.ACTION_POWER_CONNECTED" />
109-->[androidx.work:work-runtime:2.10.0] /opt/gradle/.gradle/caches/9.3.1/transforms/d72c9be495438d892104a6baca8def2c/transformed/work-runtime-2.10.0/AndroidManifest.xml:74:17-87
109-->[androidx.work:work-runtime:2.10.0] /opt/gradle/.gradle/caches/9.3.1/transforms/d72c9be495438d892104a6baca8def2c/transformed/work-runtime-2.10.0/AndroidManifest.xml:74:25-84
110                <action android:name="android.intent.action.ACTION_POWER_DISCONNECTED" />
110-->[androidx.work:work-runtime:2.10.0] /opt/gradle/.gradle/caches/9.3.1/transforms/d72c9be495438d892104a6baca8def2c/transformed/work-runtime-2.10.0/AndroidManifest.xml:75:17-90
110-->[androidx.work:work-runtime:2.10.0] /opt/gradle/.gradle/caches/9.3.1/transforms/d72c9be495438d892104a6baca8def2c/transformed/work-runtime-2.10.0/AndroidManifest.xml:75:25-87
111            </intent-filter>
112        </receiver>
113        <receiver
113-->[androidx.work:work-runtime:2.10.0] /opt/gradle/.gradle/caches/9.3.1/transforms/d72c9be495438d892104a6baca8def2c/transformed/work-runtime-2.10.0/AndroidManifest.xml:78:9-88:20
114            android:name="androidx.work.impl.background.systemalarm.ConstraintProxy$BatteryNotLowProxy"
114-->[androidx.work:work-runtime:2.10.0] /opt/gradle/.gradle/caches/9.3.1/transforms/d72c9be495438d892104a6baca8def2c/transformed/work-runtime-2.10.0/AndroidManifest.xml:79:13-104
115            android:directBootAware="false"
115-->[androidx.work:work-runtime:2.10.0] /opt/gradle/.gradle/caches/9.3.1/transforms/d72c9be495438d892104a6baca8def2c/transformed/work-runtime-2.10.0/AndroidManifest.xml:80:13-44
116            android:enabled="false"
116-->[androidx.work:work-runtime:2.10.0] /opt/gradle/.gradle/caches/9.3.1/transforms/d72c9be495438d892104a6baca8def2c/transformed/work-runtime-2.10.0/AndroidManifest.xml:81:13-36
117            android:exported="false" >
117-->[androidx.work:work-runtime:2.10.0] /opt/gradle/.gradle/caches/9.3.1/transforms/d72c9be495438d892104a6baca8def2c/transformed/work-runtime-2.10.0/AndroidManifest.xml:82:13-37
118            <intent-filter>
118-->[androidx.work:work-runtime:2.10.0] /opt/gradle/.gradle/caches/9.3.1/transforms/d72c9be495438d892104a6baca8def2c/transformed/work-runtime-2.10.0/AndroidManifest.xml:84:13-87:29
119                <action android:name="android.intent.action.BATTERY_OKAY" />
119-->[androidx.work:work-runtime:2.10.0] /opt/gradle/.gradle/caches/9.3.1/transforms/d72c9be495438d892104a6baca8def2c/transformed/work-runtime-2.10.0/AndroidManifest.xml:85:17-77
119-->[androidx.work:work-runtime:2.10.0] /opt/gradle/.gradle/caches/9.3.1/transforms/d72c9be495438d892104a6baca8def2c/transformed/work-runtime-2.10.0/AndroidManifest.xml:85:25-74
120                <action android:name="android.intent.action.BATTERY_LOW" />
120-->[androidx.work:work-runtime:2.10.0] /opt/gradle/.gradle/caches/9.3.1/transforms/d72c9be495438d892104a6baca8def2c/transformed/work-runtime-2.10.0/AndroidManifest.xml:86:17-76
120-->[androidx.work:work-runtime:2.10.0] /opt/gradle/.gradle/caches/9.3.1/transforms/d72c9be495438d892104a6baca8def2c/transformed/work-runtime-2.10.0/AndroidManifest.xml:86:25-73
121            </intent-filter>
122        </receiver>
123        <receiver
123-->[androidx.work:work-runtime:2.10.0] /opt/gradle/.gradle/caches/9.3.1/transforms/d72c9be495438d892104a6baca8def2c/transformed/work-runtime-2.10.0/AndroidManifest.xml:89:9-99:20
124            android:name="androidx.work.impl.background.systemalarm.ConstraintProxy$StorageNotLowProxy"
124-->[androidx.work:work-runtime:2.10.0] /opt/gradle/.gradle/caches/9.3.1/transforms/d72c9be495438d892104a6baca8def2c/transformed/work-runtime-2.10.0/AndroidManifest.xml:90:13-104
125            android:directBootAware="false"
125-->[androidx.work:work-runtime:2.10.0] /opt/gradle/.gradle/caches/9.3.1/transforms/d72c9be495438d892104a6baca8def2c/transformed/work-runtime-2.10.0/AndroidManifest.xml:91:13-44
126            android:enabled="false"
126-->[androidx.work:work-runtime:2.10.0] /opt/gradle/.gradle/caches/9.3.1/transforms/d72c9be495438d892104a6baca8def2c/transformed/work-runtime-2.10.0/AndroidManifest.xml:92:13-36
127            android:exported="false" >
127-->[androidx.work:work-runtime:2.10.0] /opt/gradle/.gradle/caches/9.3.1/transforms/d72c9be495438d892104a6baca8def2c/transformed/work-runtime-2.10.0/AndroidManifest.xml:93:13-37
128            <intent-filter>
128-->[androidx.work:work-runtime:2.10.0] /opt/gradle/.gradle/caches/9.3.1/transforms/d72c9be495438d892104a6baca8def2c/transformed/work-runtime-2.10.0/AndroidManifest.xml:95:13-98:29
129                <action android:name="android.intent.action.DEVICE_STORAGE_LOW" />
129-->[androidx.work:work-runtime:2.10.0] /opt/gradle/.gradle/caches/9.3.1/transforms/d72c9be495438d892104a6baca8def2c/transformed/work-runtime-2.10.0/AndroidManifest.xml:96:17-83
129-->[androidx.work:work-runtime:2.10.0] /opt/gradle/.gradle/caches/9.3.1/transforms/d72c9be495438d892104a6baca8def2c/transformed/work-runtime-2.10.0/AndroidManifest.xml:96:25-80
130                <action android:name="android.intent.action.DEVICE_STORAGE_OK" />
130-->[androidx.work:work-runtime:2.10.0] /opt/gradle/.gradle/caches/9.3.1/transforms/d72c9be495438d892104a6baca8def2c/transformed/work-runtime-2.10.0/AndroidManifest.xml:97:17-82
130-->[androidx.work:work-runtime:2.10.0] /opt/gradle/.gradle/caches/9.3.1/transforms/d72c9be495438d892104a6baca8def2c/transformed/work-runtime-2.10.0/AndroidManifest.xml:97:25-79
131            </intent-filter>
132        </receiver>
133        <receiver
133-->[androidx.work:work-runtime:2.10.0] /opt/gradle/.gradle/caches/9.3.1/transforms/d72c9be495438d892104a6baca8def2c/transformed/work-runtime-2.10.0/AndroidManifest.xml:100:9-109:20
134            android:name="androidx.work.impl.background.systemalarm.ConstraintProxy$NetworkStateProxy"
134-->[androidx.work:work-runtime:2.10.0] /opt/gradle/.gradle/caches/9.3.1/transforms/d72c9be495438d892104a6baca8def2c/transformed/work-runtime-2.10.0/AndroidManifest.xml:101:13-103
135            android:directBootAware="false"
135-->[androidx.work:work-runtime:2.10.0] /opt/gradle/.gradle/caches/9.3.1/transforms/d72c9be495438d892104a6baca8def2c/transformed/work-runtime-2.10.0/AndroidManifest.xml:102:13-44
136            android:enabled="false"
136-->[androidx.work:work-runtime:2.10.0] /opt/gradle/.gradle/caches/9.3.1/transforms/d72c9be495438d892104a6baca8def2c/transformed/work-runtime-2.10.0/AndroidManifest.xml:103:13-36
137            android:exported="false" >
137-->[androidx.work:work-runtime:2.10.0] /opt/gradle/.gradle/caches/9.3.1/transforms/d72c9be495438d892104a6baca8def2c/transformed/work-runtime-2.10.0/AndroidManifest.xml:104:13-37
138            <intent-filter>
138-->[androidx.work:work-runtime:2.10.0] /opt/gradle/.gradle/caches/9.3.1/transforms/d72c9be495438d892104a6baca8def2c/transformed/work-runtime-2.10.0/AndroidManifest.xml:106:13-108:29
139                <action android:name="android.net.conn.CONNECTIVITY_CHANGE" />
139-->[androidx.work:work-runtime:2.10.0] /opt/gradle/.gradle/caches/9.3.1/transforms/d72c9be495438d892104a6baca8def2c/transformed/work-runtime-2.10.0/AndroidManifest.xml:107:17-79
139-->[androidx.work:work-runtime:2.10.0] /opt/gradle/.gradle/caches/9.3.1/transforms/d72c9be495438d892104a6baca8def2c/transformed/work-runtime-2.10.0/AndroidManifest.xml:107:25-76
140            </intent-filter>
141        </receiver>
142        <receiver
142-->[androidx.work:work-runtime:2.10.0] /opt/gradle/.gradle/caches/9.3.1/transforms/d72c9be495438d892104a6baca8def2c/transformed/work-runtime-2.10.0/AndroidManifest.xml:110:9-121:20
143            android:name="androidx.work.impl.background.systemalarm.RescheduleReceiver"
143-->[androidx.work:work-runtime:2.10.0] /opt/gradle/.gradle/caches/9.3.1/transforms/d72c9be495438d892104a6baca8def2c/transformed/work-runtime-2.10.0/AndroidManifest.xml:111:13-88
144            android:directBootAware="false"
144-->[androidx.work:work-runtime:2.10.0] /opt/gradle/.gradle/caches/9.3.1/transforms/d72c9be495438d892104a6baca8def2c/transformed/work-runtime-2.10.0/AndroidManifest.xml:112:13-44
145            android:enabled="false"
145-->[androidx.work:work-runtime:2.10.0] /opt/gradle/.gradle/caches/9.3.1/transforms/d72c9be495438d892104a6baca8def2c/transformed/work-runtime-2.10.0/AndroidManifest.xml:113:13-36
146            android:exported="false" >
146-->[androidx.work:work-runtime:2.10.0] /opt/gradle/.gradle/caches/9.3.1/transforms/d72c9be495438d892104a6baca8def2c/transformed/work-runtime-2.10.0/AndroidManifest.xml:114:13-37
147            <intent-filter>
147-->[androidx.work:work-runtime:2.10.0] /opt/gradle/.gradle/caches/9.3.1/transforms/d72c9be495438d892104a6baca8def2c/transformed/work-runtime-2.10.0/AndroidManifest.xml:116:13-120:29
148                <action android:name="android.intent.action.BOOT_COMPLETED" />
148-->[androidx.work:work-runtime:2.10.0] /opt/gradle/.gradle/caches/9.3.1/transforms/d72c9be495438d892104a6baca8def2c/transformed/work-runtime-2.10.0/AndroidManifest.xml:117:17-79
148-->[androidx.work:work-runtime:2.10.0] /opt/gradle/.gradle/caches/9.3.1/transforms/d72c9be495438d892104a6baca8def2c/transformed/work-runtime-2.10.0/AndroidManifest.xml:117:25-76
149                <action android:name="android.intent.action.TIME_SET" />
149-->[androidx.work:work-runtime:2.10.0] /opt/gradle/.gradle/caches/9.3.1/transforms/d72c9be495438d892104a6baca8def2c/transformed/work-runtime-2.10.0/AndroidManifest.xml:118:17-73
149-->[androidx.work:work-runtime:2.10.0] /opt/gradle/.gradle/caches/9.3.1/transforms/d72c9be495438d892104a6baca8def2c/transformed/work-runtime-2.10.0/AndroidManifest.xml:118:25-70
150                <action android:name="android.intent.action.TIMEZONE_CHANGED" />
150-->[androidx.work:work-runtime:2.10.0] /opt/gradle/.gradle/caches/9.3.1/transforms/d72c9be495438d892104a6baca8def2c/transformed/work-runtime-2.10.0/AndroidManifest.xml:119:17-81
150-->[androidx.work:work-runtime:2.10.0] /opt/gradle/.gradle/caches/9.3.1/transforms/d72c9be495438d892104a6baca8def2c/transformed/work-runtime-2.10.0/AndroidManifest.xml:119:25-78
151            </intent-filter>
152        </receiver>
153        <receiver
153-->[androidx.work:work-runtime:2.10.0] /opt/gradle/.gradle/caches/9.3.1/transforms/d72c9be495438d892104a6baca8def2c/transformed/work-runtime-2.10.0/AndroidManifest.xml:122:9-131:20
154            android:name="androidx.work.impl.background.systemalarm.ConstraintProxyUpdateReceiver"
154-->[androidx.work:work-runtime:2.10.0] /opt/gradle/.gradle/caches/9.3.1/transforms/d72c9be495438d892104a6baca8def2c/transformed/work-runtime-2.10.0/AndroidManifest.xml:123:13-99
155            android:directBootAware="false"
155-->[androidx.work:work-runtime:2.10.0] /opt/gradle/.gradle/caches/9.3.1/transforms/d72c9be495438d892104a6baca8def2c/transformed/work-runtime-2.10.0/AndroidManifest.xml:124:13-44
156            android:enabled="@bool/enable_system_alarm_service_default"
156-->[androidx.work:work-runtime:2.10.0] /opt/gradle/.gradle/caches/9.3.1/transforms/d72c9be495438d892104a6baca8def2c/transformed/work-runtime-2.10.0/AndroidManifest.xml:125:13-72
157            android:exported="false" >
157-->[androidx.work:work-runtime:2.10.0] /opt/gradle/.gradle/caches/9.3.1/transforms/d72c9be495438d892104a6baca8def2c/transformed/work-runtime-2.10.0/AndroidManifest.xml:126:13-37
158            <intent-filter>
158-->[androidx.work:work-runtime:2.10.0] /opt/gradle/.gradle/caches/9.3.1/transforms/d72c9be495438d892104a6baca8def2c/transformed/work-runtime-2.10.0/AndroidManifest.xml:128:13-130:29
159                <action android:name="androidx.work.impl.background.systemalarm.UpdateProxies" />
159-->[androidx.work:work-runtime:2.10.0] /opt/gradle/.gradle/caches/9.3.1/transforms/d72c9be495438d892104a6baca8def2c/transformed/work-runtime-2.10.0/AndroidManifest.xml:129:17-98
159-->[androidx.work:work-runtime:2.10.0] /opt/gradle/.gradle/caches/9.3.1/transforms/d72c9be495438d892104a6baca8def2c/transformed/work-runtime-2.10.0/AndroidManifest.xml:129:25-95
160            </intent-filter>
161        </receiver>
162        <receiver
162-->[androidx.work:work-runtime:2.10.0] /opt/gradle/.gradle/caches/9.3.1/transforms/d72c9be495438d892104a6baca8def2c/transformed/work-runtime-2.10.0/AndroidManifest.xml:132:9-142:20
163            android:name="androidx.work.impl.diagnostics.DiagnosticsReceiver"
163-->[androidx.work:work-runtime:2.10.0] /opt/gradle/.gradle/caches/9.3.1/transforms/d72c9be495438d892104a6baca8def2c/transformed/work-runtime-2.10.0/AndroidManifest.xml:133:13-78
164            android:directBootAware="false"
164-->[androidx.work:work-runtime:2.10.0] /opt/gradle/.gradle/caches/9.3.1/transforms/d72c9be495438d892104a6baca8def2c/transformed/work-runtime-2.10.0/AndroidManifest.xml:134:13-44
165            android:enabled="true"
165-->[androidx.work:work-runtime:2.10.0] /opt/gradle/.gradle/caches/9.3.1/transforms/d72c9be495438d892104a6baca8def2c/transformed/work-runtime-2.10.0/AndroidManifest.xml:135:13-35
166            android:exported="true"
166-->[androidx.work:work-runtime:2.10.0] /opt/gradle/.gradle/caches/9.3.1/transforms/d72c9be495438d892104a6baca8def2c/transformed/work-runtime-2.10.0/AndroidManifest.xml:136:13-36
167            android:permission="android.permission.DUMP" >
167-->[androidx.work:work-runtime:2.10.0] /opt/gradle/.gradle/caches/9.3.1/transforms/d72c9be495438d892104a6baca8def2c/transformed/work-runtime-2.10.0/AndroidManifest.xml:137:13-57
168            <intent-filter>
168-->[androidx.work:work-runtime:2.10.0] /opt/gradle/.gradle/caches/9.3.1/transforms/d72c9be495438d892104a6baca8def2c/transformed/work-runtime-2.10.0/AndroidManifest.xml:139:13-141:29
169                <action android:name="androidx.work.diagnostics.REQUEST_DIAGNOSTICS" />
169-->[androidx.work:work-runtime:2.10.0] /opt/gradle/.gradle/caches/9.3.1/transforms/d72c9be495438d892104a6baca8def2c/transformed/work-runtime-2.10.0/AndroidManifest.xml:140:17-88
169-->[androidx.work:work-runtime:2.10.0] /opt/gradle/.gradle/caches/9.3.1/transforms/d72c9be495438d892104a6baca8def2c/transformed/work-runtime-2.10.0/AndroidManifest.xml:140:25-85
170            </intent-filter>
171        </receiver>
172
173        <service
173-->[com.google.android.gms:play-services-mlkit-face-detection:17.1.0] /opt/gradle/.gradle/caches/9.3.1/transforms/dffed1caa670307983ef5ae65467ece6/transformed/play-services-mlkit-face-detection-17.1.0/AndroidManifest.xml:9:9-15:19
174            android:name="com.google.mlkit.common.internal.MlKitComponentDiscoveryService"
174-->[com.google.android.gms:play-services-mlkit-face-detection:17.1.0] /opt/gradle/.gradle/caches/9.3.1/transforms/dffed1caa670307983ef5ae65467ece6/transformed/play-services-mlkit-face-detection-17.1.0/AndroidManifest.xml:10:13-91
175            android:directBootAware="true"
175-->[com.google.mlkit:common:18.11.0] /opt/gradle/.gradle/caches/9.3.1/transforms/e0e4120f8e98f38efe29dd398701e4a4/transformed/common-18.11.0/AndroidManifest.xml:17:13-43
176            android:exported="false" >
176-->[com.google.android.gms:play-services-mlkit-face-detection:17.1.0] /opt/gradle/.gradle/caches/9.3.1/transforms/dffed1caa670307983ef5ae65467ece6/transformed/play-services-mlkit-face-detection-17.1.0/AndroidManifest.xml:11:13-37
177            <meta-data
177-->[com.google.android.gms:play-services-mlkit-face-detection:17.1.0] /opt/gradle/.gradle/caches/9.3.1/transforms/dffed1caa670307983ef5ae65467ece6/transformed/play-services-mlkit-face-detection-17.1.0/AndroidManifest.xml:12:13-14:85
178                android:name="com.google.firebase.components:com.google.mlkit.vision.face.internal.FaceRegistrar"
178-->[com.google.android.gms:play-services-mlkit-face-detection:17.1.0] /opt/gradle/.gradle/caches/9.3.1/transforms/dffed1caa670307983ef5ae65467ece6/transformed/play-services-mlkit-face-detection-17.1.0/AndroidManifest.xml:13:17-114
179                android:value="com.google.firebase.components.ComponentRegistrar" />
179-->[com.google.android.gms:play-services-mlkit-face-detection:17.1.0] /opt/gradle/.gradle/caches/9.3.1/transforms/dffed1caa670307983ef5ae65467ece6/transformed/play-services-mlkit-face-detection-17.1.0/AndroidManifest.xml:14:17-82
180            <meta-data
180-->[com.google.mlkit:vision-common:17.2.0] /opt/gradle/.gradle/caches/9.3.1/transforms/14edad1fdc5f968ec2eb2cb605627304/transformed/vision-common-17.2.0/AndroidManifest.xml:12:13-14:85
181                android:name="com.google.firebase.components:com.google.mlkit.vision.common.internal.VisionCommonRegistrar"
181-->[com.google.mlkit:vision-common:17.2.0] /opt/gradle/.gradle/caches/9.3.1/transforms/14edad1fdc5f968ec2eb2cb605627304/transformed/vision-common-17.2.0/AndroidManifest.xml:13:17-124
182                android:value="com.google.firebase.components.ComponentRegistrar" />
182-->[com.google.mlkit:vision-common:17.2.0] /opt/gradle/.gradle/caches/9.3.1/transforms/14edad1fdc5f968ec2eb2cb605627304/transformed/vision-common-17.2.0/AndroidManifest.xml:14:17-82
183            <meta-data
183-->[com.google.mlkit:common:18.11.0] /opt/gradle/.gradle/caches/9.3.1/transforms/e0e4120f8e98f38efe29dd398701e4a4/transformed/common-18.11.0/AndroidManifest.xml:20:13-22:85
184                android:name="com.google.firebase.components:com.google.mlkit.common.internal.CommonComponentRegistrar"
184-->[com.google.mlkit:common:18.11.0] /opt/gradle/.gradle/caches/9.3.1/transforms/e0e4120f8e98f38efe29dd398701e4a4/transformed/common-18.11.0/AndroidManifest.xml:21:17-120
185                android:value="com.google.firebase.components.ComponentRegistrar" />
185-->[com.google.mlkit:common:18.11.0] /opt/gradle/.gradle/caches/9.3.1/transforms/e0e4120f8e98f38efe29dd398701e4a4/transformed/common-18.11.0/AndroidManifest.xml:22:17-82
186        </service>
187
188        <provider
188-->[com.google.mlkit:common:18.11.0] /opt/gradle/.gradle/caches/9.3.1/transforms/e0e4120f8e98f38efe29dd398701e4a4/transformed/common-18.11.0/AndroidManifest.xml:9:9-13:38
189            android:name="com.google.mlkit.common.internal.MlKitInitProvider"
189-->[com.google.mlkit:common:18.11.0] /opt/gradle/.gradle/caches/9.3.1/transforms/e0e4120f8e98f38efe29dd398701e4a4/transformed/common-18.11.0/AndroidManifest.xml:10:13-78
190            android:authorities="com.example.nhaiauth.mlkitinitprovider"
190-->[com.google.mlkit:common:18.11.0] /opt/gradle/.gradle/caches/9.3.1/transforms/e0e4120f8e98f38efe29dd398701e4a4/transformed/common-18.11.0/AndroidManifest.xml:11:13-69
191            android:exported="false"
191-->[com.google.mlkit:common:18.11.0] /opt/gradle/.gradle/caches/9.3.1/transforms/e0e4120f8e98f38efe29dd398701e4a4/transformed/common-18.11.0/AndroidManifest.xml:12:13-37
192            android:initOrder="99" />
192-->[com.google.mlkit:common:18.11.0] /opt/gradle/.gradle/caches/9.3.1/transforms/e0e4120f8e98f38efe29dd398701e4a4/transformed/common-18.11.0/AndroidManifest.xml:13:13-35
193
194        <activity
194-->[com.google.android.gms:play-services-base:18.5.0] /opt/gradle/.gradle/caches/9.3.1/transforms/3a6c62cb2c20347628679dc261845e41/transformed/play-services-base-18.5.0/AndroidManifest.xml:5:9-173
195            android:name="com.google.android.gms.common.api.GoogleApiActivity"
195-->[com.google.android.gms:play-services-base:18.5.0] /opt/gradle/.gradle/caches/9.3.1/transforms/3a6c62cb2c20347628679dc261845e41/transformed/play-services-base-18.5.0/AndroidManifest.xml:5:19-85
196            android:exported="false"
196-->[com.google.android.gms:play-services-base:18.5.0] /opt/gradle/.gradle/caches/9.3.1/transforms/3a6c62cb2c20347628679dc261845e41/transformed/play-services-base-18.5.0/AndroidManifest.xml:5:146-170
197            android:theme="@android:style/Theme.Translucent.NoTitleBar" />
197-->[com.google.android.gms:play-services-base:18.5.0] /opt/gradle/.gradle/caches/9.3.1/transforms/3a6c62cb2c20347628679dc261845e41/transformed/play-services-base-18.5.0/AndroidManifest.xml:5:86-145
198
199        <meta-data
199-->[com.google.android.gms:play-services-basement:18.4.0] /opt/gradle/.gradle/caches/9.3.1/transforms/652f5041af5e53833de1ed10c0a6ff41/transformed/play-services-basement-18.4.0/AndroidManifest.xml:6:9-122
200            android:name="com.google.android.gms.version"
200-->[com.google.android.gms:play-services-basement:18.4.0] /opt/gradle/.gradle/caches/9.3.1/transforms/652f5041af5e53833de1ed10c0a6ff41/transformed/play-services-basement-18.4.0/AndroidManifest.xml:6:20-65
201            android:value="@integer/google_play_services_version" />
201-->[com.google.android.gms:play-services-basement:18.4.0] /opt/gradle/.gradle/caches/9.3.1/transforms/652f5041af5e53833de1ed10c0a6ff41/transformed/play-services-basement-18.4.0/AndroidManifest.xml:6:66-119
202
203        <activity
203-->[androidx.compose.ui:ui-test-manifest:1.7.7] /opt/gradle/.gradle/caches/9.3.1/transforms/065bc42160da05e3e553900dd9656ee8/transformed/ui-test-manifest-1.7.7/AndroidManifest.xml:23:9-25:39
204            android:name="androidx.activity.ComponentActivity"
204-->[androidx.compose.ui:ui-test-manifest:1.7.7] /opt/gradle/.gradle/caches/9.3.1/transforms/065bc42160da05e3e553900dd9656ee8/transformed/ui-test-manifest-1.7.7/AndroidManifest.xml:24:13-63
205            android:exported="true" />
205-->[androidx.compose.ui:ui-test-manifest:1.7.7] /opt/gradle/.gradle/caches/9.3.1/transforms/065bc42160da05e3e553900dd9656ee8/transformed/ui-test-manifest-1.7.7/AndroidManifest.xml:25:13-36
206
207        <service
207-->[androidx.room:room-runtime:2.6.1] /opt/gradle/.gradle/caches/9.3.1/transforms/fa8feabc88e3ee1814fbc86da2037fc3/transformed/room-runtime-2.6.1/AndroidManifest.xml:24:9-28:63
208            android:name="androidx.room.MultiInstanceInvalidationService"
208-->[androidx.room:room-runtime:2.6.1] /opt/gradle/.gradle/caches/9.3.1/transforms/fa8feabc88e3ee1814fbc86da2037fc3/transformed/room-runtime-2.6.1/AndroidManifest.xml:25:13-74
209            android:directBootAware="true"
209-->[androidx.room:room-runtime:2.6.1] /opt/gradle/.gradle/caches/9.3.1/transforms/fa8feabc88e3ee1814fbc86da2037fc3/transformed/room-runtime-2.6.1/AndroidManifest.xml:26:13-43
210            android:exported="false" />
210-->[androidx.room:room-runtime:2.6.1] /opt/gradle/.gradle/caches/9.3.1/transforms/fa8feabc88e3ee1814fbc86da2037fc3/transformed/room-runtime-2.6.1/AndroidManifest.xml:27:13-37
211
212        <receiver
212-->[androidx.profileinstaller:profileinstaller:1.4.0] /opt/gradle/.gradle/caches/9.3.1/transforms/0295322d57176204e24702999db54072/transformed/profileinstaller-1.4.0/AndroidManifest.xml:34:9-52:20
213            android:name="androidx.profileinstaller.ProfileInstallReceiver"
213-->[androidx.profileinstaller:profileinstaller:1.4.0] /opt/gradle/.gradle/caches/9.3.1/transforms/0295322d57176204e24702999db54072/transformed/profileinstaller-1.4.0/AndroidManifest.xml:35:13-76
214            android:directBootAware="false"
214-->[androidx.profileinstaller:profileinstaller:1.4.0] /opt/gradle/.gradle/caches/9.3.1/transforms/0295322d57176204e24702999db54072/transformed/profileinstaller-1.4.0/AndroidManifest.xml:36:13-44
215            android:enabled="true"
215-->[androidx.profileinstaller:profileinstaller:1.4.0] /opt/gradle/.gradle/caches/9.3.1/transforms/0295322d57176204e24702999db54072/transformed/profileinstaller-1.4.0/AndroidManifest.xml:37:13-35
216            android:exported="true"
216-->[androidx.profileinstaller:profileinstaller:1.4.0] /opt/gradle/.gradle/caches/9.3.1/transforms/0295322d57176204e24702999db54072/transformed/profileinstaller-1.4.0/AndroidManifest.xml:38:13-36
217            android:permission="android.permission.DUMP" >
217-->[androidx.profileinstaller:profileinstaller:1.4.0] /opt/gradle/.gradle/caches/9.3.1/transforms/0295322d57176204e24702999db54072/transformed/profileinstaller-1.4.0/AndroidManifest.xml:39:13-57
218            <intent-filter>
218-->[androidx.profileinstaller:profileinstaller:1.4.0] /opt/gradle/.gradle/caches/9.3.1/transforms/0295322d57176204e24702999db54072/transformed/profileinstaller-1.4.0/AndroidManifest.xml:40:13-42:29
219                <action android:name="androidx.profileinstaller.action.INSTALL_PROFILE" />
219-->[androidx.profileinstaller:profileinstaller:1.4.0] /opt/gradle/.gradle/caches/9.3.1/transforms/0295322d57176204e24702999db54072/transformed/profileinstaller-1.4.0/AndroidManifest.xml:41:17-91
219-->[androidx.profileinstaller:profileinstaller:1.4.0] /opt/gradle/.gradle/caches/9.3.1/transforms/0295322d57176204e24702999db54072/transformed/profileinstaller-1.4.0/AndroidManifest.xml:41:25-88
220            </intent-filter>
221            <intent-filter>
221-->[androidx.profileinstaller:profileinstaller:1.4.0] /opt/gradle/.gradle/caches/9.3.1/transforms/0295322d57176204e24702999db54072/transformed/profileinstaller-1.4.0/AndroidManifest.xml:43:13-45:29
222                <action android:name="androidx.profileinstaller.action.SKIP_FILE" />
222-->[androidx.profileinstaller:profileinstaller:1.4.0] /opt/gradle/.gradle/caches/9.3.1/transforms/0295322d57176204e24702999db54072/transformed/profileinstaller-1.4.0/AndroidManifest.xml:44:17-85
222-->[androidx.profileinstaller:profileinstaller:1.4.0] /opt/gradle/.gradle/caches/9.3.1/transforms/0295322d57176204e24702999db54072/transformed/profileinstaller-1.4.0/AndroidManifest.xml:44:25-82
223            </intent-filter>
224            <intent-filter>
224-->[androidx.profileinstaller:profileinstaller:1.4.0] /opt/gradle/.gradle/caches/9.3.1/transforms/0295322d57176204e24702999db54072/transformed/profileinstaller-1.4.0/AndroidManifest.xml:46:13-48:29
225                <action android:name="androidx.profileinstaller.action.SAVE_PROFILE" />
225-->[androidx.profileinstaller:profileinstaller:1.4.0] /opt/gradle/.gradle/caches/9.3.1/transforms/0295322d57176204e24702999db54072/transformed/profileinstaller-1.4.0/AndroidManifest.xml:47:17-88
225-->[androidx.profileinstaller:profileinstaller:1.4.0] /opt/gradle/.gradle/caches/9.3.1/transforms/0295322d57176204e24702999db54072/transformed/profileinstaller-1.4.0/AndroidManifest.xml:47:25-85
226            </intent-filter>
227            <intent-filter>
227-->[androidx.profileinstaller:profileinstaller:1.4.0] /opt/gradle/.gradle/caches/9.3.1/transforms/0295322d57176204e24702999db54072/transformed/profileinstaller-1.4.0/AndroidManifest.xml:49:13-51:29
228                <action android:name="androidx.profileinstaller.action.BENCHMARK_OPERATION" />
228-->[androidx.profileinstaller:profileinstaller:1.4.0] /opt/gradle/.gradle/caches/9.3.1/transforms/0295322d57176204e24702999db54072/transformed/profileinstaller-1.4.0/AndroidManifest.xml:50:17-95
228-->[androidx.profileinstaller:profileinstaller:1.4.0] /opt/gradle/.gradle/caches/9.3.1/transforms/0295322d57176204e24702999db54072/transformed/profileinstaller-1.4.0/AndroidManifest.xml:50:25-92
229            </intent-filter>
230        </receiver>
231
232        <service
232-->[com.google.android.datatransport:transport-backend-cct:2.3.3] /opt/gradle/.gradle/caches/9.3.1/transforms/e681e4b045b4293a375f1b7cacbf53dd/transformed/transport-backend-cct-2.3.3/AndroidManifest.xml:29:9-35:19
233            android:name="com.google.android.datatransport.runtime.backends.TransportBackendDiscovery"
233-->[com.google.android.datatransport:transport-backend-cct:2.3.3] /opt/gradle/.gradle/caches/9.3.1/transforms/e681e4b045b4293a375f1b7cacbf53dd/transformed/transport-backend-cct-2.3.3/AndroidManifest.xml:30:13-103
234            android:exported="false" >
234-->[com.google.android.datatransport:transport-backend-cct:2.3.3] /opt/gradle/.gradle/caches/9.3.1/transforms/e681e4b045b4293a375f1b7cacbf53dd/transformed/transport-backend-cct-2.3.3/AndroidManifest.xml:31:13-37
235            <meta-data
235-->[com.google.android.datatransport:transport-backend-cct:2.3.3] /opt/gradle/.gradle/caches/9.3.1/transforms/e681e4b045b4293a375f1b7cacbf53dd/transformed/transport-backend-cct-2.3.3/AndroidManifest.xml:32:13-34:39
236                android:name="backend:com.google.android.datatransport.cct.CctBackendFactory"
236-->[com.google.android.datatransport:transport-backend-cct:2.3.3] /opt/gradle/.gradle/caches/9.3.1/transforms/e681e4b045b4293a375f1b7cacbf53dd/transformed/transport-backend-cct-2.3.3/AndroidManifest.xml:33:17-94
237                android:value="cct" />
237-->[com.google.android.datatransport:transport-backend-cct:2.3.3] /opt/gradle/.gradle/caches/9.3.1/transforms/e681e4b045b4293a375f1b7cacbf53dd/transformed/transport-backend-cct-2.3.3/AndroidManifest.xml:34:17-36
238        </service>
239        <service
239-->[com.google.android.datatransport:transport-runtime:2.2.6] /opt/gradle/.gradle/caches/9.3.1/transforms/011d15371430177958ad1e663dbe05a5/transformed/transport-runtime-2.2.6/AndroidManifest.xml:26:9-30:19
240            android:name="com.google.android.datatransport.runtime.scheduling.jobscheduling.JobInfoSchedulerService"
240-->[com.google.android.datatransport:transport-runtime:2.2.6] /opt/gradle/.gradle/caches/9.3.1/transforms/011d15371430177958ad1e663dbe05a5/transformed/transport-runtime-2.2.6/AndroidManifest.xml:27:13-117
241            android:exported="false"
241-->[com.google.android.datatransport:transport-runtime:2.2.6] /opt/gradle/.gradle/caches/9.3.1/transforms/011d15371430177958ad1e663dbe05a5/transformed/transport-runtime-2.2.6/AndroidManifest.xml:28:13-37
242            android:permission="android.permission.BIND_JOB_SERVICE" >
242-->[com.google.android.datatransport:transport-runtime:2.2.6] /opt/gradle/.gradle/caches/9.3.1/transforms/011d15371430177958ad1e663dbe05a5/transformed/transport-runtime-2.2.6/AndroidManifest.xml:29:13-69
243        </service>
244
245        <receiver
245-->[com.google.android.datatransport:transport-runtime:2.2.6] /opt/gradle/.gradle/caches/9.3.1/transforms/011d15371430177958ad1e663dbe05a5/transformed/transport-runtime-2.2.6/AndroidManifest.xml:32:9-34:40
246            android:name="com.google.android.datatransport.runtime.scheduling.jobscheduling.AlarmManagerSchedulerBroadcastReceiver"
246-->[com.google.android.datatransport:transport-runtime:2.2.6] /opt/gradle/.gradle/caches/9.3.1/transforms/011d15371430177958ad1e663dbe05a5/transformed/transport-runtime-2.2.6/AndroidManifest.xml:33:13-132
247            android:exported="false" />
247-->[com.google.android.datatransport:transport-runtime:2.2.6] /opt/gradle/.gradle/caches/9.3.1/transforms/011d15371430177958ad1e663dbe05a5/transformed/transport-runtime-2.2.6/AndroidManifest.xml:34:13-37
248        <!--
249 Applications that target Android S+ require explicit declaration of
250             any referenced vendor-provided libraries.
251        -->
252        <uses-native-library
252-->[org.tensorflow:tensorflow-lite-gpu-api:2.16.1] /opt/gradle/.gradle/caches/9.3.1/transforms/80a84396db5cda4347b804bd1d7f2f40/transformed/tensorflow-lite-gpu-api-2.16.1/AndroidManifest.xml:8:9-10:40
253            android:name="libOpenCL.so"
253-->[org.tensorflow:tensorflow-lite-gpu-api:2.16.1] /opt/gradle/.gradle/caches/9.3.1/transforms/80a84396db5cda4347b804bd1d7f2f40/transformed/tensorflow-lite-gpu-api-2.16.1/AndroidManifest.xml:9:13-40
254            android:required="false" />
254-->[org.tensorflow:tensorflow-lite-gpu-api:2.16.1] /opt/gradle/.gradle/caches/9.3.1/transforms/80a84396db5cda4347b804bd1d7f2f40/transformed/tensorflow-lite-gpu-api-2.16.1/AndroidManifest.xml:10:13-37
255        <uses-native-library
255-->[org.tensorflow:tensorflow-lite-gpu-api:2.16.1] /opt/gradle/.gradle/caches/9.3.1/transforms/80a84396db5cda4347b804bd1d7f2f40/transformed/tensorflow-lite-gpu-api-2.16.1/AndroidManifest.xml:8:9-10:40
256            android:name="libOpenCL-car.so"
256-->[org.tensorflow:tensorflow-lite-gpu-api:2.16.1] /opt/gradle/.gradle/caches/9.3.1/transforms/80a84396db5cda4347b804bd1d7f2f40/transformed/tensorflow-lite-gpu-api-2.16.1/AndroidManifest.xml:9:13-40
257            android:required="false" />
257-->[org.tensorflow:tensorflow-lite-gpu-api:2.16.1] /opt/gradle/.gradle/caches/9.3.1/transforms/80a84396db5cda4347b804bd1d7f2f40/transformed/tensorflow-lite-gpu-api-2.16.1/AndroidManifest.xml:10:13-37
258        <uses-native-library
258-->[org.tensorflow:tensorflow-lite-gpu-api:2.16.1] /opt/gradle/.gradle/caches/9.3.1/transforms/80a84396db5cda4347b804bd1d7f2f40/transformed/tensorflow-lite-gpu-api-2.16.1/AndroidManifest.xml:8:9-10:40
259            android:name="libOpenCL-pixel.so"
259-->[org.tensorflow:tensorflow-lite-gpu-api:2.16.1] /opt/gradle/.gradle/caches/9.3.1/transforms/80a84396db5cda4347b804bd1d7f2f40/transformed/tensorflow-lite-gpu-api-2.16.1/AndroidManifest.xml:9:13-40
260            android:required="false" />
260-->[org.tensorflow:tensorflow-lite-gpu-api:2.16.1] /opt/gradle/.gradle/caches/9.3.1/transforms/80a84396db5cda4347b804bd1d7f2f40/transformed/tensorflow-lite-gpu-api-2.16.1/AndroidManifest.xml:10:13-37
261    </application>
262
263</manifest>

Merged manifest saved to /app/applet/app/build/intermediates/merged_manifest/debug/processDebugMainManifest/AndroidManifest.xml
Resolve mutations for :app:processDebugManifest (Thread[#430,Execution worker Thread 3,5,main]) started.
:app:processDebugManifest (Thread[#430,Execution worker Thread 3,5,main]) started.

> Task :app:processDebugManifest
Caching disabled for task ':app:processDebugManifest' because:
  Build cache is disabled
Task ':app:processDebugManifest' is not up-to-date because:
  Executed with '--rerun-tasks'.
Resolve mutations for :app:processDebugManifestForPackage (Thread[#430,Execution worker Thread 3,5,main]) started.
:app:processDebugManifestForPackage (Thread[#430,Execution worker Thread 3,5,main]) started.
Resolve mutations for :app:javaPreCompileDebug (Thread[#429,Execution worker Thread 2,5,main]) started.
:app:javaPreCompileDebug (Thread[#429,Execution worker Thread 2,5,main]) started.
Resolve mutations for :app:preDebugUnitTestBuild (Thread[#428,Execution worker,5,main]) started.
:app:preDebugUnitTestBuild (Thread[#428,Execution worker,5,main]) started.

> Task :app:preDebugUnitTestBuild UP-TO-DATE
Skipping task ':app:preDebugUnitTestBuild' as it has no actions.
Resolve mutations for :app:javaPreCompileDebugUnitTest (Thread[#428,Execution worker,5,main]) started.
:app:javaPreCompileDebugUnitTest (Thread[#428,Execution worker,5,main]) started.

> Task :app:javaPreCompileDebugUnitTest
Caching disabled for task ':app:javaPreCompileDebugUnitTest' because:
  Build cache is disabled
Task ':app:javaPreCompileDebugUnitTest' is not up-to-date because:
  Executed with '--rerun-tasks'.

> Task :app:processDebugManifestForPackage
Custom actions are attached to task ':app:processDebugManifestForPackage'.
Caching disabled for task ':app:processDebugManifestForPackage' because:
  Build cache is disabled
Task ':app:processDebugManifestForPackage' is not up-to-date because:
  Executed with '--rerun-tasks'.

> Task :app:javaPreCompileDebug
Caching disabled for task ':app:javaPreCompileDebug' because:
  Build cache is disabled
Task ':app:javaPreCompileDebug' is not up-to-date because:
  Executed with '--rerun-tasks'.

> Task :app:mergeDebugResources
Caching disabled for task ':app:mergeDebugResources' because:
  Build cache is disabled
Task ':app:mergeDebugResources' is not up-to-date because:
  Executed with '--rerun-tasks'.
The input changes require a full rebuild for incremental task ':app:mergeDebugResources'.
[MergeResources] Inputs are non-incremental full task action.
Compiling XML table /app/applet/app/build/intermediates/incremental/debug/mergeDebugResources/merged.dir/values/values.xml to /app/applet/app/build/intermediates/merged_res/debug/mergeDebugResources/values_values.arsc.flat
Compiling XML table /app/applet/app/build/intermediates/incremental/debug/mergeDebugResources/merged.dir/values-hi/values-hi.xml to /app/applet/app/build/intermediates/merged_res/debug/mergeDebugResources/values-hi_values-hi.arsc.flat
Compiling XML table /app/applet/app/build/intermediates/incremental/debug/mergeDebugResources/merged.dir/values-pt/values-pt.xml to /app/applet/app/build/intermediates/merged_res/debug/mergeDebugResources/values-pt_values-pt.arsc.flat
Compiling XML table /app/applet/app/build/intermediates/incremental/debug/mergeDebugResources/merged.dir/values-hr/values-hr.xml to /app/applet/app/build/intermediates/merged_res/debug/mergeDebugResources/values-hr_values-hr.arsc.flat
Compiling XML table /app/applet/app/build/intermediates/incremental/debug/mergeDebugResources/merged.dir/values-hu/values-hu.xml to /app/applet/app/build/intermediates/merged_res/debug/mergeDebugResources/values-hu_values-hu.arsc.flat
Compiling XML table /app/applet/app/build/intermediates/incremental/debug/mergeDebugResources/merged.dir/values-v18/values-v18.xml to /app/applet/app/build/intermediates/merged_res/debug/mergeDebugResources/values-v18_values-v18.arsc.flat
Compiling XML table /app/applet/app/build/intermediates/incremental/debug/mergeDebugResources/merged.dir/values-in/values-in.xml to /app/applet/app/build/intermediates/merged_res/debug/mergeDebugResources/values-in_values-in.arsc.flat
Compiling XML table /app/applet/app/build/intermediates/incremental/debug/mergeDebugResources/merged.dir/values-am/values-am.xml to /app/applet/app/build/intermediates/merged_res/debug/mergeDebugResources/values-am_values-am.arsc.flat
Compiling XML table /app/applet/app/build/intermediates/incremental/debug/mergeDebugResources/merged.dir/values-v17/values-v17.xml to /app/applet/app/build/intermediates/merged_res/debug/mergeDebugResources/values-v17_values-v17.arsc.flat
Compiling XML table /app/applet/app/build/intermediates/incremental/debug/mergeDebugResources/merged.dir/values-as/values-as.xml to /app/applet/app/build/intermediates/merged_res/debug/mergeDebugResources/values-as_values-as.arsc.flat
Compiling XML table /app/applet/app/build/intermediates/incremental/debug/mergeDebugResources/merged.dir/values-zh-rHK/values-zh-rHK.xml to /app/applet/app/build/intermediates/merged_res/debug/mergeDebugResources/values-zh-rHK_values-zh-rHK.arsc.flat
Compiling XML table /app/applet/app/build/intermediates/incremental/debug/mergeDebugResources/merged.dir/values-ja/values-ja.xml to /app/applet/app/build/intermediates/merged_res/debug/mergeDebugResources/values-ja_values-ja.arsc.flat
Compiling XML table /app/applet/app/build/intermediates/incremental/debug/mergeDebugResources/merged.dir/values-iw/values-iw.xml to /app/applet/app/build/intermediates/merged_res/debug/mergeDebugResources/values-iw_values-iw.arsc.flat
Compiling XML table /app/applet/app/build/intermediates/incremental/debug/mergeDebugResources/merged.dir/values-v24/values-v24.xml to /app/applet/app/build/intermediates/merged_res/debug/mergeDebugResources/values-v24_values-v24.arsc.flat
Compiling XML table /app/applet/app/build/intermediates/incremental/debug/mergeDebugResources/merged.dir/values-ro/values-ro.xml to /app/applet/app/build/intermediates/merged_res/debug/mergeDebugResources/values-ro_values-ro.arsc.flat
Compiling XML table /app/applet/app/build/intermediates/incremental/debug/mergeDebugResources/merged.dir/values-v21/values-v21.xml to /app/applet/app/build/intermediates/merged_res/debug/mergeDebugResources/values-v21_values-v21.arsc.flat
Compiling XML table /app/applet/app/build/intermediates/incremental/debug/mergeDebugResources/merged.dir/values-ru/values-ru.xml to /app/applet/app/build/intermediates/merged_res/debug/mergeDebugResources/values-ru_values-ru.arsc.flat
Compiling XML table /app/applet/app/build/intermediates/incremental/debug/mergeDebugResources/merged.dir/values-bs/values-bs.xml to /app/applet/app/build/intermediates/merged_res/debug/mergeDebugResources/values-bs_values-bs.arsc.flat
Compiling XML table /app/applet/app/build/intermediates/incremental/debug/mergeDebugResources/merged.dir/values-sk/values-sk.xml to /app/applet/app/build/intermediates/merged_res/debug/mergeDebugResources/values-sk_values-sk.arsc.flat
Compiling XML table /app/applet/app/build/intermediates/incremental/debug/mergeDebugResources/merged.dir/values-v22/values-v22.xml to /app/applet/app/build/intermediates/merged_res/debug/mergeDebugResources/values-v22_values-v22.arsc.flat
Compiling XML table /app/applet/app/build/intermediates/incremental/debug/mergeDebugResources/merged.dir/values-pt-rPT/values-pt-rPT.xml to /app/applet/app/build/intermediates/merged_res/debug/mergeDebugResources/values-pt-rPT_values-pt-rPT.arsc.flat
Compiling XML table /app/applet/app/build/intermediates/incremental/debug/mergeDebugResources/merged.dir/values-sr/values-sr.xml to /app/applet/app/build/intermediates/merged_res/debug/mergeDebugResources/values-sr_values-sr.arsc.flat
Compiling XML table /app/applet/app/build/intermediates/incremental/debug/mergeDebugResources/merged.dir/values-v28/values-v28.xml to /app/applet/app/build/intermediates/merged_res/debug/mergeDebugResources/values-v28_values-v28.arsc.flat
Compiling XML table /app/applet/app/build/intermediates/incremental/debug/mergeDebugResources/merged.dir/values-bg/values-bg.xml to /app/applet/app/build/intermediates/merged_res/debug/mergeDebugResources/values-bg_values-bg.arsc.flat
Compiling XML table /app/applet/app/build/intermediates/incremental/debug/mergeDebugResources/merged.dir/values-sv/values-sv.xml to /app/applet/app/build/intermediates/merged_res/debug/mergeDebugResources/values-sv_values-sv.arsc.flat
Compiling XML table /app/applet/app/build/intermediates/incremental/debug/mergeDebugResources/merged.dir/values-v30/values-v30.xml to /app/applet/app/build/intermediates/merged_res/debug/mergeDebugResources/values-v30_values-v30.arsc.flat
Compiling XML table /app/applet/app/build/intermediates/incremental/debug/mergeDebugResources/merged.dir/values-sl/values-sl.xml to /app/applet/app/build/intermediates/merged_res/debug/mergeDebugResources/values-sl_values-sl.arsc.flat
Compiling XML table /app/applet/app/build/intermediates/incremental/debug/mergeDebugResources/merged.dir/values-ky/values-ky.xml to /app/applet/app/build/intermediates/merged_res/debug/mergeDebugResources/values-ky_values-ky.arsc.flat
Compiling XML table /app/applet/app/build/intermediates/incremental/debug/mergeDebugResources/merged.dir/values-kk/values-kk.xml to /app/applet/app/build/intermediates/merged_res/debug/mergeDebugResources/values-kk_values-kk.arsc.flat
Compiling XML table /app/applet/app/build/intermediates/incremental/debug/mergeDebugResources/merged.dir/values-te/values-te.xml to /app/applet/app/build/intermediates/merged_res/debug/mergeDebugResources/values-te_values-te.arsc.flat
Compiling XML table /app/applet/app/build/intermediates/incremental/debug/mergeDebugResources/merged.dir/values-ko/values-ko.xml to /app/applet/app/build/intermediates/merged_res/debug/mergeDebugResources/values-ko_values-ko.arsc.flat
Compiling XML table /app/applet/app/build/intermediates/incremental/debug/mergeDebugResources/merged.dir/values-da/values-da.xml to /app/applet/app/build/intermediates/merged_res/debug/mergeDebugResources/values-da_values-da.arsc.flat
Compiling XML table /app/applet/app/build/intermediates/incremental/debug/mergeDebugResources/merged.dir/values-pt-rBR/values-pt-rBR.xml to /app/applet/app/build/intermediates/merged_res/debug/mergeDebugResources/values-pt-rBR_values-pt-rBR.arsc.flat
Compiling XML table /app/applet/app/build/intermediates/incremental/debug/mergeDebugResources/merged.dir/values-lo/values-lo.xml to /app/applet/app/build/intermediates/merged_res/debug/mergeDebugResources/values-lo_values-lo.arsc.flat
Compiling XML table /app/applet/app/build/intermediates/incremental/debug/mergeDebugResources/merged.dir/values-th/values-th.xml to /app/applet/app/build/intermediates/merged_res/debug/mergeDebugResources/values-th_values-th.arsc.flat
Compiling XML table /app/applet/app/build/intermediates/incremental/debug/mergeDebugResources/merged.dir/values-uk/values-uk.xml to /app/applet/app/build/intermediates/merged_res/debug/mergeDebugResources/values-uk_values-uk.arsc.flat
Compiling XML table /app/applet/app/build/intermediates/incremental/debug/mergeDebugResources/merged.dir/values-tr/values-tr.xml to /app/applet/app/build/intermediates/merged_res/debug/mergeDebugResources/values-tr_values-tr.arsc.flat
Compiling XML table /app/applet/app/build/intermediates/incremental/debug/mergeDebugResources/merged.dir/values-mn/values-mn.xml to /app/applet/app/build/intermediates/merged_res/debug/mergeDebugResources/values-mn_values-mn.arsc.flat
Compiling XML table /app/applet/app/build/intermediates/incremental/debug/mergeDebugResources/merged.dir/values-ms/values-ms.xml to /app/applet/app/build/intermediates/merged_res/debug/mergeDebugResources/values-ms_values-ms.arsc.flat
Compiling XML table /app/applet/app/build/intermediates/incremental/debug/mergeDebugResources/merged.dir/values-lt/values-lt.xml to /app/applet/app/build/intermediates/merged_res/debug/mergeDebugResources/values-lt_values-lt.arsc.flat
Compiling XML table /app/applet/app/build/intermediates/incremental/debug/mergeDebugResources/merged.dir/values-es/values-es.xml to /app/applet/app/build/intermediates/merged_res/debug/mergeDebugResources/values-es_values-es.arsc.flat
Compiling XML table /app/applet/app/build/intermediates/incremental/debug/mergeDebugResources/merged.dir/values-watch-v20/values-watch-v20.xml to /app/applet/app/build/intermediates/merged_res/debug/mergeDebugResources/values-watch-v20_values-watch-v20.arsc.flat
Compiling XML table /app/applet/app/build/intermediates/incremental/debug/mergeDebugResources/merged.dir/values-ur/values-ur.xml to /app/applet/app/build/intermediates/merged_res/debug/mergeDebugResources/values-ur_values-ur.arsc.flat
Compiling XML table /app/applet/app/build/intermediates/incremental/debug/mergeDebugResources/merged.dir/values-v16/values-v16.xml to /app/applet/app/build/intermediates/merged_res/debug/mergeDebugResources/values-v16_values-v16.arsc.flat
Compiling XML table /app/applet/app/build/intermediates/incremental/debug/mergeDebugResources/merged.dir/values-af/values-af.xml to /app/applet/app/build/intermediates/merged_res/debug/mergeDebugResources/values-af_values-af.arsc.flat
Compiling XML table /app/applet/app/build/intermediates/incremental/debug/mergeDebugResources/merged.dir/values-nb/values-nb.xml to /app/applet/app/build/intermediates/merged_res/debug/mergeDebugResources/values-nb_values-nb.arsc.flat
Compiling XML table /app/applet/app/build/intermediates/incremental/debug/mergeDebugResources/merged.dir/values-it/values-it.xml to /app/applet/app/build/intermediates/merged_res/debug/mergeDebugResources/values-it_values-it.arsc.flat
Compiling XML table /app/applet/app/build/intermediates/incremental/debug/mergeDebugResources/merged.dir/values-fa/values-fa.xml to /app/applet/app/build/intermediates/merged_res/debug/mergeDebugResources/values-fa_values-fa.arsc.flat
Compiling XML table /app/applet/app/build/intermediates/incremental/debug/mergeDebugResources/merged.dir/values-uz/values-uz.xml to /app/applet/app/build/intermediates/merged_res/debug/mergeDebugResources/values-uz_values-uz.arsc.flat
Compiling XML table /app/applet/app/build/intermediates/incremental/debug/mergeDebugResources/merged.dir/values-ar/values-ar.xml to /app/applet/app/build/intermediates/merged_res/debug/mergeDebugResources/values-ar_values-ar.arsc.flat
Compiling XML table /app/applet/app/build/intermediates/incremental/debug/mergeDebugResources/merged.dir/values-en-rXC/values-en-rXC.xml to /app/applet/app/build/intermediates/merged_res/debug/mergeDebugResources/values-en-rXC_values-en-rXC.arsc.flat
Compiling XML table /app/applet/app/build/intermediates/incremental/debug/mergeDebugResources/merged.dir/values-v23/values-v23.xml to /app/applet/app/build/intermediates/merged_res/debug/mergeDebugResources/values-v23_values-v23.arsc.flat
Compiling XML table /app/applet/app/build/intermediates/incremental/debug/mergeDebugResources/merged.dir/values-az/values-az.xml to /app/applet/app/build/intermediates/merged_res/debug/mergeDebugResources/values-az_values-az.arsc.flat
Compiling XML table /app/applet/app/build/intermediates/incremental/debug/mergeDebugResources/merged.dir/values-v26/values-v26.xml to /app/applet/app/build/intermediates/merged_res/debug/mergeDebugResources/values-v26_values-v26.arsc.flat
Compiling XML table /app/applet/app/build/intermediates/incremental/debug/mergeDebugResources/merged.dir/values-en-rGB/values-en-rGB.xml to /app/applet/app/build/intermediates/merged_res/debug/mergeDebugResources/values-en-rGB_values-en-rGB.arsc.flat
Compiling XML table /app/applet/app/build/intermediates/incremental/debug/mergeDebugResources/merged.dir/values-be/values-be.xml to /app/applet/app/build/intermediates/merged_res/debug/mergeDebugResources/values-be_values-be.arsc.flat
Compiling XML table /app/applet/app/build/intermediates/incremental/debug/mergeDebugResources/merged.dir/values-gu/values-gu.xml to /app/applet/app/build/intermediates/merged_res/debug/mergeDebugResources/values-gu_values-gu.arsc.flat
Compiling XML table /app/applet/app/build/intermediates/incremental/debug/mergeDebugResources/merged.dir/values-el/values-el.xml to /app/applet/app/build/intermediates/merged_res/debug/mergeDebugResources/values-el_values-el.arsc.flat
Compiling XML table /app/applet/app/build/intermediates/incremental/debug/mergeDebugResources/merged.dir/values-en-rCA/values-en-rCA.xml to /app/applet/app/build/intermediates/merged_res/debug/mergeDebugResources/values-en-rCA_values-en-rCA.arsc.flat
Compiling xml file /app/applet/app/src/main/res/drawable/ic_launcher_background.xml to /app/applet/app/build/intermediates/merged_res/debug/mergeDebugResources/drawable_ic_launcher_background.xml.flat
Compiling XML table /app/applet/app/build/intermediates/incremental/debug/mergeDebugResources/merged.dir/values-si/values-si.xml to /app/applet/app/build/intermediates/merged_res/debug/mergeDebugResources/values-si_values-si.arsc.flat
Compiling XML table /app/applet/app/build/intermediates/incremental/debug/mergeDebugResources/merged.dir/values-et/values-et.xml to /app/applet/app/build/intermediates/merged_res/debug/mergeDebugResources/values-et_values-et.arsc.flat
Compiling XML table /app/applet/app/build/intermediates/incremental/debug/mergeDebugResources/merged.dir/values-ca/values-ca.xml to /app/applet/app/build/intermediates/merged_res/debug/mergeDebugResources/values-ca_values-ca.arsc.flat
Compiling XML table /app/applet/app/build/intermediates/incremental/debug/mergeDebugResources/merged.dir/values-port/values-port.xml to /app/applet/app/build/intermediates/merged_res/debug/mergeDebugResources/values-port_values-port.arsc.flat
Compiling XML table /app/applet/app/build/intermediates/incremental/debug/mergeDebugResources/merged.dir/values-kn/values-kn.xml to /app/applet/app/build/intermediates/merged_res/debug/mergeDebugResources/values-kn_values-kn.arsc.flat
Compiling XML table /app/applet/app/build/intermediates/incremental/debug/mergeDebugResources/merged.dir/values-nl/values-nl.xml to /app/applet/app/build/intermediates/merged_res/debug/mergeDebugResources/values-nl_values-nl.arsc.flat
Compiling XML table /app/applet/app/build/intermediates/incremental/debug/mergeDebugResources/merged.dir/values-fr/values-fr.xml to /app/applet/app/build/intermediates/merged_res/debug/mergeDebugResources/values-fr_values-fr.arsc.flat
Compiling XML table /app/applet/app/build/intermediates/incremental/debug/mergeDebugResources/merged.dir/values-ta/values-ta.xml to /app/applet/app/build/intermediates/merged_res/debug/mergeDebugResources/values-ta_values-ta.arsc.flat
Compiling XML table /app/applet/app/build/intermediates/incremental/debug/mergeDebugResources/merged.dir/values-watch-v21/values-watch-v21.xml to /app/applet/app/build/intermediates/merged_res/debug/mergeDebugResources/values-watch-v21_values-watch-v21.arsc.flat
Compiling XML table /app/applet/app/build/intermediates/incremental/debug/mergeDebugResources/merged.dir/values-h720dp-v13/values-h720dp-v13.xml to /app/applet/app/build/intermediates/merged_res/debug/mergeDebugResources/values-h720dp-v13_values-h720dp-v13.arsc.flat
Compiling XML table /app/applet/app/build/intermediates/incremental/debug/mergeDebugResources/merged.dir/values-land/values-land.xml to /app/applet/app/build/intermediates/merged_res/debug/mergeDebugResources/values-land_values-land.arsc.flat
Compiling XML table /app/applet/app/build/intermediates/incremental/debug/mergeDebugResources/merged.dir/values-hy/values-hy.xml to /app/applet/app/build/intermediates/merged_res/debug/mergeDebugResources/values-hy_values-hy.arsc.flat
Compiling XML table /app/applet/app/build/intermediates/incremental/debug/mergeDebugResources/merged.dir/values-xlarge-v4/values-xlarge-v4.xml to /app/applet/app/build/intermediates/merged_res/debug/mergeDebugResources/values-xlarge-v4_values-xlarge-v4.arsc.flat
Compiling XML table /app/applet/app/build/intermediates/incremental/debug/mergeDebugResources/merged.dir/values-pa/values-pa.xml to /app/applet/app/build/intermediates/merged_res/debug/mergeDebugResources/values-pa_values-pa.arsc.flat
Compiling XML table /app/applet/app/build/intermediates/incremental/debug/mergeDebugResources/merged.dir/values-de/values-de.xml to /app/applet/app/build/intermediates/merged_res/debug/mergeDebugResources/values-de_values-de.arsc.flat
Compiling xml file /app/applet/app/src/main/res/mipmap-anydpi-v26/ic_launcher_round.xml to /app/applet/app/build/intermediates/merged_res/debug/mergeDebugResources/mipmap-anydpi-v26_ic_launcher_round.xml.flat
Compiling XML table /app/applet/app/build/intermediates/incremental/debug/mergeDebugResources/merged.dir/values-ldltr-v21/values-ldltr-v21.xml to /app/applet/app/build/intermediates/merged_res/debug/mergeDebugResources/values-ldltr-v21_values-ldltr-v21.arsc.flat
Compiling XML table /app/applet/app/build/intermediates/incremental/debug/mergeDebugResources/merged.dir/values-en-rIN/values-en-rIN.xml to /app/applet/app/build/intermediates/merged_res/debug/mergeDebugResources/values-en-rIN_values-en-rIN.arsc.flat
Compiling XML table /app/applet/app/build/intermediates/incremental/debug/mergeDebugResources/merged.dir/values-is/values-is.xml to /app/applet/app/build/intermediates/merged_res/debug/mergeDebugResources/values-is_values-is.arsc.flat
Compiling XML table /app/applet/app/build/intermediates/incremental/debug/mergeDebugResources/merged.dir/values-ml/values-ml.xml to /app/applet/app/build/intermediates/merged_res/debug/mergeDebugResources/values-ml_values-ml.arsc.flat
Compiling XML table /app/applet/app/build/intermediates/incremental/debug/mergeDebugResources/merged.dir/values-b+sr+Latn/values-b+sr+Latn.xml to /app/applet/app/build/intermediates/merged_res/debug/mergeDebugResources/values-b+sr+Latn_values-b+sr+Latn.arsc.flat
Compiling XML table /app/applet/app/build/intermediates/incremental/debug/mergeDebugResources/merged.dir/values-fr-rCA/values-fr-rCA.xml to /app/applet/app/build/intermediates/merged_res/debug/mergeDebugResources/values-fr-rCA_values-fr-rCA.arsc.flat
Compiling XML table /app/applet/app/build/intermediates/incremental/debug/mergeDebugResources/merged.dir/values-es-rUS/values-es-rUS.xml to /app/applet/app/build/intermediates/merged_res/debug/mergeDebugResources/values-es-rUS_values-es-rUS.arsc.flat
Compiling XML table /app/applet/app/build/intermediates/incremental/debug/mergeDebugResources/merged.dir/values-my/values-my.xml to /app/applet/app/build/intermediates/merged_res/debug/mergeDebugResources/values-my_values-my.arsc.flat
Compiling XML table /app/applet/app/build/intermediates/incremental/debug/mergeDebugResources/merged.dir/values-v25/values-v25.xml to /app/applet/app/build/intermediates/merged_res/debug/mergeDebugResources/values-v25_values-v25.arsc.flat
Compiling XML table /app/applet/app/build/intermediates/incremental/debug/mergeDebugResources/merged.dir/values-vi/values-vi.xml to /app/applet/app/build/intermediates/merged_res/debug/mergeDebugResources/values-vi_values-vi.arsc.flat
Compiling XML table /app/applet/app/build/intermediates/incremental/debug/mergeDebugResources/merged.dir/values-zu/values-zu.xml to /app/applet/app/build/intermediates/merged_res/debug/mergeDebugResources/values-zu_values-zu.arsc.flat
Compiling XML table /app/applet/app/build/intermediates/incremental/debug/mergeDebugResources/merged.dir/values-ne/values-ne.xml to /app/applet/app/build/intermediates/merged_res/debug/mergeDebugResources/values-ne_values-ne.arsc.flat
Compiling XML table /app/applet/app/build/intermediates/incremental/debug/mergeDebugResources/merged.dir/values-sw600dp-v13/values-sw600dp-v13.xml to /app/applet/app/build/intermediates/merged_res/debug/mergeDebugResources/values-sw600dp-v13_values-sw600dp-v13.arsc.flat
Compiling XML table /app/applet/app/build/intermediates/incremental/debug/mergeDebugResources/merged.dir/values-bn/values-bn.xml to /app/applet/app/build/intermediates/merged_res/debug/mergeDebugResources/values-bn_values-bn.arsc.flat
Compiling XML table /app/applet/app/build/intermediates/incremental/debug/mergeDebugResources/merged.dir/values-fi/values-fi.xml to /app/applet/app/build/intermediates/merged_res/debug/mergeDebugResources/values-fi_values-fi.arsc.flat
Compiling XML table /app/applet/app/build/intermediates/incremental/debug/mergeDebugResources/merged.dir/values-hdpi-v4/values-hdpi-v4.xml to /app/applet/app/build/intermediates/merged_res/debug/mergeDebugResources/values-hdpi-v4_values-hdpi-v4.arsc.flat
Compiling XML table /app/applet/app/build/intermediates/incremental/debug/mergeDebugResources/merged.dir/values-gl/values-gl.xml to /app/applet/app/build/intermediates/merged_res/debug/mergeDebugResources/values-gl_values-gl.arsc.flat
Compiling XML table /app/applet/app/build/intermediates/incremental/debug/mergeDebugResources/merged.dir/values-ka/values-ka.xml to /app/applet/app/build/intermediates/merged_res/debug/mergeDebugResources/values-ka_values-ka.arsc.flat
Compiling xml file /app/applet/app/src/main/res/drawable/ic_launcher_foreground.xml to /app/applet/app/build/intermediates/merged_res/debug/mergeDebugResources/drawable_ic_launcher_foreground.xml.flat
Compiling XML table /app/applet/app/build/intermediates/incremental/debug/mergeDebugResources/merged.dir/values-sq/values-sq.xml to /app/applet/app/build/intermediates/merged_res/debug/mergeDebugResources/values-sq_values-sq.arsc.flat
Compiling XML table /app/applet/app/build/intermediates/incremental/debug/mergeDebugResources/merged.dir/values-km/values-km.xml to /app/applet/app/build/intermediates/merged_res/debug/mergeDebugResources/values-km_values-km.arsc.flat
Compiling XML table /app/applet/app/build/intermediates/incremental/debug/mergeDebugResources/merged.dir/values-sw/values-sw.xml to /app/applet/app/build/intermediates/merged_res/debug/mergeDebugResources/values-sw_values-sw.arsc.flat
Compiling XML table /app/applet/app/build/intermediates/incremental/debug/mergeDebugResources/merged.dir/values-cs/values-cs.xml to /app/applet/app/build/intermediates/merged_res/debug/mergeDebugResources/values-cs_values-cs.arsc.flat
Compiling XML table /app/applet/app/build/intermediates/incremental/debug/mergeDebugResources/merged.dir/values-tl/values-tl.xml to /app/applet/app/build/intermediates/merged_res/debug/mergeDebugResources/values-tl_values-tl.arsc.flat
Compiling XML table /app/applet/app/build/intermediates/incremental/debug/mergeDebugResources/merged.dir/values-en-rAU/values-en-rAU.xml to /app/applet/app/build/intermediates/merged_res/debug/mergeDebugResources/values-en-rAU_values-en-rAU.arsc.flat
Compiling XML table /app/applet/app/build/intermediates/incremental/debug/mergeDebugResources/merged.dir/values-lv/values-lv.xml to /app/applet/app/build/intermediates/merged_res/debug/mergeDebugResources/values-lv_values-lv.arsc.flat
Compiling XML table /app/applet/app/build/intermediates/incremental/debug/mergeDebugResources/merged.dir/values-mk/values-mk.xml to /app/applet/app/build/intermediates/merged_res/debug/mergeDebugResources/values-mk_values-mk.arsc.flat
Compiling XML table /app/applet/app/build/intermediates/incremental/debug/mergeDebugResources/merged.dir/values-mr/values-mr.xml to /app/applet/app/build/intermediates/merged_res/debug/mergeDebugResources/values-mr_values-mr.arsc.flat
Compiling XML table /app/applet/app/build/intermediates/incremental/debug/mergeDebugResources/merged.dir/values-zh-rTW/values-zh-rTW.xml to /app/applet/app/build/intermediates/merged_res/debug/mergeDebugResources/values-zh-rTW_values-zh-rTW.arsc.flat
Compiling XML table /app/applet/app/build/intermediates/incremental/debug/mergeDebugResources/merged.dir/values-eu/values-eu.xml to /app/applet/app/build/intermediates/merged_res/debug/mergeDebugResources/values-eu_values-eu.arsc.flat
Compiling XML table /app/applet/app/build/intermediates/incremental/debug/mergeDebugResources/merged.dir/values-night-v8/values-night-v8.xml to /app/applet/app/build/intermediates/merged_res/debug/mergeDebugResources/values-night-v8_values-night-v8.arsc.flat
Compiling XML table /app/applet/app/build/intermediates/incremental/debug/mergeDebugResources/merged.dir/values-zh-rCN/values-zh-rCN.xml to /app/applet/app/build/intermediates/merged_res/debug/mergeDebugResources/values-zh-rCN_values-zh-rCN.arsc.flat
Compiling XML table /app/applet/app/build/intermediates/incremental/debug/mergeDebugResources/merged.dir/values-large-v4/values-large-v4.xml to /app/applet/app/build/intermediates/merged_res/debug/mergeDebugResources/values-large-v4_values-large-v4.arsc.flat
Compiling XML table /app/applet/app/build/intermediates/incremental/debug/mergeDebugResources/merged.dir/values-or/values-or.xml to /app/applet/app/build/intermediates/merged_res/debug/mergeDebugResources/values-or_values-or.arsc.flat
Compiling XML table /app/applet/app/build/intermediates/incremental/debug/mergeDebugResources/merged.dir/values-pl/values-pl.xml to /app/applet/app/build/intermediates/merged_res/debug/mergeDebugResources/values-pl_values-pl.arsc.flat
Compiling xml file /app/applet/app/src/main/res/mipmap-anydpi-v26/ic_launcher.xml to /app/applet/app/build/intermediates/merged_res/debug/mergeDebugResources/mipmap-anydpi-v26_ic_launcher.xml.flat
Resolve mutations for :app:processDebugResources (Thread[#427,included builds,5,main]) started.
:app:processDebugResources (Thread[#427,included builds,5,main]) started.

> Task :app:processDebugResources
Caching disabled for task ':app:processDebugResources' because:
  Build cache is disabled
Task ':app:processDebugResources' is not up-to-date because:
  Executed with '--rerun-tasks'.
The input changes require a full rebuild for incremental task ':app:processDebugResources'.
AAPT2 aapt2-8.8.0-12006047-linux Daemon #0: starting
Aapt output file /app/applet/app/build/intermediates/linked_resources_binary_format/debug/processDebugResources/linked-resources-binary-format-debug.ap_
Resolve mutations for :app:kspDebugKotlin (Thread[#427,included builds,5,main]) started.
:app:kspDebugKotlin (Thread[#427,included builds,5,main]) started.

> Task :app:kspDebugKotlin
file or directory '/app/applet/app/src/debug/kotlin', not found
file or directory '/app/applet/app/src/debug/java', not found
file or directory '/app/applet/app/src/main/kotlin', not found
file or directory '/app/applet/app/src/debug/java', not found
file or directory '/app/applet/app/src/debug/kotlin', not found
file or directory '/app/applet/app/src/debug/java', not found
file or directory '/app/applet/app/src/main/kotlin', not found
file or directory '/app/applet/app/src/debug/java', not found
Caching disabled for task ':app:kspDebugKotlin' because:
  Build cache is disabled
Task ':app:kspDebugKotlin' is not up-to-date because:
  Executed with '--rerun-tasks'.
The input changes require a full rebuild for incremental task ':app:kspDebugKotlin'.
file or directory '/app/applet/app/src/debug/kotlin', not found
file or directory '/app/applet/app/src/debug/java', not found
file or directory '/app/applet/app/src/main/kotlin', not found
file or directory '/app/applet/app/src/debug/java', not found
file or directory '/app/applet/app/src/debug/kotlin', not found
file or directory '/app/applet/app/src/debug/java', not found
file or directory '/app/applet/app/src/main/kotlin', not found
file or directory '/app/applet/app/src/debug/kotlin', not found
file or directory '/app/applet/app/src/debug/java', not found
file or directory '/app/applet/app/src/main/kotlin', not found
file or directory '/app/applet/app/src/debug/java', not found
file or directory '/app/applet/app/src/debug/kotlin', not found
file or directory '/app/applet/app/src/debug/java', not found
file or directory '/app/applet/app/src/main/kotlin', not found
file or directory '/app/applet/app/src/debug/java', not found
file or directory '/app/applet/app/src/debug/kotlin', not found
file or directory '/app/applet/app/src/debug/java', not found
file or directory '/app/applet/app/src/main/kotlin', not found
file or directory '/app/applet/app/src/debug/java', not found
Kotlin source files: /app/applet/app/src/main/java/com/example/domain/ai/LivenessEngine.kt, /app/applet/app/src/main/java/com/example/domain/ai/FaceRecognitionEngine.kt, /app/applet/app/src/main/java/com/example/domain/models/VerificationResult.kt, /app/applet/app/src/main/java/com/example/domain/models/LivenessResult.kt, /app/applet/app/src/main/java/com/example/ui/screens/EnrollDetailsScreen.kt, /app/applet/app/src/main/java/com/example/ui/screens/AuthScreens.kt, /app/applet/app/src/main/java/com/example/ui/screens/LoginScreen.kt, /app/applet/app/src/main/java/com/example/ui/screens/EnrollmentCameraScreen.kt, /app/applet/app/src/main/java/com/example/ui/screens/HomeScreen.kt, /app/applet/app/src/main/java/com/example/ui/screens/EnrollViewModel.kt, /app/applet/app/src/main/java/com/example/ui/screens/RecordsScreen.kt, /app/applet/app/src/main/java/com/example/ui/screens/ScanScreen.kt, /app/applet/app/src/main/java/com/example/ui/components/SharedComponents.kt, /app/applet/app/src/main/java/com/example/ui/components/AppLogo.kt, /app/applet/app/src/main/java/com/example/ui/theme/Theme.kt, /app/applet/app/src/main/java/com/example/ui/viewmodels/ViewModelFactory.kt, /app/applet/app/src/main/java/com/example/ui/viewmodels/AuthViewModel.kt, /app/applet/app/src/main/java/com/example/data/EmployeeProfile.kt, /app/applet/app/src/main/java/com/example/data/AuditLog.kt, /app/applet/app/src/main/java/com/example/data/AppDatabase.kt, /app/applet/app/src/main/java/com/example/data/UserDao.kt, /app/applet/app/src/main/java/com/example/data/repository/EmployeeRepository.kt, /app/applet/app/src/main/java/com/example/data/repository/EmployeeRepositoryImpl.kt, /app/applet/app/src/main/java/com/example/data/repository/AuthRepository.kt, /app/applet/app/src/main/java/com/example/data/repository/AuthRepositoryImpl.kt, /app/applet/app/src/main/java/com/example/data/AuditLogDao.kt, /app/applet/app/src/main/java/com/example/data/security/SessionManager.kt, /app/applet/app/src/main/java/com/example/data/security/DatabaseKeyManager.kt, /app/applet/app/src/main/java/com/example/data/security/CryptoManager.kt, /app/applet/app/src/main/java/com/example/data/Converters.kt, /app/applet/app/src/main/java/com/example/data/EmployeeDao.kt, /app/applet/app/src/main/java/com/example/data/User.kt, /app/applet/app/src/main/java/com/example/data/sync/SyncWorker.kt, /app/applet/app/src/main/java/com/example/ai/utils/BenchmarkRunner.kt, /app/applet/app/src/main/java/com/example/ai/utils/EmbeddingUtils.kt, /app/applet/app/src/main/java/com/example/ai/utils/HeadPoseEstimator.kt, /app/applet/app/src/main/java/com/example/ai/utils/FacePreprocessor.kt, /app/applet/app/src/main/java/com/example/ai/utils/EARCalculator.kt, /app/applet/app/src/main/java/com/example/ai/utils/AttackValidationSuite.kt, /app/applet/app/src/main/java/com/example/ai/utils/ZeroAllocFacePreprocessor.kt, /app/applet/app/src/main/java/com/example/ai/tflite/SilentFaceEngine.kt, /app/applet/app/src/main/java/com/example/ai/tflite/MobileFaceNetEngine.kt, /app/applet/app/src/main/java/com/example/ai/tflite/DelegateManager.kt, /app/applet/app/src/main/java/com/example/MainActivity.kt, /app/applet/app/src/main/java/com/example/NHAIApplication.kt, /app/applet/app/src/main/java/com/example/camera/FaceAnalyzer.kt, /app/applet/app/src/main/java/com/example/camera/FaceMatcher.kt, /app/applet/app/src/main/java/com/example/di/AppContainer.kt
Java source files: 
Script source files: 
Script file extensions: 
[KOTLIN] Kotlin compilation 'jdkHome' argument: null
i: [ksp] loaded provider(s): [androidx.room.RoomKspProcessor$Provider]
Finished executing kotlin compiler using DAEMON strategy
Resolve mutations for :app:compileDebugKotlin (Thread[#427,included builds,5,main]) started.
:app:compileDebugKotlin (Thread[#427,included builds,5,main]) started.

> Task :app:compileDebugKotlin
Caching disabled for task ':app:compileDebugKotlin' because:
  Build cache is disabled
Task ':app:compileDebugKotlin' is not up-to-date because:
  Executed with '--rerun-tasks'.
The input changes require a full rebuild for incremental task ':app:compileDebugKotlin'.
file or directory '/app/applet/app/src/debug/kotlin', not found
file or directory '/app/applet/app/src/debug/java', not found
file or directory '/app/applet/app/src/debug/kotlin', not found
file or directory '/app/applet/app/src/debug/kotlin', not found
file or directory '/app/applet/app/src/debug/java', not found
file or directory '/app/applet/app/src/main/kotlin', not found
file or directory '/app/applet/app/src/main/kotlin', not found
file or directory '/app/applet/app/src/main/kotlin', not found
file or directory '/app/applet/app/src/debug/java', not found
file or directory '/app/applet/app/src/debug/kotlin', not found
file or directory '/app/applet/app/src/debug/java', not found
file or directory '/app/applet/app/src/debug/kotlin', not found
file or directory '/app/applet/app/src/debug/kotlin', not found
file or directory '/app/applet/app/src/debug/java', not found
file or directory '/app/applet/app/src/main/kotlin', not found
file or directory '/app/applet/app/src/debug/kotlin', not found
file or directory '/app/applet/app/src/debug/java', not found
file or directory '/app/applet/app/src/debug/kotlin', not found
file or directory '/app/applet/app/src/debug/kotlin', not found
file or directory '/app/applet/app/src/debug/java', not found
file or directory '/app/applet/app/src/main/kotlin', not found
file or directory '/app/applet/app/src/main/kotlin', not found
file or directory '/app/applet/app/src/main/kotlin', not found
file or directory '/app/applet/app/src/debug/java', not found
file or directory '/app/applet/app/src/debug/kotlin', not found
file or directory '/app/applet/app/src/debug/java', not found
file or directory '/app/applet/app/src/debug/kotlin', not found
file or directory '/app/applet/app/src/debug/kotlin', not found
file or directory '/app/applet/app/src/debug/java', not found
file or directory '/app/applet/app/src/main/kotlin', not found
file or directory '/app/applet/app/src/main/kotlin', not found
file or directory '/app/applet/app/src/main/kotlin', not found
file or directory '/app/applet/app/src/debug/java', not found
file or directory '/app/applet/app/src/debug/kotlin', not found
file or directory '/app/applet/app/src/debug/java', not found
file or directory '/app/applet/app/src/debug/kotlin', not found
file or directory '/app/applet/app/src/debug/kotlin', not found
file or directory '/app/applet/app/src/debug/java', not found
file or directory '/app/applet/app/src/main/kotlin', not found
file or directory '/app/applet/app/src/main/kotlin', not found
file or directory '/app/applet/app/src/main/kotlin', not found
file or directory '/app/applet/app/src/debug/java', not found
Kotlin source files: /app/applet/app/src/main/java/com/example/domain/ai/LivenessEngine.kt, /app/applet/app/src/main/java/com/example/domain/ai/FaceRecognitionEngine.kt, /app/applet/app/src/main/java/com/example/domain/models/VerificationResult.kt, /app/applet/app/src/main/java/com/example/domain/models/LivenessResult.kt, /app/applet/app/src/main/java/com/example/ui/screens/EnrollDetailsScreen.kt, /app/applet/app/src/main/java/com/example/ui/screens/AuthScreens.kt, /app/applet/app/src/main/java/com/example/ui/screens/LoginScreen.kt, /app/applet/app/src/main/java/com/example/ui/screens/EnrollmentCameraScreen.kt, /app/applet/app/src/main/java/com/example/ui/screens/HomeScreen.kt, /app/applet/app/src/main/java/com/example/ui/screens/EnrollViewModel.kt, /app/applet/app/src/main/java/com/example/ui/screens/RecordsScreen.kt, /app/applet/app/src/main/java/com/example/ui/screens/ScanScreen.kt, /app/applet/app/src/main/java/com/example/ui/components/SharedComponents.kt, /app/applet/app/src/main/java/com/example/ui/components/AppLogo.kt, /app/applet/app/src/main/java/com/example/ui/theme/Theme.kt, /app/applet/app/src/main/java/com/example/ui/viewmodels/ViewModelFactory.kt, /app/applet/app/src/main/java/com/example/ui/viewmodels/AuthViewModel.kt, /app/applet/app/src/main/java/com/example/data/EmployeeProfile.kt, /app/applet/app/src/main/java/com/example/data/AuditLog.kt, /app/applet/app/src/main/java/com/example/data/AppDatabase.kt, /app/applet/app/src/main/java/com/example/data/UserDao.kt, /app/applet/app/src/main/java/com/example/data/repository/EmployeeRepository.kt, /app/applet/app/src/main/java/com/example/data/repository/EmployeeRepositoryImpl.kt, /app/applet/app/src/main/java/com/example/data/repository/AuthRepository.kt, /app/applet/app/src/main/java/com/example/data/repository/AuthRepositoryImpl.kt, /app/applet/app/src/main/java/com/example/data/AuditLogDao.kt, /app/applet/app/src/main/java/com/example/data/security/SessionManager.kt, /app/applet/app/src/main/java/com/example/data/security/DatabaseKeyManager.kt, /app/applet/app/src/main/java/com/example/data/security/CryptoManager.kt, /app/applet/app/src/main/java/com/example/data/Converters.kt, /app/applet/app/src/main/java/com/example/data/EmployeeDao.kt, /app/applet/app/src/main/java/com/example/data/User.kt, /app/applet/app/src/main/java/com/example/data/sync/SyncWorker.kt, /app/applet/app/src/main/java/com/example/ai/utils/BenchmarkRunner.kt, /app/applet/app/src/main/java/com/example/ai/utils/EmbeddingUtils.kt, /app/applet/app/src/main/java/com/example/ai/utils/HeadPoseEstimator.kt, /app/applet/app/src/main/java/com/example/ai/utils/FacePreprocessor.kt, /app/applet/app/src/main/java/com/example/ai/utils/EARCalculator.kt, /app/applet/app/src/main/java/com/example/ai/utils/AttackValidationSuite.kt, /app/applet/app/src/main/java/com/example/ai/utils/ZeroAllocFacePreprocessor.kt, /app/applet/app/src/main/java/com/example/ai/tflite/SilentFaceEngine.kt, /app/applet/app/src/main/java/com/example/ai/tflite/MobileFaceNetEngine.kt, /app/applet/app/src/main/java/com/example/ai/tflite/DelegateManager.kt, /app/applet/app/src/main/java/com/example/MainActivity.kt, /app/applet/app/src/main/java/com/example/NHAIApplication.kt, /app/applet/app/src/main/java/com/example/camera/FaceAnalyzer.kt, /app/applet/app/src/main/java/com/example/camera/FaceMatcher.kt, /app/applet/app/src/main/java/com/example/di/AppContainer.kt
Java source files: /app/applet/app/build/generated/ksp/debug/java/com/example/data/EmployeeDao_Impl.java, /app/applet/app/build/generated/ksp/debug/java/com/example/data/UserDao_Impl.java, /app/applet/app/build/generated/ksp/debug/java/com/example/data/AuditLogDao_Impl.java, /app/applet/app/build/generated/ksp/debug/java/com/example/data/AppDatabase_Impl.java
Script source files: 
Script file extensions: 
Using Kotlin/JVM incremental compilation
[KOTLIN] Kotlin compilation 'jdkHome' argument: null
Options for KOTLIN DAEMON: IncrementalCompilationOptions(super=CompilationOptions(compilerMode=INCREMENTAL_COMPILER, targetPlatform=JVM, reportCategories=[0, 3], reportSeverity=2, requestedCompilationResults=[0], kotlinScriptExtensions=[]), areFileChangesKnown=false, modifiedFiles=null, deletedFiles=null, classpathChanges=NotAvailableForNonIncrementalRun, workingDir=/app/applet/app/build/kotlin/compileDebugKotlin/cacheable, multiModuleICSettings=MultiModuleICSettings(buildHistoryFile=/app/applet/app/build/kotlin/compileDebugKotlin/local-state/build-history.bin, useModuleDetection=true), usePreciseJavaTracking=true, icFeatures=IncrementalCompilationFeatures(withAbiSnapshot=false, preciseCompilationResultsBackup=true, keepIncrementalCompilationCachesInMemory=true, enableUnsafeIncrementalCompilationForMultiplatform=false), outputFiles=[/app/applet/app/build/tmp/kotlin-classes/debug, /app/applet/app/build/kotlin/compileDebugKotlin/cacheable, /app/applet/app/build/kotlin/compileDebugKotlin/local-state])
w: file:///app/applet/app/src/main/java/com/example/ai/tflite/DelegateManager.kt:32:46 'constructor(): GpuDelegate.Options' is deprecated. Deprecated in Java.
w: file:///app/applet/app/src/main/java/com/example/ui/components/SharedComponents.kt:139:34 'val Icons.Filled.List: ImageVector' is deprecated. Use the AutoMirrored version at Icons.AutoMirrored.Filled.List.
w: file:///app/applet/app/src/main/java/com/example/ui/screens/EnrollViewModel.kt:40:52 Unchecked cast of 'com.example.ui.screens.EnrollViewModel' to 'T'.
w: file:///app/applet/app/src/main/java/com/example/ui/screens/HomeScreen.kt:47:44 'val Icons.Filled.ExitToApp: ImageVector' is deprecated. Use the AutoMirrored version at Icons.AutoMirrored.Filled.ExitToApp.
w: file:///app/applet/app/src/main/java/com/example/ui/screens/HomeScreen.kt:108:38 'val Icons.Filled.List: ImageVector' is deprecated. Use the AutoMirrored version at Icons.AutoMirrored.Filled.List.
w: file:///app/applet/app/src/main/java/com/example/ui/screens/LoginScreen.kt:274:52 'val Icons.Filled.ArrowForward: ImageVector' is deprecated. Use the AutoMirrored version at Icons.AutoMirrored.Filled.ArrowForward.
Finished executing kotlin compiler using DAEMON strategy
Resolve mutations for :app:compileDebugJavaWithJavac (Thread[#427,included builds,5,main]) started.
:app:compileDebugJavaWithJavac (Thread[#427,included builds,5,main]) started.

> Task :app:compileDebugJavaWithJavac
file or directory '/app/applet/app/build/generated/ksp/debug/classes', not found
file or directory '/app/applet/app/build/generated/ksp/debug/classes', not found
Custom actions are attached to task ':app:compileDebugJavaWithJavac'.
Caching disabled for task ':app:compileDebugJavaWithJavac' because:
  Build cache is disabled
Task ':app:compileDebugJavaWithJavac' is not up-to-date because:
  Executed with '--rerun-tasks'.
The input changes require a full rebuild for incremental task ':app:compileDebugJavaWithJavac'.
Compilation mode: in-process compilation
file or directory '/app/applet/app/build/generated/ksp/debug/classes', not found
Full recompilation is required because no incremental change information is available. This is usually caused by clean builds or changing compiler arguments.
Compiling with toolchain '/usr/lib/jvm/temurin-21-jdk-amd64'.
file or directory '/app/applet/app/src/debug/java', not found
Compiling with JDK Java compiler API.
Class dependency analysis for incremental compilation took 0.002 secs.
Created classpath snapshot for incremental compilation in 0.035 secs.
Resolve mutations for :app:bundleDebugClassesToRuntimeJar (Thread[#427,included builds,5,main]) started.
:app:bundleDebugClassesToRuntimeJar (Thread[#427,included builds,5,main]) started.
Resolve mutations for :app:bundleDebugClassesToCompileJar (Thread[#429,Execution worker Thread 2,5,main]) started.
:app:bundleDebugClassesToCompileJar (Thread[#429,Execution worker Thread 2,5,main]) started.
Resolve mutations for :app:processDebugJavaRes (Thread[#428,Execution worker,5,main]) started.
:app:processDebugJavaRes (Thread[#428,Execution worker,5,main]) started.

> Task :app:processDebugJavaRes
file or directory '/app/applet/app/src/main/resources', not found
file or directory '/app/applet/app/src/debug/resources', not found
file or directory '/app/applet/app/build/generated/ksp/debug/classes', not found
file or directory '/app/applet/app/build/generated/ksp/debug/classes', not found
Caching disabled for task ':app:processDebugJavaRes' because:
  Build cache is disabled
  Caching has been disabled for the task
Task ':app:processDebugJavaRes' is not up-to-date because:
  Executed with '--rerun-tasks'.
file or directory '/app/applet/app/src/main/resources', not found
file or directory '/app/applet/app/src/debug/resources', not found
file or directory '/app/applet/app/build/generated/ksp/debug/classes', not found
file or directory '/app/applet/app/build/generated/ksp/debug/classes', not found
file or directory '/app/applet/app/src/main/resources', not found
file or directory '/app/applet/app/src/debug/resources', not found
file or directory '/app/applet/app/build/generated/ksp/debug/resources', not found
work action resolve out (project :app) (Thread[#428,Execution worker,5,main]) started.

> Task :app:bundleDebugClassesToRuntimeJar
file or directory '/app/applet/app/build/generated/ksp/debug/classes', not found
file or directory '/app/applet/app/build/generated/ksp/debug/classes', not found
Caching disabled for task ':app:bundleDebugClassesToRuntimeJar' because:
  Build cache is disabled
  Caching has been disabled for the task
Task ':app:bundleDebugClassesToRuntimeJar' is not up-to-date because:
  Executed with '--rerun-tasks'.
work action resolve classes.jar (project :app) (Thread[#427,included builds,5,main]) started.

> Task :app:bundleDebugClassesToCompileJar
Caching disabled for task ':app:bundleDebugClassesToCompileJar' because:
  Build cache is disabled
  Caching has been disabled for the task
Task ':app:bundleDebugClassesToCompileJar' is not up-to-date because:
  Executed with '--rerun-tasks'.
file or directory '/app/applet/app/build/generated/ksp/debug/classes', not found
file or directory '/app/applet/app/build/generated/ksp/debug/resources', not found
work action resolve classes.jar (project :app) (Thread[#429,Execution worker Thread 2,5,main]) started.
Resolve mutations for :app:kspDebugUnitTestKotlin (Thread[#429,Execution worker Thread 2,5,main]) started.
:app:kspDebugUnitTestKotlin (Thread[#429,Execution worker Thread 2,5,main]) started.

> Task :app:kspDebugUnitTestKotlin
file or directory '/app/applet/app/src/debugUnitTest/kotlin', not found
file or directory '/app/applet/app/src/test/kotlin', not found
file or directory '/app/applet/app/src/testDebug/kotlin', not found
file or directory '/app/applet/app/src/testDebug/java', not found
file or directory '/app/applet/app/src/testDebug/java', not found
file or directory '/app/applet/app/src/debugUnitTest/kotlin', not found
file or directory '/app/applet/app/src/test/kotlin', not found
file or directory '/app/applet/app/src/testDebug/kotlin', not found
file or directory '/app/applet/app/src/testDebug/java', not found
file or directory '/app/applet/app/src/testDebug/java', not found
Caching disabled for task ':app:kspDebugUnitTestKotlin' because:
  Build cache is disabled
Task ':app:kspDebugUnitTestKotlin' is not up-to-date because:
  Executed with '--rerun-tasks'.
The input changes require a full rebuild for incremental task ':app:kspDebugUnitTestKotlin'.
file or directory '/app/applet/app/src/debugUnitTest/kotlin', not found
file or directory '/app/applet/app/src/test/kotlin', not found
file or directory '/app/applet/app/src/testDebug/kotlin', not found
file or directory '/app/applet/app/src/testDebug/java', not found
file or directory '/app/applet/app/src/testDebug/java', not found
file or directory '/app/applet/app/src/debugUnitTest/kotlin', not found
file or directory '/app/applet/app/src/test/kotlin', not found
file or directory '/app/applet/app/src/debugUnitTest/kotlin', not found
file or directory '/app/applet/app/src/test/kotlin', not found
file or directory '/app/applet/app/src/testDebug/kotlin', not found
file or directory '/app/applet/app/src/testDebug/java', not found
file or directory '/app/applet/app/src/testDebug/java', not found
file or directory '/app/applet/app/src/debugUnitTest/kotlin', not found
file or directory '/app/applet/app/src/test/kotlin', not found
file or directory '/app/applet/app/src/testDebug/kotlin', not found
file or directory '/app/applet/app/src/testDebug/java', not found
file or directory '/app/applet/app/src/testDebug/java', not found
file or directory '/app/applet/app/src/debugUnitTest/kotlin', not found
file or directory '/app/applet/app/src/test/kotlin', not found
file or directory '/app/applet/app/src/testDebug/kotlin', not found
file or directory '/app/applet/app/src/testDebug/java', not found
file or directory '/app/applet/app/src/testDebug/java', not found
Kotlin source files: /app/applet/app/src/test/java/com/example/ai/tflite/ModelVerificationTest.kt
Java source files: 
Script source files: 
Script file extensions: 
[KOTLIN] Kotlin compilation 'jdkHome' argument: null
i: [ksp] loaded provider(s): [androidx.room.RoomKspProcessor$Provider]
Finished executing kotlin compiler using DAEMON strategy
Resolve mutations for :app:compileDebugUnitTestKotlin (Thread[#429,Execution worker Thread 2,5,main]) started.
:app:compileDebugUnitTestKotlin (Thread[#429,Execution worker Thread 2,5,main]) started.

> Task :app:compileDebugUnitTestKotlin
Caching disabled for task ':app:compileDebugUnitTestKotlin' because:
  Build cache is disabled
Task ':app:compileDebugUnitTestKotlin' is not up-to-date because:
  Executed with '--rerun-tasks'.
The input changes require a full rebuild for incremental task ':app:compileDebugUnitTestKotlin'.
file or directory '/app/applet/app/src/debugUnitTest/kotlin', not found
file or directory '/app/applet/app/build/generated/ksp/debugUnitTest/java', not found
file or directory '/app/applet/app/src/test/kotlin', not found
file or directory '/app/applet/app/src/test/kotlin', not found
file or directory '/app/applet/app/src/test/kotlin', not found
file or directory '/app/applet/app/src/testDebug/kotlin', not found
file or directory '/app/applet/app/src/testDebug/java', not found
file or directory '/app/applet/app/src/testDebug/kotlin', not found
file or directory '/app/applet/app/src/testDebug/kotlin', not found
file or directory '/app/applet/app/src/testDebug/java', not found
file or directory '/app/applet/app/src/testDebug/java', not found
file or directory '/app/applet/app/build/generated/ksp/debugUnitTest/java', not found
file or directory '/app/applet/app/src/debugUnitTest/kotlin', not found
file or directory '/app/applet/app/build/generated/ksp/debugUnitTest/java', not found
file or directory '/app/applet/app/src/test/kotlin', not found
file or directory '/app/applet/app/src/debugUnitTest/kotlin', not found
file or directory '/app/applet/app/build/generated/ksp/debugUnitTest/java', not found
file or directory '/app/applet/app/src/test/kotlin', not found
file or directory '/app/applet/app/src/test/kotlin', not found
file or directory '/app/applet/app/src/test/kotlin', not found
file or directory '/app/applet/app/src/testDebug/kotlin', not found
file or directory '/app/applet/app/src/testDebug/java', not found
file or directory '/app/applet/app/src/testDebug/kotlin', not found
file or directory '/app/applet/app/src/testDebug/kotlin', not found
file or directory '/app/applet/app/src/testDebug/java', not found
file or directory '/app/applet/app/src/testDebug/java', not found
file or directory '/app/applet/app/build/generated/ksp/debugUnitTest/java', not found
file or directory '/app/applet/app/src/debugUnitTest/kotlin', not found
file or directory '/app/applet/app/build/generated/ksp/debugUnitTest/java', not found
file or directory '/app/applet/app/src/test/kotlin', not found
file or directory '/app/applet/app/src/test/kotlin', not found
file or directory '/app/applet/app/src/test/kotlin', not found
file or directory '/app/applet/app/src/testDebug/kotlin', not found
file or directory '/app/applet/app/src/testDebug/java', not found
file or directory '/app/applet/app/src/testDebug/kotlin', not found
file or directory '/app/applet/app/src/testDebug/kotlin', not found
file or directory '/app/applet/app/src/testDebug/java', not found
file or directory '/app/applet/app/src/testDebug/java', not found
file or directory '/app/applet/app/build/generated/ksp/debugUnitTest/java', not found
file or directory '/app/applet/app/src/debugUnitTest/kotlin', not found
file or directory '/app/applet/app/build/generated/ksp/debugUnitTest/java', not found
file or directory '/app/applet/app/src/test/kotlin', not found
file or directory '/app/applet/app/src/test/kotlin', not found
file or directory '/app/applet/app/src/test/kotlin', not found
file or directory '/app/applet/app/src/testDebug/kotlin', not found
file or directory '/app/applet/app/src/testDebug/java', not found
file or directory '/app/applet/app/src/testDebug/kotlin', not found
file or directory '/app/applet/app/src/testDebug/kotlin', not found
file or directory '/app/applet/app/src/testDebug/java', not found
file or directory '/app/applet/app/src/testDebug/java', not found
file or directory '/app/applet/app/build/generated/ksp/debugUnitTest/java', not found
Kotlin source files: /app/applet/app/src/test/java/com/example/ai/tflite/ModelVerificationTest.kt
Java source files: 
Script source files: 
Script file extensions: 
Using Kotlin/JVM incremental compilation
[KOTLIN] Kotlin compilation 'jdkHome' argument: null
Options for KOTLIN DAEMON: IncrementalCompilationOptions(super=CompilationOptions(compilerMode=INCREMENTAL_COMPILER, targetPlatform=JVM, reportCategories=[0, 3], reportSeverity=2, requestedCompilationResults=[0], kotlinScriptExtensions=[]), areFileChangesKnown=false, modifiedFiles=null, deletedFiles=null, classpathChanges=NotAvailableForNonIncrementalRun, workingDir=/app/applet/app/build/kotlin/compileDebugUnitTestKotlin/cacheable, multiModuleICSettings=MultiModuleICSettings(buildHistoryFile=/app/applet/app/build/kotlin/compileDebugUnitTestKotlin/local-state/build-history.bin, useModuleDetection=true), usePreciseJavaTracking=true, icFeatures=IncrementalCompilationFeatures(withAbiSnapshot=false, preciseCompilationResultsBackup=true, keepIncrementalCompilationCachesInMemory=true, enableUnsafeIncrementalCompilationForMultiplatform=false), outputFiles=[/app/applet/app/build/tmp/kotlin-classes/debugUnitTest, /app/applet/app/build/kotlin/compileDebugUnitTestKotlin/cacheable, /app/applet/app/build/kotlin/compileDebugUnitTestKotlin/local-state])
Finished executing kotlin compiler using DAEMON strategy
Resolve mutations for :app:compileDebugUnitTestJavaWithJavac (Thread[#429,Execution worker Thread 2,5,main]) started.
:app:compileDebugUnitTestJavaWithJavac (Thread[#429,Execution worker Thread 2,5,main]) started.

> Task :app:compileDebugUnitTestJavaWithJavac NO-SOURCE
Skipping task ':app:compileDebugUnitTestJavaWithJavac' as it has no source files and no previous output files.
Resolve mutations for :app:processDebugUnitTestJavaRes (Thread[#429,Execution worker Thread 2,5,main]) started.
:app:processDebugUnitTestJavaRes (Thread[#427,included builds,5,main]) started.

> Task :app:processDebugUnitTestJavaRes
file or directory '/app/applet/app/src/test/resources', not found
file or directory '/app/applet/app/src/testDebug/resources', not found
file or directory '/app/applet/app/build/generated/ksp/debugUnitTest/classes', not found
file or directory '/app/applet/app/build/generated/ksp/debugUnitTest/classes', not found
Caching disabled for task ':app:processDebugUnitTestJavaRes' because:
  Build cache is disabled
  Caching has been disabled for the task
Task ':app:processDebugUnitTestJavaRes' is not up-to-date because:
  Executed with '--rerun-tasks'.
file or directory '/app/applet/app/src/test/resources', not found
file or directory '/app/applet/app/src/testDebug/resources', not found
file or directory '/app/applet/app/build/generated/ksp/debugUnitTest/classes', not found
file or directory '/app/applet/app/build/generated/ksp/debugUnitTest/classes', not found
file or directory '/app/applet/app/src/test/resources', not found
file or directory '/app/applet/app/src/testDebug/resources', not found
file or directory '/app/applet/app/build/generated/ksp/debugUnitTest/resources', not found
Resolve mutations for :app:testDebugUnitTest (Thread[#427,included builds,5,main]) started.
:app:testDebugUnitTest (Thread[#427,included builds,5,main]) started.
Gradle Test Executor 3 started executing tests.

> Task :app:testDebugUnitTest
Caching disabled for task ':app:testDebugUnitTest' because:
  Build cache is disabled
Task ':app:testDebugUnitTest' is not up-to-date because:
  Executed with '--rerun-tasks'.
file or directory '/app/applet/app/build/generated/ksp/debugUnitTest/classes', not found
file or directory '/app/applet/app/build/generated/ksp/debugUnitTest/classes', not found
file or directory '/app/applet/app/build/generated/ksp/debugUnitTest/classes', not found
file or directory '/app/applet/app/build/generated/ksp/debugUnitTest/classes', not found
file or directory '/app/applet/app/build/generated/ksp/debugUnitTest/resources', not found
file or directory '/app/applet/app/build/intermediates/javac/debugUnitTest/compileDebugUnitTestJavaWithJavac/classes', not found
Starting process 'Gradle Test Executor 3'. Working directory: /app/applet/app Command: /usr/lib/jvm/temurin-21-jdk-amd64/bin/java -Djava.awt.headless=true -Djava.library.path=/usr/java/packages/lib:/usr/lib64:/lib64:/lib:/usr/lib:/app/applet/app/src/testDebug/jniLibs:/app/applet/app/src/test/jniLibs -Dorg.gradle.internal.worker.tmpdir=/app/applet/app/build/tmp/testDebugUnitTest/work --add-opens=java.base/java.io=ALL-UNNAMED @/opt/gradle/.gradle/.tmp/gradle-worker-classpath4018397882445228647txt -Xmx512m -Dfile.encoding=UTF-8 -Duser.country=US -Duser.language=en -Duser.variant -ea worker.org.gradle.process.internal.worker.GradleWorkerMain 'Gradle Test Executor 3'
Successfully started process 'Gradle Test Executor 3'

Gradle Test Executor 3 STANDARD_OUT
    WARNING: No manifest file found at ./AndroidManifest.xml.
    Falling back to the Android OS resources only.
    To remove this warning, annotate your test class with @Config(manifest=Config.NONE).
    If you're using Android Gradle Plugin, add testOptions.unitTests.includeAndroidResources = true to your build.gradle

ModelVerificationTest > verifyModelsLoaded STANDARD_OUT
    === MODEL INTEGRITY REPORT ===
    MobileFaceNet Size: 6800040
    MiniFASNet Size: 25060
    ==============================

ModelVerificationTest > verifyModelsLoaded STANDARD_ERROR
    java.io.FileNotFoundException: mobilefacenet_05x_widened_int8_final.tflite
    	at org.robolectric.shadows.ShadowArscAssetManager.openAssetFd(ShadowArscAssetManager.java:401)
    	at android.content.res.AssetManager.openAssetFd(AssetManager.java)
    	at android.content.res.AssetManager.openFd(AssetManager.java:329)
    	at org.tensorflow.lite.support.common.FileUtil.loadMappedFile(FileUtil.java:162)
    	at com.example.ai.tflite.MobileFaceNetEngine.initialize(MobileFaceNetEngine.kt:22)
    	at com.example.ai.tflite.ModelVerificationTest.verifyModelsLoaded(ModelVerificationTest.kt:51)
    	at java.base/jdk.internal.reflect.DirectMethodHandleAccessor.invoke(DirectMethodHandleAccessor.java:103)
    	at org.junit.runners.model.FrameworkMethod$1.runReflectiveCall(FrameworkMethod.java:59)
    	at org.junit.internal.runners.model.ReflectiveCallable.run(ReflectiveCallable.java:12)
    	at org.junit.runners.model.FrameworkMethod.invokeExplosively(FrameworkMethod.java:56)
    	at org.junit.internal.runners.statements.InvokeMethod.evaluate(InvokeMethod.java:17)
    	at org.junit.internal.runners.statements.RunBefores.evaluate(RunBefores.java:26)
    	at org.junit.runners.ParentRunner$3.evaluate(ParentRunner.java:306)
    	at org.robolectric.RobolectricTestRunner$HelperTestRunner$1.evaluate(RobolectricTestRunner.java:502)
    	at org.robolectric.internal.SandboxTestRunner$2.lambda$evaluate$2(SandboxTestRunner.java:285)
    	at org.robolectric.internal.bytecode.Sandbox.lambda$runOnMainThread$0(Sandbox.java:104)
    	at java.base/java.util.concurrent.FutureTask.run(FutureTask.java:317)
    	at java.base/java.util.concurrent.ThreadPoolExecutor.runWorker(ThreadPoolExecutor.java:1144)
    	at java.base/java.util.concurrent.ThreadPoolExecutor$Worker.run(ThreadPoolExecutor.java:642)
    	at java.base/java.lang.Thread.run(Thread.java:1583)

ModelVerificationTest > verifyModelsLoaded STANDARD_OUT
    Testing MobileFaceNet inference...
    MobileFaceNet inference failed: mobilefacenet_05x_widened_int8_final.tflite is missing or failed to initialize.

ModelVerificationTest > verifyModelsLoaded STANDARD_ERROR
    com.example.ai.tflite.ModelNotAvailableException: mobilefacenet_05x_widened_int8_final.tflite is missing or failed to initialize.
    	at com.example.ai.tflite.MobileFaceNetEngine.extractEmbedding(MobileFaceNetEngine.kt:35)
    	at com.example.ai.tflite.ModelVerificationTest.verifyModelsLoaded(ModelVerificationTest.kt:54)
    	at java.base/jdk.internal.reflect.DirectMethodHandleAccessor.invoke(DirectMethodHandleAccessor.java:103)
    	at java.base/java.lang.reflect.Method.invoke(Method.java:580)
    	at org.junit.runners.model.FrameworkMethod$1.runReflectiveCall(FrameworkMethod.java:59)
    	at org.junit.internal.runners.model.ReflectiveCallable.run(ReflectiveCallable.java:12)
    	at org.junit.runners.model.FrameworkMethod.invokeExplosively(FrameworkMethod.java:56)
    	at org.junit.internal.runners.statements.InvokeMethod.evaluate(InvokeMethod.java:17)
    	at org.junit.internal.runners.statements.RunBefores.evaluate(RunBefores.java:26)
    	at org.junit.runners.ParentRunner$3.evaluate(ParentRunner.java:306)
    	at org.robolectric.RobolectricTestRunner$HelperTestRunner$1.evaluate(RobolectricTestRunner.java:502)
    	at org.robolectric.internal.SandboxTestRunner$2.lambda$evaluate$2(SandboxTestRunner.java:285)
    	at org.robolectric.internal.bytecode.Sandbox.lambda$runOnMainThread$0(Sandbox.java:104)
    	at java.base/java.util.concurrent.FutureTask.run(FutureTask.java:317)
    	at java.base/java.util.concurrent.ThreadPoolExecutor.runWorker(ThreadPoolExecutor.java:1144)
    	at java.base/java.util.concurrent.ThreadPoolExecutor$Worker.run(ThreadPoolExecutor.java:642)
    	at java.base/java.lang.Thread.run(Thread.java:1583)
    java.io.FileNotFoundException: minifasnet_v2_widened_int8_final.tflite
    	at org.robolectric.shadows.ShadowArscAssetManager.openAssetFd(ShadowArscAssetManager.java:401)
    	at android.content.res.AssetManager.openAssetFd(AssetManager.java)
    	at android.content.res.AssetManager.openFd(AssetManager.java:329)
    	at org.tensorflow.lite.support.common.FileUtil.loadMappedFile(FileUtil.java:162)
    	at com.example.ai.tflite.SilentFaceEngine.initialize(SilentFaceEngine.kt:20)
    	at com.example.ai.tflite.ModelVerificationTest.verifyModelsLoaded(ModelVerificationTest.kt:63)
    	at java.base/jdk.internal.reflect.DirectMethodHandleAccessor.invoke(DirectMethodHandleAccessor.java:103)
    	at org.junit.runners.model.FrameworkMethod$1.runReflectiveCall(FrameworkMethod.java:59)
    	at org.junit.internal.runners.model.ReflectiveCallable.run(ReflectiveCallable.java:12)
    	at org.junit.runners.model.FrameworkMethod.invokeExplosively(FrameworkMethod.java:56)
    	at org.junit.internal.runners.statements.InvokeMethod.evaluate(InvokeMethod.java:17)
    	at org.junit.internal.runners.statements.RunBefores.evaluate(RunBefores.java:26)
    	at org.junit.runners.ParentRunner$3.evaluate(ParentRunner.java:306)
    	at org.robolectric.RobolectricTestRunner$HelperTestRunner$1.evaluate(RobolectricTestRunner.java:502)
    	at org.robolectric.internal.SandboxTestRunner$2.lambda$evaluate$2(SandboxTestRunner.java:285)
    	at org.robolectric.internal.bytecode.Sandbox.lambda$runOnMainThread$0(Sandbox.java:104)
    	at java.base/java.util.concurrent.FutureTask.run(FutureTask.java:317)
    	at java.base/java.util.concurrent.ThreadPoolExecutor.runWorker(ThreadPoolExecutor.java:1144)
    	at java.base/java.util.concurrent.ThreadPoolExecutor$Worker.run(ThreadPoolExecutor.java:642)
    	at java.base/java.lang.Thread.run(Thread.java:1583)

ModelVerificationTest > verifyModelsLoaded STANDARD_OUT
    Testing SilentFace inference...
    SilentFace inference failed: minifasnet_v2_widened_int8_final.tflite is missing or failed to initialize.

ModelVerificationTest > verifyModelsLoaded STANDARD_ERROR
    com.example.ai.tflite.LivenessModelUnavailableException: minifasnet_v2_widened_int8_final.tflite is missing or failed to initialize.
    	at com.example.ai.tflite.SilentFaceEngine.analyzeLiveness(SilentFaceEngine.kt:33)
    	at com.example.ai.tflite.ModelVerificationTest.verifyModelsLoaded(ModelVerificationTest.kt:66)
    	at java.base/jdk.internal.reflect.DirectMethodHandleAccessor.invoke(DirectMethodHandleAccessor.java:103)
    	at java.base/java.lang.reflect.Method.invoke(Method.java:580)
    	at org.junit.runners.model.FrameworkMethod$1.runReflectiveCall(FrameworkMethod.java:59)
    	at org.junit.internal.runners.model.ReflectiveCallable.run(ReflectiveCallable.java:12)
    	at org.junit.runners.model.FrameworkMethod.invokeExplosively(FrameworkMethod.java:56)
    	at org.junit.internal.runners.statements.InvokeMethod.evaluate(InvokeMethod.java:17)
    	at org.junit.internal.runners.statements.RunBefores.evaluate(RunBefores.java:26)
    	at org.junit.runners.ParentRunner$3.evaluate(ParentRunner.java:306)
    	at org.robolectric.RobolectricTestRunner$HelperTestRunner$1.evaluate(RobolectricTestRunner.java:502)
    	at org.robolectric.internal.SandboxTestRunner$2.lambda$evaluate$2(SandboxTestRunner.java:285)
    	at org.robolectric.internal.bytecode.Sandbox.lambda$runOnMainThread$0(Sandbox.java:104)
    	at java.base/java.util.concurrent.FutureTask.run(FutureTask.java:317)
    	at java.base/java.util.concurrent.ThreadPoolExecutor.runWorker(ThreadPoolExecutor.java:1144)
    	at java.base/java.util.concurrent.ThreadPoolExecutor$Worker.run(ThreadPoolExecutor.java:642)
    	at java.base/java.lang.Thread.run(Thread.java:1583)

Gradle Test Executor 3 finished executing tests.

> Task :app:testDebugUnitTest
Generating HTML test report...
Finished generating test html results (0.005 secs) into: /app/applet/app/build/reports/tests/testDebugUnitTest
Finished generating test XML results (0.001 secs) into: /app/applet/app/build/test-results/testDebugUnitTest
AAPT2 aapt2-8.8.0-12006047-linux Daemon #0: shutdown

[Incubating] Problems report is available at: file:///app/applet/build/reports/problems/problems-report.html

Deprecated Gradle features were used in this build, making it incompatible with Gradle 10.

You can use '--warning-mode all' to show the individual deprecation warnings and determine if they come from your own scripts or plugins.

For more on this, please refer to https://docs.gradle.org/9.3.1/userguide/command_line_interface.html#sec:command_line_warnings in the Gradle documentation.

BUILD SUCCESSFUL in 22s
25 actionable tasks: 25 executed
Consider enabling configuration cache to speed up this build: https://docs.gradle.org/9.3.1/userguide/configuration_cache_enabling.html
